CRITICAL - 2022-08-22 08:40:29 --> Undefined variable $verificar
in APPPATH\Controllers\FuncionariosController.php on line 62.
 1 APPPATH\Controllers\FuncionariosController.php(62): CodeIgniter\Debug\Exceptions->errorHandler(2, 'Undefined variable $verificar', 'APPPATH\\Controllers\\FuncionariosController.php', 62)
 2 SYSTEMPATH\CodeIgniter.php(898): App\Controllers\FuncionariosController->salvar()
 3 SYSTEMPATH\CodeIgniter.php(457): CodeIgniter\CodeIgniter->runController(Object(App\Controllers\FuncionariosController))
 4 SYSTEMPATH\CodeIgniter.php(340): CodeIgniter\CodeIgniter->handleRequest(null, Object(Config\Cache), false)
 5 FCPATH\index.php(67): CodeIgniter\CodeIgniter->run()
 6 SYSTEMPATH\Commands\Server\rewrite.php(43): require_once('FCPATH\\index.php')
CRITICAL - 2022-08-22 09:12:21 --> Undefined variable $verificar
in APPPATH\Controllers\FuncionariosController.php on line 62.
 1 APPPATH\Controllers\FuncionariosController.php(62): CodeIgniter\Debug\Exceptions->errorHandler(2, 'Undefined variable $verificar', 'APPPATH\\Controllers\\FuncionariosController.php', 62)
 2 SYSTEMPATH\CodeIgniter.php(898): App\Controllers\FuncionariosController->salvar()
 3 SYSTEMPATH\CodeIgniter.php(457): CodeIgniter\CodeIgniter->runController(Object(App\Controllers\FuncionariosController))
 4 SYSTEMPATH\CodeIgniter.php(340): CodeIgniter\CodeIgniter->handleRequest(null, Object(Config\Cache), false)
 5 FCPATH\index.php(67): CodeIgniter\CodeIgniter->run()
 6 SYSTEMPATH\Commands\Server\rewrite.php(43): require_once('FCPATH\\index.php')
CRITICAL - 2022-08-22 09:12:40 --> Undefined variable $verificar
in APPPATH\Controllers\FuncionariosController.php on line 62.
 1 APPPATH\Controllers\FuncionariosController.php(62): CodeIgniter\Debug\Exceptions->errorHandler(2, 'Undefined variable $verificar', 'APPPATH\\Controllers\\FuncionariosController.php', 62)
 2 SYSTEMPATH\CodeIgniter.php(898): App\Controllers\FuncionariosController->salvar()
 3 SYSTEMPATH\CodeIgniter.php(457): CodeIgniter\CodeIgniter->runController(Object(App\Controllers\FuncionariosController))
 4 SYSTEMPATH\CodeIgniter.php(340): CodeIgniter\CodeIgniter->handleRequest(null, Object(Config\Cache), false)
 5 FCPATH\index.php(67): CodeIgniter\CodeIgniter->run()
 6 SYSTEMPATH\Commands\Server\rewrite.php(43): require_once('FCPATH\\index.php')
CRITICAL - 2022-08-22 09:12:41 --> Undefined variable $verificar
in APPPATH\Controllers\FuncionariosController.php on line 62.
 1 APPPATH\Controllers\FuncionariosController.php(62): CodeIgniter\Debug\Exceptions->errorHandler(2, 'Undefined variable $verificar', 'APPPATH\\Controllers\\FuncionariosController.php', 62)
 2 SYSTEMPATH\CodeIgniter.php(898): App\Controllers\FuncionariosController->salvar()
 3 SYSTEMPATH\CodeIgniter.php(457): CodeIgniter\CodeIgniter->runController(Object(App\Controllers\FuncionariosController))
 4 SYSTEMPATH\CodeIgniter.php(340): CodeIgniter\CodeIgniter->handleRequest(null, Object(Config\Cache), false)
 5 FCPATH\index.php(67): CodeIgniter\CodeIgniter->run()
 6 SYSTEMPATH\Commands\Server\rewrite.php(43): require_once('FCPATH\\index.php')
CRITICAL - 2022-08-22 09:12:41 --> Undefined variable $verificar
in APPPATH\Controllers\FuncionariosController.php on line 62.
 1 APPPATH\Controllers\FuncionariosController.php(62): CodeIgniter\Debug\Exceptions->errorHandler(2, 'Undefined variable $verificar', 'APPPATH\\Controllers\\FuncionariosController.php', 62)
 2 SYSTEMPATH\CodeIgniter.php(898): App\Controllers\FuncionariosController->salvar()
 3 SYSTEMPATH\CodeIgniter.php(457): CodeIgniter\CodeIgniter->runController(Object(App\Controllers\FuncionariosController))
 4 SYSTEMPATH\CodeIgniter.php(340): CodeIgniter\CodeIgniter->handleRequest(null, Object(Config\Cache), false)
 5 FCPATH\index.php(67): CodeIgniter\CodeIgniter->run()
 6 SYSTEMPATH\Commands\Server\rewrite.php(43): require_once('FCPATH\\index.php')
CRITICAL - 2022-08-22 09:12:41 --> Undefined variable $verificar
in APPPATH\Controllers\FuncionariosController.php on line 62.
 1 APPPATH\Controllers\FuncionariosController.php(62): CodeIgniter\Debug\Exceptions->errorHandler(2, 'Undefined variable $verificar', 'APPPATH\\Controllers\\FuncionariosController.php', 62)
 2 SYSTEMPATH\CodeIgniter.php(898): App\Controllers\FuncionariosController->salvar()
 3 SYSTEMPATH\CodeIgniter.php(457): CodeIgniter\CodeIgniter->runController(Object(App\Controllers\FuncionariosController))
 4 SYSTEMPATH\CodeIgniter.php(340): CodeIgniter\CodeIgniter->handleRequest(null, Object(Config\Cache), false)
 5 FCPATH\index.php(67): CodeIgniter\CodeIgniter->run()
 6 SYSTEMPATH\Commands\Server\rewrite.php(43): require_once('FCPATH\\index.php')
CRITICAL - 2022-08-22 09:12:42 --> Undefined variable $verificar
in APPPATH\Controllers\FuncionariosController.php on line 62.
 1 APPPATH\Controllers\FuncionariosController.php(62): CodeIgniter\Debug\Exceptions->errorHandler(2, 'Undefined variable $verificar', 'APPPATH\\Controllers\\FuncionariosController.php', 62)
 2 SYSTEMPATH\CodeIgniter.php(898): App\Controllers\FuncionariosController->salvar()
 3 SYSTEMPATH\CodeIgniter.php(457): CodeIgniter\CodeIgniter->runController(Object(App\Controllers\FuncionariosController))
 4 SYSTEMPATH\CodeIgniter.php(340): CodeIgniter\CodeIgniter->handleRequest(null, Object(Config\Cache), false)
 5 FCPATH\index.php(67): CodeIgniter\CodeIgniter->run()
 6 SYSTEMPATH\Commands\Server\rewrite.php(43): require_once('FCPATH\\index.php')
CRITICAL - 2022-08-22 09:12:42 --> Undefined variable $verificar
in APPPATH\Controllers\FuncionariosController.php on line 62.
 1 APPPATH\Controllers\FuncionariosController.php(62): CodeIgniter\Debug\Exceptions->errorHandler(2, 'Undefined variable $verificar', 'APPPATH\\Controllers\\FuncionariosController.php', 62)
 2 SYSTEMPATH\CodeIgniter.php(898): App\Controllers\FuncionariosController->salvar()
 3 SYSTEMPATH\CodeIgniter.php(457): CodeIgniter\CodeIgniter->runController(Object(App\Controllers\FuncionariosController))
 4 SYSTEMPATH\CodeIgniter.php(340): CodeIgniter\CodeIgniter->handleRequest(null, Object(Config\Cache), false)
 5 FCPATH\index.php(67): CodeIgniter\CodeIgniter->run()
 6 SYSTEMPATH\Commands\Server\rewrite.php(43): require_once('FCPATH\\index.php')
CRITICAL - 2022-08-22 09:12:42 --> Undefined variable $verificar
in APPPATH\Controllers\FuncionariosController.php on line 62.
 1 APPPATH\Controllers\FuncionariosController.php(62): CodeIgniter\Debug\Exceptions->errorHandler(2, 'Undefined variable $verificar', 'APPPATH\\Controllers\\FuncionariosController.php', 62)
 2 SYSTEMPATH\CodeIgniter.php(898): App\Controllers\FuncionariosController->salvar()
 3 SYSTEMPATH\CodeIgniter.php(457): CodeIgniter\CodeIgniter->runController(Object(App\Controllers\FuncionariosController))
 4 SYSTEMPATH\CodeIgniter.php(340): CodeIgniter\CodeIgniter->handleRequest(null, Object(Config\Cache), false)
 5 FCPATH\index.php(67): CodeIgniter\CodeIgniter->run()
 6 SYSTEMPATH\Commands\Server\rewrite.php(43): require_once('FCPATH\\index.php')
CRITICAL - 2022-08-22 09:12:42 --> Undefined variable $verificar
in APPPATH\Controllers\FuncionariosController.php on line 62.
 1 APPPATH\Controllers\FuncionariosController.php(62): CodeIgniter\Debug\Exceptions->errorHandler(2, 'Undefined variable $verificar', 'APPPATH\\Controllers\\FuncionariosController.php', 62)
 2 SYSTEMPATH\CodeIgniter.php(898): App\Controllers\FuncionariosController->salvar()
 3 SYSTEMPATH\CodeIgniter.php(457): CodeIgniter\CodeIgniter->runController(Object(App\Controllers\FuncionariosController))
 4 SYSTEMPATH\CodeIgniter.php(340): CodeIgniter\CodeIgniter->handleRequest(null, Object(Config\Cache), false)
 5 FCPATH\index.php(67): CodeIgniter\CodeIgniter->run()
 6 SYSTEMPATH\Commands\Server\rewrite.php(43): require_once('FCPATH\\index.php')
CRITICAL - 2022-08-22 09:12:43 --> Undefined variable $verificar
in APPPATH\Controllers\FuncionariosController.php on line 62.
 1 APPPATH\Controllers\FuncionariosController.php(62): CodeIgniter\Debug\Exceptions->errorHandler(2, 'Undefined variable $verificar', 'APPPATH\\Controllers\\FuncionariosController.php', 62)
 2 SYSTEMPATH\CodeIgniter.php(898): App\Controllers\FuncionariosController->salvar()
 3 SYSTEMPATH\CodeIgniter.php(457): CodeIgniter\CodeIgniter->runController(Object(App\Controllers\FuncionariosController))
 4 SYSTEMPATH\CodeIgniter.php(340): CodeIgniter\CodeIgniter->handleRequest(null, Object(Config\Cache), false)
 5 FCPATH\index.php(67): CodeIgniter\CodeIgniter->run()
 6 SYSTEMPATH\Commands\Server\rewrite.php(43): require_once('FCPATH\\index.php')
CRITICAL - 2022-08-22 09:12:43 --> Undefined variable $verificar
in APPPATH\Controllers\FuncionariosController.php on line 62.
 1 APPPATH\Controllers\FuncionariosController.php(62): CodeIgniter\Debug\Exceptions->errorHandler(2, 'Undefined variable $verificar', 'APPPATH\\Controllers\\FuncionariosController.php', 62)
 2 SYSTEMPATH\CodeIgniter.php(898): App\Controllers\FuncionariosController->salvar()
 3 SYSTEMPATH\CodeIgniter.php(457): CodeIgniter\CodeIgniter->runController(Object(App\Controllers\FuncionariosController))
 4 SYSTEMPATH\CodeIgniter.php(340): CodeIgniter\CodeIgniter->handleRequest(null, Object(Config\Cache), false)
 5 FCPATH\index.php(67): CodeIgniter\CodeIgniter->run()
 6 SYSTEMPATH\Commands\Server\rewrite.php(43): require_once('FCPATH\\index.php')
CRITICAL - 2022-08-22 09:12:44 --> Undefined variable $verificar
in APPPATH\Controllers\FuncionariosController.php on line 62.
 1 APPPATH\Controllers\FuncionariosController.php(62): CodeIgniter\Debug\Exceptions->errorHandler(2, 'Undefined variable $verificar', 'APPPATH\\Controllers\\FuncionariosController.php', 62)
 2 SYSTEMPATH\CodeIgniter.php(898): App\Controllers\FuncionariosController->salvar()
 3 SYSTEMPATH\CodeIgniter.php(457): CodeIgniter\CodeIgniter->runController(Object(App\Controllers\FuncionariosController))
 4 SYSTEMPATH\CodeIgniter.php(340): CodeIgniter\CodeIgniter->handleRequest(null, Object(Config\Cache), false)
 5 FCPATH\index.php(67): CodeIgniter\CodeIgniter->run()
 6 SYSTEMPATH\Commands\Server\rewrite.php(43): require_once('FCPATH\\index.php')
CRITICAL - 2022-08-22 09:28:58 --> Maximum execution time of 60 seconds exceeded
in SYSTEMPATH\Debug\Toolbar\Collectors\Config.php on line 42.
 1 [internal function]: CodeIgniter\Debug\Exceptions->shutdownHandler()
CRITICAL - 2022-08-22 09:31:55 --> Undefined variable $verificar
in APPPATH\Controllers\FuncionariosController.php on line 62.
 1 APPPATH\Controllers\FuncionariosController.php(62): CodeIgniter\Debug\Exceptions->errorHandler(2, 'Undefined variable $verificar', 'APPPATH\\Controllers\\FuncionariosController.php', 62)
 2 SYSTEMPATH\CodeIgniter.php(898): App\Controllers\FuncionariosController->salvar()
 3 SYSTEMPATH\CodeIgniter.php(457): CodeIgniter\CodeIgniter->runController(Object(App\Controllers\FuncionariosController))
 4 SYSTEMPATH\CodeIgniter.php(340): CodeIgniter\CodeIgniter->handleRequest(null, Object(Config\Cache), false)
 5 FCPATH\index.php(67): CodeIgniter\CodeIgniter->run()
 6 SYSTEMPATH\Commands\Server\rewrite.php(43): require_once('FCPATH\\index.php')
CRITICAL - 2022-08-22 09:33:32 --> Undefined variable $verificar
in APPPATH\Controllers\FuncionariosController.php on line 62.
 1 APPPATH\Controllers\FuncionariosController.php(62): CodeIgniter\Debug\Exceptions->errorHandler(2, 'Undefined variable $verificar', 'APPPATH\\Controllers\\FuncionariosController.php', 62)
 2 SYSTEMPATH\CodeIgniter.php(898): App\Controllers\FuncionariosController->salvar()
 3 SYSTEMPATH\CodeIgniter.php(457): CodeIgniter\CodeIgniter->runController(Object(App\Controllers\FuncionariosController))
 4 SYSTEMPATH\CodeIgniter.php(340): CodeIgniter\CodeIgniter->handleRequest(null, Object(Config\Cache), false)
 5 FCPATH\index.php(67): CodeIgniter\CodeIgniter->run()
 6 SYSTEMPATH\Commands\Server\rewrite.php(43): require_once('FCPATH\\index.php')
CRITICAL - 2022-08-22 09:33:33 --> Undefined variable $verificar
in APPPATH\Controllers\FuncionariosController.php on line 62.
 1 APPPATH\Controllers\FuncionariosController.php(62): CodeIgniter\Debug\Exceptions->errorHandler(2, 'Undefined variable $verificar', 'APPPATH\\Controllers\\FuncionariosController.php', 62)
 2 SYSTEMPATH\CodeIgniter.php(898): App\Controllers\FuncionariosController->salvar()
 3 SYSTEMPATH\CodeIgniter.php(457): CodeIgniter\CodeIgniter->runController(Object(App\Controllers\FuncionariosController))
 4 SYSTEMPATH\CodeIgniter.php(340): CodeIgniter\CodeIgniter->handleRequest(null, Object(Config\Cache), false)
 5 FCPATH\index.php(67): CodeIgniter\CodeIgniter->run()
 6 SYSTEMPATH\Commands\Server\rewrite.php(43): require_once('FCPATH\\index.php')
CRITICAL - 2022-08-22 09:33:33 --> Undefined variable $verificar
in APPPATH\Controllers\FuncionariosController.php on line 62.
 1 APPPATH\Controllers\FuncionariosController.php(62): CodeIgniter\Debug\Exceptions->errorHandler(2, 'Undefined variable $verificar', 'APPPATH\\Controllers\\FuncionariosController.php', 62)
 2 SYSTEMPATH\CodeIgniter.php(898): App\Controllers\FuncionariosController->salvar()
 3 SYSTEMPATH\CodeIgniter.php(457): CodeIgniter\CodeIgniter->runController(Object(App\Controllers\FuncionariosController))
 4 SYSTEMPATH\CodeIgniter.php(340): CodeIgniter\CodeIgniter->handleRequest(null, Object(Config\Cache), false)
 5 FCPATH\index.php(67): CodeIgniter\CodeIgniter->run()
 6 SYSTEMPATH\Commands\Server\rewrite.php(43): require_once('FCPATH\\index.php')
CRITICAL - 2022-08-22 09:33:34 --> Undefined variable $verificar
in APPPATH\Controllers\FuncionariosController.php on line 62.
 1 APPPATH\Controllers\FuncionariosController.php(62): CodeIgniter\Debug\Exceptions->errorHandler(2, 'Undefined variable $verificar', 'APPPATH\\Controllers\\FuncionariosController.php', 62)
 2 SYSTEMPATH\CodeIgniter.php(898): App\Controllers\FuncionariosController->salvar()
 3 SYSTEMPATH\CodeIgniter.php(457): CodeIgniter\CodeIgniter->runController(Object(App\Controllers\FuncionariosController))
 4 SYSTEMPATH\CodeIgniter.php(340): CodeIgniter\CodeIgniter->handleRequest(null, Object(Config\Cache), false)
 5 FCPATH\index.php(67): CodeIgniter\CodeIgniter->run()
 6 SYSTEMPATH\Commands\Server\rewrite.php(43): require_once('FCPATH\\index.php')
CRITICAL - 2022-08-22 10:08:13 --> Undefined constant "App\Controllers\funcionarioModel"
in APPPATH\Controllers\FuncionariosController.php on line 65.
 1 SYSTEMPATH\CodeIgniter.php(898): App\Controllers\FuncionariosController->salvar()
 2 SYSTEMPATH\CodeIgniter.php(457): CodeIgniter\CodeIgniter->runController(Object(App\Controllers\FuncionariosController))
 3 SYSTEMPATH\CodeIgniter.php(340): CodeIgniter\CodeIgniter->handleRequest(null, Object(Config\Cache), false)
 4 FCPATH\index.php(67): CodeIgniter\CodeIgniter->run()
 5 SYSTEMPATH\Commands\Server\rewrite.php(43): require_once('FCPATH\\index.php')
CRITICAL - 2022-08-22 10:14:02 --> Undefined variable $funcionarioModel
in APPPATH\Controllers\FuncionariosController.php on line 63.
 1 APPPATH\Controllers\FuncionariosController.php(63): CodeIgniter\Debug\Exceptions->errorHandler(2, 'Undefined variable $funcionarioModel', 'APPPATH\\Controllers\\FuncionariosController.php', 63)
 2 SYSTEMPATH\CodeIgniter.php(898): App\Controllers\FuncionariosController->salvar()
 3 SYSTEMPATH\CodeIgniter.php(457): CodeIgniter\CodeIgniter->runController(Object(App\Controllers\FuncionariosController))
 4 SYSTEMPATH\CodeIgniter.php(340): CodeIgniter\CodeIgniter->handleRequest(null, Object(Config\Cache), false)
 5 FCPATH\index.php(67): CodeIgniter\CodeIgniter->run()
 6 SYSTEMPATH\Commands\Server\rewrite.php(43): require_once('FCPATH\\index.php')
CRITICAL - 2022-08-22 10:15:25 --> Array to string conversion
in APPPATH\Controllers\FuncionariosController.php on line 36.
 1 APPPATH\Controllers\FuncionariosController.php(36): CodeIgniter\Debug\Exceptions->errorHandler(2, 'Array to string conversion', 'APPPATH\\Controllers\\FuncionariosController.php', 36)
 2 SYSTEMPATH\CodeIgniter.php(898): App\Controllers\FuncionariosController->salvar()
 3 SYSTEMPATH\CodeIgniter.php(457): CodeIgniter\CodeIgniter->runController(Object(App\Controllers\FuncionariosController))
 4 SYSTEMPATH\CodeIgniter.php(340): CodeIgniter\CodeIgniter->handleRequest(null, Object(Config\Cache), false)
 5 FCPATH\index.php(67): CodeIgniter\CodeIgniter->run()
 6 SYSTEMPATH\Commands\Server\rewrite.php(43): require_once('FCPATH\\index.php')
CRITICAL - 2022-08-22 10:16:42 --> syntax error, unexpected token "*"
in APPPATH\Controllers\FuncionariosController.php on line 109.
 1 SYSTEMPATH\Autoloader\Autoloader.php(259): CodeIgniter\Autoloader\Autoloader->includeFile('APPPATH\\Controllers\\FuncionariosController.php')
 2 SYSTEMPATH\Autoloader\Autoloader.php(237): CodeIgniter\Autoloader\Autoloader->loadInNamespace('App\\Controllers\\FuncionariosController')
 3 [internal function]: CodeIgniter\Autoloader\Autoloader->loadClass('App\\Controllers\\FuncionariosController')
 4 SYSTEMPATH\CodeIgniter.php(848): class_exists('\\App\\Controllers\\FuncionariosController', true)
 5 SYSTEMPATH\CodeIgniter.php(444): CodeIgniter\CodeIgniter->startController()
 6 SYSTEMPATH\CodeIgniter.php(340): CodeIgniter\CodeIgniter->handleRequest(null, Object(Config\Cache), false)
 7 FCPATH\index.php(67): CodeIgniter\CodeIgniter->run()
 8 SYSTEMPATH\Commands\Server\rewrite.php(43): require_once('FCPATH\\index.php')
CRITICAL - 2022-08-22 10:16:53 --> Undefined variable $funcionarioModel
in APPPATH\Controllers\FuncionariosController.php on line 63.
 1 APPPATH\Controllers\FuncionariosController.php(63): CodeIgniter\Debug\Exceptions->errorHandler(2, 'Undefined variable $funcionarioModel', 'APPPATH\\Controllers\\FuncionariosController.php', 63)
 2 SYSTEMPATH\CodeIgniter.php(898): App\Controllers\FuncionariosController->salvar()
 3 SYSTEMPATH\CodeIgniter.php(457): CodeIgniter\CodeIgniter->runController(Object(App\Controllers\FuncionariosController))
 4 SYSTEMPATH\CodeIgniter.php(340): CodeIgniter\CodeIgniter->handleRequest(null, Object(Config\Cache), false)
 5 FCPATH\index.php(67): CodeIgniter\CodeIgniter->run()
 6 SYSTEMPATH\Commands\Server\rewrite.php(43): require_once('FCPATH\\index.php')
ERROR - 2022-08-22 10:18:53 --> mysqli_sql_exception: Unknown column 'ME292659' in 'where clause' in C:\xampp3\htdocs\OMNIMED\desenvolvimento\comum\Sprint-int01\system\Database\MySQLi\Connection.php:292
Stack trace:
#0 C:\xampp3\htdocs\OMNIMED\desenvolvimento\comum\Sprint-int01\system\Database\MySQLi\Connection.php(292): mysqli->query('SELECT `FUN_PRO...', 0)
#1 C:\xampp3\htdocs\OMNIMED\desenvolvimento\comum\Sprint-int01\system\Database\BaseConnection.php(693): CodeIgniter\Database\MySQLi\Connection->execute('SELECT `FUN_PRO...')
#2 C:\xampp3\htdocs\OMNIMED\desenvolvimento\comum\Sprint-int01\system\Database\BaseConnection.php(620): CodeIgniter\Database\BaseConnection->simpleQuery('SELECT `FUN_PRO...')
#3 C:\xampp3\htdocs\OMNIMED\desenvolvimento\comum\Sprint-int01\app\Models\FuncionariosModel.php(65): CodeIgniter\Database\BaseConnection->query('SELECT `FUN_PRO...')
#4 C:\xampp3\htdocs\OMNIMED\desenvolvimento\comum\Sprint-int01\app\Controllers\FuncionariosController.php(65): App\Models\FuncionariosModel->verificarProntuario('ME292659')
#5 C:\xampp3\htdocs\OMNIMED\desenvolvimento\comum\Sprint-int01\system\CodeIgniter.php(898): App\Controllers\FuncionariosController->salvar()
#6 C:\xampp3\htdocs\OMNIMED\desenvolvimento\comum\Sprint-int01\system\CodeIgniter.php(457): CodeIgniter\CodeIgniter->runController(Object(App\Controllers\FuncionariosController))
#7 C:\xampp3\htdocs\OMNIMED\desenvolvimento\comum\Sprint-int01\system\CodeIgniter.php(340): CodeIgniter\CodeIgniter->handleRequest(NULL, Object(Config\Cache), false)
#8 C:\xampp3\htdocs\OMNIMED\desenvolvimento\comum\Sprint-int01\public\index.php(67): CodeIgniter\CodeIgniter->run()
#9 C:\xampp3\htdocs\OMNIMED\desenvolvimento\comum\Sprint-int01\system\Commands\Server\rewrite.php(43): require_once('C:\\xampp3\\htdoc...')
#10 {main}
CRITICAL - 2022-08-22 10:18:53 --> Unknown column 'ME292659' in 'where clause'
in SYSTEMPATH\Database\MySQLi\Connection.php on line 292.
 1 SYSTEMPATH\Database\MySQLi\Connection.php(292): mysqli->query('SELECT `FUN_PRONTUARIO` FROM `funcionarios` WHERE `FUN_PRONTUARIO` = ME292659', 0)
 2 SYSTEMPATH\Database\BaseConnection.php(693): CodeIgniter\Database\MySQLi\Connection->execute('SELECT `FUN_PRONTUARIO` FROM `funcionarios` WHERE `FUN_PRONTUARIO` = ME292659')
 3 SYSTEMPATH\Database\BaseConnection.php(620): CodeIgniter\Database\BaseConnection->simpleQuery('SELECT `FUN_PRONTUARIO` FROM `funcionarios` WHERE `FUN_PRONTUARIO` = ME292659')
 4 APPPATH\Models\FuncionariosModel.php(65): CodeIgniter\Database\BaseConnection->query('SELECT `FUN_PRONTUARIO` FROM `funcionarios` WHERE `FUN_PRONTUARIO` = ME292659')
 5 APPPATH\Controllers\FuncionariosController.php(65): App\Models\FuncionariosModel->verificarProntuario('ME292659')
 6 SYSTEMPATH\CodeIgniter.php(898): App\Controllers\FuncionariosController->salvar()
 7 SYSTEMPATH\CodeIgniter.php(457): CodeIgniter\CodeIgniter->runController(Object(App\Controllers\FuncionariosController))
 8 SYSTEMPATH\CodeIgniter.php(340): CodeIgniter\CodeIgniter->handleRequest(null, Object(Config\Cache), false)
 9 FCPATH\index.php(67): CodeIgniter\CodeIgniter->run()
10 SYSTEMPATH\Commands\Server\rewrite.php(43): require_once('FCPATH\\index.php')
CRITICAL - 2022-08-22 10:19:41 --> Call to undefined method CodeIgniter\Database\MySQLi\Result::execute()
in APPPATH\Models\FuncionariosModel.php on line 60.
 1 APPPATH\Controllers\FuncionariosController.php(65): App\Models\FuncionariosModel->verificarProntuario('ME839038')
 2 SYSTEMPATH\CodeIgniter.php(898): App\Controllers\FuncionariosController->salvar()
 3 SYSTEMPATH\CodeIgniter.php(457): CodeIgniter\CodeIgniter->runController(Object(App\Controllers\FuncionariosController))
 4 SYSTEMPATH\CodeIgniter.php(340): CodeIgniter\CodeIgniter->handleRequest(null, Object(Config\Cache), false)
 5 FCPATH\index.php(67): CodeIgniter\CodeIgniter->run()
 6 SYSTEMPATH\Commands\Server\rewrite.php(43): require_once('FCPATH\\index.php')
CRITICAL - 2022-08-22 10:20:32 --> Call to undefined method CodeIgniter\Database\MySQLi\Result::execute()
in APPPATH\Models\FuncionariosModel.php on line 62.
 1 APPPATH\Controllers\FuncionariosController.php(65): App\Models\FuncionariosModel->verificarProntuario('ME595563')
 2 SYSTEMPATH\CodeIgniter.php(898): App\Controllers\FuncionariosController->salvar()
 3 SYSTEMPATH\CodeIgniter.php(457): CodeIgniter\CodeIgniter->runController(Object(App\Controllers\FuncionariosController))
 4 SYSTEMPATH\CodeIgniter.php(340): CodeIgniter\CodeIgniter->handleRequest(null, Object(Config\Cache), false)
 5 FCPATH\index.php(67): CodeIgniter\CodeIgniter->run()
 6 SYSTEMPATH\Commands\Server\rewrite.php(43): require_once('FCPATH\\index.php')
CRITICAL - 2022-08-22 10:39:38 --> Object of class CodeIgniter\Database\MySQLi\Result could not be converted to string
in APPPATH\Models\FuncionariosModel.php on line 62.
 1 APPPATH\Controllers\FuncionariosController.php(65): App\Models\FuncionariosModel->verificarProntuario('ME754669')
 2 SYSTEMPATH\CodeIgniter.php(898): App\Controllers\FuncionariosController->salvar()
 3 SYSTEMPATH\CodeIgniter.php(457): CodeIgniter\CodeIgniter->runController(Object(App\Controllers\FuncionariosController))
 4 SYSTEMPATH\CodeIgniter.php(340): CodeIgniter\CodeIgniter->handleRequest(null, Object(Config\Cache), false)
 5 FCPATH\index.php(67): CodeIgniter\CodeIgniter->run()
 6 SYSTEMPATH\Commands\Server\rewrite.php(43): require_once('FCPATH\\index.php')
CRITICAL - 2022-08-22 10:39:51 --> Object of class CodeIgniter\Database\MySQLi\Result could not be converted to string
in APPPATH\Models\FuncionariosModel.php on line 62.
 1 APPPATH\Controllers\FuncionariosController.php(65): App\Models\FuncionariosModel->verificarProntuario('ME441631')
 2 SYSTEMPATH\CodeIgniter.php(898): App\Controllers\FuncionariosController->salvar()
 3 SYSTEMPATH\CodeIgniter.php(457): CodeIgniter\CodeIgniter->runController(Object(App\Controllers\FuncionariosController))
 4 SYSTEMPATH\CodeIgniter.php(340): CodeIgniter\CodeIgniter->handleRequest(null, Object(Config\Cache), false)
 5 FCPATH\index.php(67): CodeIgniter\CodeIgniter->run()
 6 SYSTEMPATH\Commands\Server\rewrite.php(43): require_once('FCPATH\\index.php')
CRITICAL - 2022-08-22 10:40:03 --> Call to undefined method CodeIgniter\Database\MySQLi\Result::execute()
in APPPATH\Models\FuncionariosModel.php on line 62.
 1 APPPATH\Controllers\FuncionariosController.php(65): App\Models\FuncionariosModel->verificarProntuario('ME160835')
 2 SYSTEMPATH\CodeIgniter.php(898): App\Controllers\FuncionariosController->salvar()
 3 SYSTEMPATH\CodeIgniter.php(457): CodeIgniter\CodeIgniter->runController(Object(App\Controllers\FuncionariosController))
 4 SYSTEMPATH\CodeIgniter.php(340): CodeIgniter\CodeIgniter->handleRequest(null, Object(Config\Cache), false)
 5 FCPATH\index.php(67): CodeIgniter\CodeIgniter->run()
 6 SYSTEMPATH\Commands\Server\rewrite.php(43): require_once('FCPATH\\index.php')
CRITICAL - 2022-08-22 10:56:59 --> Call to undefined method CodeIgniter\Database\MySQLi\Result::resultArray()
in APPPATH\Models\FuncionariosModel.php on line 62.
 1 APPPATH\Controllers\FuncionariosController.php(65): App\Models\FuncionariosModel->verificarProntuario('ME123503')
 2 SYSTEMPATH\CodeIgniter.php(898): App\Controllers\FuncionariosController->salvar()
 3 SYSTEMPATH\CodeIgniter.php(457): CodeIgniter\CodeIgniter->runController(Object(App\Controllers\FuncionariosController))
 4 SYSTEMPATH\CodeIgniter.php(340): CodeIgniter\CodeIgniter->handleRequest(null, Object(Config\Cache), false)
 5 FCPATH\index.php(67): CodeIgniter\CodeIgniter->run()
 6 SYSTEMPATH\Commands\Server\rewrite.php(43): require_once('FCPATH\\index.php')
CRITICAL - 2022-08-22 10:57:13 --> Call to undefined method CodeIgniter\Database\MySQLi\Result::resultArray()
in APPPATH\Models\FuncionariosModel.php on line 62.
 1 APPPATH\Controllers\FuncionariosController.php(65): App\Models\FuncionariosModel->verificarProntuario('ME316637')
 2 SYSTEMPATH\CodeIgniter.php(898): App\Controllers\FuncionariosController->salvar()
 3 SYSTEMPATH\CodeIgniter.php(457): CodeIgniter\CodeIgniter->runController(Object(App\Controllers\FuncionariosController))
 4 SYSTEMPATH\CodeIgniter.php(340): CodeIgniter\CodeIgniter->handleRequest(null, Object(Config\Cache), false)
 5 FCPATH\index.php(67): CodeIgniter\CodeIgniter->run()
 6 SYSTEMPATH\Commands\Server\rewrite.php(43): require_once('FCPATH\\index.php')
CRITICAL - 2022-08-22 10:58:20 --> Call to undefined method CodeIgniter\Database\MySQLi\Result::resultArray()
in APPPATH\Models\FuncionariosModel.php on line 63.
 1 APPPATH\Controllers\FuncionariosController.php(65): App\Models\FuncionariosModel->verificarProntuario('ME398439')
 2 SYSTEMPATH\CodeIgniter.php(898): App\Controllers\FuncionariosController->salvar()
 3 SYSTEMPATH\CodeIgniter.php(457): CodeIgniter\CodeIgniter->runController(Object(App\Controllers\FuncionariosController))
 4 SYSTEMPATH\CodeIgniter.php(340): CodeIgniter\CodeIgniter->handleRequest(null, Object(Config\Cache), false)
 5 FCPATH\index.php(67): CodeIgniter\CodeIgniter->run()
 6 SYSTEMPATH\Commands\Server\rewrite.php(43): require_once('FCPATH\\index.php')
CRITICAL - 2022-08-22 10:58:22 --> Call to undefined method CodeIgniter\Database\MySQLi\Result::resultArray()
in APPPATH\Models\FuncionariosModel.php on line 63.
 1 APPPATH\Controllers\FuncionariosController.php(65): App\Models\FuncionariosModel->verificarProntuario('ME613624')
 2 SYSTEMPATH\CodeIgniter.php(898): App\Controllers\FuncionariosController->salvar()
 3 SYSTEMPATH\CodeIgniter.php(457): CodeIgniter\CodeIgniter->runController(Object(App\Controllers\FuncionariosController))
 4 SYSTEMPATH\CodeIgniter.php(340): CodeIgniter\CodeIgniter->handleRequest(null, Object(Config\Cache), false)
 5 FCPATH\index.php(67): CodeIgniter\CodeIgniter->run()
 6 SYSTEMPATH\Commands\Server\rewrite.php(43): require_once('FCPATH\\index.php')
CRITICAL - 2022-08-22 10:58:30 --> Call to undefined method CodeIgniter\Database\MySQLi\Result::resultArray()
in APPPATH\Models\FuncionariosModel.php on line 64.
 1 APPPATH\Controllers\FuncionariosController.php(65): App\Models\FuncionariosModel->verificarProntuario('ME281598')
 2 SYSTEMPATH\CodeIgniter.php(898): App\Controllers\FuncionariosController->salvar()
 3 SYSTEMPATH\CodeIgniter.php(457): CodeIgniter\CodeIgniter->runController(Object(App\Controllers\FuncionariosController))
 4 SYSTEMPATH\CodeIgniter.php(340): CodeIgniter\CodeIgniter->handleRequest(null, Object(Config\Cache), false)
 5 FCPATH\index.php(67): CodeIgniter\CodeIgniter->run()
 6 SYSTEMPATH\Commands\Server\rewrite.php(43): require_once('FCPATH\\index.php')
CRITICAL - 2022-08-22 10:58:31 --> Call to undefined method CodeIgniter\Database\MySQLi\Result::resultArray()
in APPPATH\Models\FuncionariosModel.php on line 64.
 1 APPPATH\Controllers\FuncionariosController.php(65): App\Models\FuncionariosModel->verificarProntuario('ME651390')
 2 SYSTEMPATH\CodeIgniter.php(898): App\Controllers\FuncionariosController->salvar()
 3 SYSTEMPATH\CodeIgniter.php(457): CodeIgniter\CodeIgniter->runController(Object(App\Controllers\FuncionariosController))
 4 SYSTEMPATH\CodeIgniter.php(340): CodeIgniter\CodeIgniter->handleRequest(null, Object(Config\Cache), false)
 5 FCPATH\index.php(67): CodeIgniter\CodeIgniter->run()
 6 SYSTEMPATH\Commands\Server\rewrite.php(43): require_once('FCPATH\\index.php')
CRITICAL - 2022-08-22 10:58:35 --> Call to undefined method CodeIgniter\Database\MySQLi\Result::resultArray()
in APPPATH\Models\FuncionariosModel.php on line 63.
 1 APPPATH\Controllers\FuncionariosController.php(65): App\Models\FuncionariosModel->verificarProntuario('ME636465')
 2 SYSTEMPATH\CodeIgniter.php(898): App\Controllers\FuncionariosController->salvar()
 3 SYSTEMPATH\CodeIgniter.php(457): CodeIgniter\CodeIgniter->runController(Object(App\Controllers\FuncionariosController))
 4 SYSTEMPATH\CodeIgniter.php(340): CodeIgniter\CodeIgniter->handleRequest(null, Object(Config\Cache), false)
 5 FCPATH\index.php(67): CodeIgniter\CodeIgniter->run()
 6 SYSTEMPATH\Commands\Server\rewrite.php(43): require_once('FCPATH\\index.php')
CRITICAL - 2022-08-22 11:01:00 --> Call to undefined method App\Models\FuncionariosModel::verificar
in SYSTEMPATH\Model.php on line 773.
 1 APPPATH\Controllers\FuncionariosController.php(63): CodeIgniter\Model->__call('verificar', [...])
 2 SYSTEMPATH\CodeIgniter.php(898): App\Controllers\FuncionariosController->salvar()
 3 SYSTEMPATH\CodeIgniter.php(457): CodeIgniter\CodeIgniter->runController(Object(App\Controllers\FuncionariosController))
 4 SYSTEMPATH\CodeIgniter.php(340): CodeIgniter\CodeIgniter->handleRequest(null, Object(Config\Cache), false)
 5 FCPATH\index.php(67): CodeIgniter\CodeIgniter->run()
 6 SYSTEMPATH\Commands\Server\rewrite.php(43): require_once('FCPATH\\index.php')
CRITICAL - 2022-08-22 11:01:09 --> Array to string conversion
in APPPATH\Controllers\FuncionariosController.php on line 63.
 1 APPPATH\Controllers\FuncionariosController.php(63): CodeIgniter\Debug\Exceptions->errorHandler(2, 'Array to string conversion', 'APPPATH\\Controllers\\FuncionariosController.php', 63)
 2 SYSTEMPATH\CodeIgniter.php(898): App\Controllers\FuncionariosController->salvar()
 3 SYSTEMPATH\CodeIgniter.php(457): CodeIgniter\CodeIgniter->runController(Object(App\Controllers\FuncionariosController))
 4 SYSTEMPATH\CodeIgniter.php(340): CodeIgniter\CodeIgniter->handleRequest(null, Object(Config\Cache), false)
 5 FCPATH\index.php(67): CodeIgniter\CodeIgniter->run()
 6 SYSTEMPATH\Commands\Server\rewrite.php(43): require_once('FCPATH\\index.php')
CRITICAL - 2022-08-22 11:01:13 --> Array to string conversion
in APPPATH\Controllers\FuncionariosController.php on line 63.
 1 APPPATH\Controllers\FuncionariosController.php(63): CodeIgniter\Debug\Exceptions->errorHandler(2, 'Array to string conversion', 'APPPATH\\Controllers\\FuncionariosController.php', 63)
 2 SYSTEMPATH\CodeIgniter.php(898): App\Controllers\FuncionariosController->salvar()
 3 SYSTEMPATH\CodeIgniter.php(457): CodeIgniter\CodeIgniter->runController(Object(App\Controllers\FuncionariosController))
 4 SYSTEMPATH\CodeIgniter.php(340): CodeIgniter\CodeIgniter->handleRequest(null, Object(Config\Cache), false)
 5 FCPATH\index.php(67): CodeIgniter\CodeIgniter->run()
 6 SYSTEMPATH\Commands\Server\rewrite.php(43): require_once('FCPATH\\index.php')
CRITICAL - 2022-08-22 11:01:14 --> Array to string conversion
in APPPATH\Controllers\FuncionariosController.php on line 63.
 1 APPPATH\Controllers\FuncionariosController.php(63): CodeIgniter\Debug\Exceptions->errorHandler(2, 'Array to string conversion', 'APPPATH\\Controllers\\FuncionariosController.php', 63)
 2 SYSTEMPATH\CodeIgniter.php(898): App\Controllers\FuncionariosController->salvar()
 3 SYSTEMPATH\CodeIgniter.php(457): CodeIgniter\CodeIgniter->runController(Object(App\Controllers\FuncionariosController))
 4 SYSTEMPATH\CodeIgniter.php(340): CodeIgniter\CodeIgniter->handleRequest(null, Object(Config\Cache), false)
 5 FCPATH\index.php(67): CodeIgniter\CodeIgniter->run()
 6 SYSTEMPATH\Commands\Server\rewrite.php(43): require_once('FCPATH\\index.php')
CRITICAL - 2022-08-22 11:01:14 --> Array to string conversion
in APPPATH\Controllers\FuncionariosController.php on line 63.
 1 APPPATH\Controllers\FuncionariosController.php(63): CodeIgniter\Debug\Exceptions->errorHandler(2, 'Array to string conversion', 'APPPATH\\Controllers\\FuncionariosController.php', 63)
 2 SYSTEMPATH\CodeIgniter.php(898): App\Controllers\FuncionariosController->salvar()
 3 SYSTEMPATH\CodeIgniter.php(457): CodeIgniter\CodeIgniter->runController(Object(App\Controllers\FuncionariosController))
 4 SYSTEMPATH\CodeIgniter.php(340): CodeIgniter\CodeIgniter->handleRequest(null, Object(Config\Cache), false)
 5 FCPATH\index.php(67): CodeIgniter\CodeIgniter->run()
 6 SYSTEMPATH\Commands\Server\rewrite.php(43): require_once('FCPATH\\index.php')
CRITICAL - 2022-08-22 11:01:15 --> Array to string conversion
in APPPATH\Controllers\FuncionariosController.php on line 63.
 1 APPPATH\Controllers\FuncionariosController.php(63): CodeIgniter\Debug\Exceptions->errorHandler(2, 'Array to string conversion', 'APPPATH\\Controllers\\FuncionariosController.php', 63)
 2 SYSTEMPATH\CodeIgniter.php(898): App\Controllers\FuncionariosController->salvar()
 3 SYSTEMPATH\CodeIgniter.php(457): CodeIgniter\CodeIgniter->runController(Object(App\Controllers\FuncionariosController))
 4 SYSTEMPATH\CodeIgniter.php(340): CodeIgniter\CodeIgniter->handleRequest(null, Object(Config\Cache), false)
 5 FCPATH\index.php(67): CodeIgniter\CodeIgniter->run()
 6 SYSTEMPATH\Commands\Server\rewrite.php(43): require_once('FCPATH\\index.php')
CRITICAL - 2022-08-22 11:01:15 --> Array to string conversion
in APPPATH\Controllers\FuncionariosController.php on line 63.
 1 APPPATH\Controllers\FuncionariosController.php(63): CodeIgniter\Debug\Exceptions->errorHandler(2, 'Array to string conversion', 'APPPATH\\Controllers\\FuncionariosController.php', 63)
 2 SYSTEMPATH\CodeIgniter.php(898): App\Controllers\FuncionariosController->salvar()
 3 SYSTEMPATH\CodeIgniter.php(457): CodeIgniter\CodeIgniter->runController(Object(App\Controllers\FuncionariosController))
 4 SYSTEMPATH\CodeIgniter.php(340): CodeIgniter\CodeIgniter->handleRequest(null, Object(Config\Cache), false)
 5 FCPATH\index.php(67): CodeIgniter\CodeIgniter->run()
 6 SYSTEMPATH\Commands\Server\rewrite.php(43): require_once('FCPATH\\index.php')
CRITICAL - 2022-08-22 11:01:15 --> Array to string conversion
in APPPATH\Controllers\FuncionariosController.php on line 63.
 1 APPPATH\Controllers\FuncionariosController.php(63): CodeIgniter\Debug\Exceptions->errorHandler(2, 'Array to string conversion', 'APPPATH\\Controllers\\FuncionariosController.php', 63)
 2 SYSTEMPATH\CodeIgniter.php(898): App\Controllers\FuncionariosController->salvar()
 3 SYSTEMPATH\CodeIgniter.php(457): CodeIgniter\CodeIgniter->runController(Object(App\Controllers\FuncionariosController))
 4 SYSTEMPATH\CodeIgniter.php(340): CodeIgniter\CodeIgniter->handleRequest(null, Object(Config\Cache), false)
 5 FCPATH\index.php(67): CodeIgniter\CodeIgniter->run()
 6 SYSTEMPATH\Commands\Server\rewrite.php(43): require_once('FCPATH\\index.php')
CRITICAL - 2022-08-22 11:01:16 --> Array to string conversion
in APPPATH\Controllers\FuncionariosController.php on line 63.
 1 APPPATH\Controllers\FuncionariosController.php(63): CodeIgniter\Debug\Exceptions->errorHandler(2, 'Array to string conversion', 'APPPATH\\Controllers\\FuncionariosController.php', 63)
 2 SYSTEMPATH\CodeIgniter.php(898): App\Controllers\FuncionariosController->salvar()
 3 SYSTEMPATH\CodeIgniter.php(457): CodeIgniter\CodeIgniter->runController(Object(App\Controllers\FuncionariosController))
 4 SYSTEMPATH\CodeIgniter.php(340): CodeIgniter\CodeIgniter->handleRequest(null, Object(Config\Cache), false)
 5 FCPATH\index.php(67): CodeIgniter\CodeIgniter->run()
 6 SYSTEMPATH\Commands\Server\rewrite.php(43): require_once('FCPATH\\index.php')
CRITICAL - 2022-08-22 11:01:18 --> Array to string conversion
in APPPATH\Controllers\FuncionariosController.php on line 63.
 1 APPPATH\Controllers\FuncionariosController.php(63): CodeIgniter\Debug\Exceptions->errorHandler(2, 'Array to string conversion', 'APPPATH\\Controllers\\FuncionariosController.php', 63)
 2 SYSTEMPATH\CodeIgniter.php(898): App\Controllers\FuncionariosController->salvar()
 3 SYSTEMPATH\CodeIgniter.php(457): CodeIgniter\CodeIgniter->runController(Object(App\Controllers\FuncionariosController))
 4 SYSTEMPATH\CodeIgniter.php(340): CodeIgniter\CodeIgniter->handleRequest(null, Object(Config\Cache), false)
 5 FCPATH\index.php(67): CodeIgniter\CodeIgniter->run()
 6 SYSTEMPATH\Commands\Server\rewrite.php(43): require_once('FCPATH\\index.php')
CRITICAL - 2022-08-22 11:01:30 --> Array to string conversion
in APPPATH\Controllers\FuncionariosController.php on line 67.
 1 APPPATH\Controllers\FuncionariosController.php(67): CodeIgniter\Debug\Exceptions->errorHandler(2, 'Array to string conversion', 'APPPATH\\Controllers\\FuncionariosController.php', 67)
 2 SYSTEMPATH\CodeIgniter.php(898): App\Controllers\FuncionariosController->salvar()
 3 SYSTEMPATH\CodeIgniter.php(457): CodeIgniter\CodeIgniter->runController(Object(App\Controllers\FuncionariosController))
 4 SYSTEMPATH\CodeIgniter.php(340): CodeIgniter\CodeIgniter->handleRequest(null, Object(Config\Cache), false)
 5 FCPATH\index.php(67): CodeIgniter\CodeIgniter->run()
 6 SYSTEMPATH\Commands\Server\rewrite.php(43): require_once('FCPATH\\index.php')
CRITICAL - 2022-08-22 11:01:31 --> Array to string conversion
in APPPATH\Controllers\FuncionariosController.php on line 67.
 1 APPPATH\Controllers\FuncionariosController.php(67): CodeIgniter\Debug\Exceptions->errorHandler(2, 'Array to string conversion', 'APPPATH\\Controllers\\FuncionariosController.php', 67)
 2 SYSTEMPATH\CodeIgniter.php(898): App\Controllers\FuncionariosController->salvar()
 3 SYSTEMPATH\CodeIgniter.php(457): CodeIgniter\CodeIgniter->runController(Object(App\Controllers\FuncionariosController))
 4 SYSTEMPATH\CodeIgniter.php(340): CodeIgniter\CodeIgniter->handleRequest(null, Object(Config\Cache), false)
 5 FCPATH\index.php(67): CodeIgniter\CodeIgniter->run()
 6 SYSTEMPATH\Commands\Server\rewrite.php(43): require_once('FCPATH\\index.php')
CRITICAL - 2022-08-22 11:01:35 --> Array to string conversion
in APPPATH\Controllers\FuncionariosController.php on line 67.
 1 APPPATH\Controllers\FuncionariosController.php(67): CodeIgniter\Debug\Exceptions->errorHandler(2, 'Array to string conversion', 'APPPATH\\Controllers\\FuncionariosController.php', 67)
 2 SYSTEMPATH\CodeIgniter.php(898): App\Controllers\FuncionariosController->salvar()
 3 SYSTEMPATH\CodeIgniter.php(457): CodeIgniter\CodeIgniter->runController(Object(App\Controllers\FuncionariosController))
 4 SYSTEMPATH\CodeIgniter.php(340): CodeIgniter\CodeIgniter->handleRequest(null, Object(Config\Cache), false)
 5 FCPATH\index.php(67): CodeIgniter\CodeIgniter->run()
 6 SYSTEMPATH\Commands\Server\rewrite.php(43): require_once('FCPATH\\index.php')
CRITICAL - 2022-08-22 11:02:09 --> Array to string conversion
in APPPATH\Models\FuncionariosModel.php on line 64.
 1 APPPATH\Models\FuncionariosModel.php(64): CodeIgniter\Debug\Exceptions->errorHandler(2, 'Array to string conversion', 'APPPATH\\Models\\FuncionariosModel.php', 64)
 2 APPPATH\Controllers\FuncionariosController.php(67): App\Models\FuncionariosModel->verificarProntuario('ME427004')
 3 SYSTEMPATH\CodeIgniter.php(898): App\Controllers\FuncionariosController->salvar()
 4 SYSTEMPATH\CodeIgniter.php(457): CodeIgniter\CodeIgniter->runController(Object(App\Controllers\FuncionariosController))
 5 SYSTEMPATH\CodeIgniter.php(340): CodeIgniter\CodeIgniter->handleRequest(null, Object(Config\Cache), false)
 6 FCPATH\index.php(67): CodeIgniter\CodeIgniter->run()
 7 SYSTEMPATH\Commands\Server\rewrite.php(43): require_once('FCPATH\\index.php')
ERROR - 2022-08-22 12:47:50 --> mysqli_sql_exception: Column 'FUN_CATEGORIA' cannot be null in C:\xampp3\htdocs\OMNIMED\desenvolvimento\comum\Sprint-int01\system\Database\MySQLi\Connection.php:292
Stack trace:
#0 C:\xampp3\htdocs\OMNIMED\desenvolvimento\comum\Sprint-int01\system\Database\MySQLi\Connection.php(292): mysqli->query('INSERT INTO `fu...', 0)
#1 C:\xampp3\htdocs\OMNIMED\desenvolvimento\comum\Sprint-int01\system\Database\BaseConnection.php(693): CodeIgniter\Database\MySQLi\Connection->execute('INSERT INTO `fu...')
#2 C:\xampp3\htdocs\OMNIMED\desenvolvimento\comum\Sprint-int01\system\Database\BaseConnection.php(620): CodeIgniter\Database\BaseConnection->simpleQuery('INSERT INTO `fu...')
#3 C:\xampp3\htdocs\OMNIMED\desenvolvimento\comum\Sprint-int01\system\Database\BaseBuilder.php(1916): CodeIgniter\Database\BaseConnection->query('INSERT INTO `fu...', Array, false)
#4 C:\xampp3\htdocs\OMNIMED\desenvolvimento\comum\Sprint-int01\system\Model.php(278): CodeIgniter\Database\BaseBuilder->insert()
#5 C:\xampp3\htdocs\OMNIMED\desenvolvimento\comum\Sprint-int01\system\BaseModel.php(738): CodeIgniter\Model->doInsert(Array)
#6 C:\xampp3\htdocs\OMNIMED\desenvolvimento\comum\Sprint-int01\system\Model.php(666): CodeIgniter\BaseModel->insert(Array, true)
#7 C:\xampp3\htdocs\OMNIMED\desenvolvimento\comum\Sprint-int01\app\Controllers\FuncionariosController.php(90): CodeIgniter\Model->insert(Object(App\Entities\Funcionarios))
#8 C:\xampp3\htdocs\OMNIMED\desenvolvimento\comum\Sprint-int01\system\CodeIgniter.php(898): App\Controllers\FuncionariosController->salvar()
#9 C:\xampp3\htdocs\OMNIMED\desenvolvimento\comum\Sprint-int01\system\CodeIgniter.php(457): CodeIgniter\CodeIgniter->runController(Object(App\Controllers\FuncionariosController))
#10 C:\xampp3\htdocs\OMNIMED\desenvolvimento\comum\Sprint-int01\system\CodeIgniter.php(340): CodeIgniter\CodeIgniter->handleRequest(NULL, Object(Config\Cache), false)
#11 C:\xampp3\htdocs\OMNIMED\desenvolvimento\comum\Sprint-int01\public\index.php(67): CodeIgniter\CodeIgniter->run()
#12 C:\xampp3\htdocs\OMNIMED\desenvolvimento\comum\Sprint-int01\system\Commands\Server\rewrite.php(43): require_once('C:\\xampp3\\htdoc...')
#13 {main}
CRITICAL - 2022-08-22 12:47:50 --> Column 'FUN_CATEGORIA' cannot be null
in SYSTEMPATH\Database\MySQLi\Connection.php on line 292.
 1 SYSTEMPATH\Database\MySQLi\Connection.php(292): mysqli->query('INSERT INTO `funcionarios` (`FUN_PRONTUARIO`, `FUN_CATEGORIA`, `FK_USUARIO_COMUM_USC_ID`) VALUES (\'ME838943\', NULL, \'8\')', 0)
 2 SYSTEMPATH\Database\BaseConnection.php(693): CodeIgniter\Database\MySQLi\Connection->execute('INSERT INTO `funcionarios` (`FUN_PRONTUARIO`, `FUN_CATEGORIA`, `FK_USUARIO_COMUM_USC_ID`) VALUES (\'ME838943\', NULL, \'8\')')
 3 SYSTEMPATH\Database\BaseConnection.php(620): CodeIgniter\Database\BaseConnection->simpleQuery('INSERT INTO `funcionarios` (`FUN_PRONTUARIO`, `FUN_CATEGORIA`, `FK_USUARIO_COMUM_USC_ID`) VALUES (\'ME838943\', NULL, \'8\')')
 4 SYSTEMPATH\Database\BaseBuilder.php(1916): CodeIgniter\Database\BaseConnection->query('INSERT INTO `funcionarios` (`FUN_PRONTUARIO`, `FUN_CATEGORIA`, `FK_USUARIO_COMUM_USC_ID`) VALUES (:FUN_PRONTUARIO:, :FUN_CATEGORIA:, :FK_USUARIO_COMUM_USC_ID:)', [...], false)
 5 SYSTEMPATH\Model.php(278): CodeIgniter\Database\BaseBuilder->insert()
 6 SYSTEMPATH\BaseModel.php(738): CodeIgniter\Model->doInsert([...])
 7 SYSTEMPATH\Model.php(666): CodeIgniter\BaseModel->insert([...], true)
 8 APPPATH\Controllers\FuncionariosController.php(90): CodeIgniter\Model->insert(Object(App\Entities\Funcionarios))
 9 SYSTEMPATH\CodeIgniter.php(898): App\Controllers\FuncionariosController->salvar()
10 SYSTEMPATH\CodeIgniter.php(457): CodeIgniter\CodeIgniter->runController(Object(App\Controllers\FuncionariosController))
11 SYSTEMPATH\CodeIgniter.php(340): CodeIgniter\CodeIgniter->handleRequest(null, Object(Config\Cache), false)
12 FCPATH\index.php(67): CodeIgniter\CodeIgniter->run()
13 SYSTEMPATH\Commands\Server\rewrite.php(43): require_once('FCPATH\\index.php')
ERROR - 2022-08-22 12:48:55 --> mysqli_sql_exception: Column 'FUN_CATEGORIA' cannot be null in C:\xampp3\htdocs\OMNIMED\desenvolvimento\comum\Sprint-int01\system\Database\MySQLi\Connection.php:292
Stack trace:
#0 C:\xampp3\htdocs\OMNIMED\desenvolvimento\comum\Sprint-int01\system\Database\MySQLi\Connection.php(292): mysqli->query('INSERT INTO `fu...', 0)
#1 C:\xampp3\htdocs\OMNIMED\desenvolvimento\comum\Sprint-int01\system\Database\BaseConnection.php(693): CodeIgniter\Database\MySQLi\Connection->execute('INSERT INTO `fu...')
#2 C:\xampp3\htdocs\OMNIMED\desenvolvimento\comum\Sprint-int01\system\Database\BaseConnection.php(620): CodeIgniter\Database\BaseConnection->simpleQuery('INSERT INTO `fu...')
#3 C:\xampp3\htdocs\OMNIMED\desenvolvimento\comum\Sprint-int01\system\Database\BaseBuilder.php(1916): CodeIgniter\Database\BaseConnection->query('INSERT INTO `fu...', Array, false)
#4 C:\xampp3\htdocs\OMNIMED\desenvolvimento\comum\Sprint-int01\system\Model.php(278): CodeIgniter\Database\BaseBuilder->insert()
#5 C:\xampp3\htdocs\OMNIMED\desenvolvimento\comum\Sprint-int01\system\BaseModel.php(738): CodeIgniter\Model->doInsert(Array)
#6 C:\xampp3\htdocs\OMNIMED\desenvolvimento\comum\Sprint-int01\system\Model.php(666): CodeIgniter\BaseModel->insert(Array, true)
#7 C:\xampp3\htdocs\OMNIMED\desenvolvimento\comum\Sprint-int01\app\Controllers\FuncionariosController.php(90): CodeIgniter\Model->insert(Object(App\Entities\Funcionarios))
#8 C:\xampp3\htdocs\OMNIMED\desenvolvimento\comum\Sprint-int01\system\CodeIgniter.php(898): App\Controllers\FuncionariosController->salvar()
#9 C:\xampp3\htdocs\OMNIMED\desenvolvimento\comum\Sprint-int01\system\CodeIgniter.php(457): CodeIgniter\CodeIgniter->runController(Object(App\Controllers\FuncionariosController))
#10 C:\xampp3\htdocs\OMNIMED\desenvolvimento\comum\Sprint-int01\system\CodeIgniter.php(340): CodeIgniter\CodeIgniter->handleRequest(NULL, Object(Config\Cache), false)
#11 C:\xampp3\htdocs\OMNIMED\desenvolvimento\comum\Sprint-int01\public\index.php(67): CodeIgniter\CodeIgniter->run()
#12 C:\xampp3\htdocs\OMNIMED\desenvolvimento\comum\Sprint-int01\system\Commands\Server\rewrite.php(43): require_once('C:\\xampp3\\htdoc...')
#13 {main}
CRITICAL - 2022-08-22 12:48:55 --> Column 'FUN_CATEGORIA' cannot be null
in SYSTEMPATH\Database\MySQLi\Connection.php on line 292.
 1 SYSTEMPATH\Database\MySQLi\Connection.php(292): mysqli->query('INSERT INTO `funcionarios` (`FUN_PRONTUARIO`, `FUN_CATEGORIA`, `FK_USUARIO_COMUM_USC_ID`) VALUES (\'ME936881\', NULL, \'9\')', 0)
 2 SYSTEMPATH\Database\BaseConnection.php(693): CodeIgniter\Database\MySQLi\Connection->execute('INSERT INTO `funcionarios` (`FUN_PRONTUARIO`, `FUN_CATEGORIA`, `FK_USUARIO_COMUM_USC_ID`) VALUES (\'ME936881\', NULL, \'9\')')
 3 SYSTEMPATH\Database\BaseConnection.php(620): CodeIgniter\Database\BaseConnection->simpleQuery('INSERT INTO `funcionarios` (`FUN_PRONTUARIO`, `FUN_CATEGORIA`, `FK_USUARIO_COMUM_USC_ID`) VALUES (\'ME936881\', NULL, \'9\')')
 4 SYSTEMPATH\Database\BaseBuilder.php(1916): CodeIgniter\Database\BaseConnection->query('INSERT INTO `funcionarios` (`FUN_PRONTUARIO`, `FUN_CATEGORIA`, `FK_USUARIO_COMUM_USC_ID`) VALUES (:FUN_PRONTUARIO:, :FUN_CATEGORIA:, :FK_USUARIO_COMUM_USC_ID:)', [...], false)
 5 SYSTEMPATH\Model.php(278): CodeIgniter\Database\BaseBuilder->insert()
 6 SYSTEMPATH\BaseModel.php(738): CodeIgniter\Model->doInsert([...])
 7 SYSTEMPATH\Model.php(666): CodeIgniter\BaseModel->insert([...], true)
 8 APPPATH\Controllers\FuncionariosController.php(90): CodeIgniter\Model->insert(Object(App\Entities\Funcionarios))
 9 SYSTEMPATH\CodeIgniter.php(898): App\Controllers\FuncionariosController->salvar()
10 SYSTEMPATH\CodeIgniter.php(457): CodeIgniter\CodeIgniter->runController(Object(App\Controllers\FuncionariosController))
11 SYSTEMPATH\CodeIgniter.php(340): CodeIgniter\CodeIgniter->handleRequest(null, Object(Config\Cache), false)
12 FCPATH\index.php(67): CodeIgniter\CodeIgniter->run()
13 SYSTEMPATH\Commands\Server\rewrite.php(43): require_once('FCPATH\\index.php')
ERROR - 2022-08-22 12:50:18 --> mysqli_sql_exception: Column 'FUN_CATEGORIA' cannot be null in C:\xampp3\htdocs\OMNIMED\desenvolvimento\comum\Sprint-int01\system\Database\MySQLi\Connection.php:292
Stack trace:
#0 C:\xampp3\htdocs\OMNIMED\desenvolvimento\comum\Sprint-int01\system\Database\MySQLi\Connection.php(292): mysqli->query('INSERT INTO `fu...', 0)
#1 C:\xampp3\htdocs\OMNIMED\desenvolvimento\comum\Sprint-int01\system\Database\BaseConnection.php(693): CodeIgniter\Database\MySQLi\Connection->execute('INSERT INTO `fu...')
#2 C:\xampp3\htdocs\OMNIMED\desenvolvimento\comum\Sprint-int01\system\Database\BaseConnection.php(620): CodeIgniter\Database\BaseConnection->simpleQuery('INSERT INTO `fu...')
#3 C:\xampp3\htdocs\OMNIMED\desenvolvimento\comum\Sprint-int01\system\Database\BaseBuilder.php(1916): CodeIgniter\Database\BaseConnection->query('INSERT INTO `fu...', Array, false)
#4 C:\xampp3\htdocs\OMNIMED\desenvolvimento\comum\Sprint-int01\system\Model.php(278): CodeIgniter\Database\BaseBuilder->insert()
#5 C:\xampp3\htdocs\OMNIMED\desenvolvimento\comum\Sprint-int01\system\BaseModel.php(738): CodeIgniter\Model->doInsert(Array)
#6 C:\xampp3\htdocs\OMNIMED\desenvolvimento\comum\Sprint-int01\system\Model.php(666): CodeIgniter\BaseModel->insert(Array, true)
#7 C:\xampp3\htdocs\OMNIMED\desenvolvimento\comum\Sprint-int01\app\Controllers\FuncionariosController.php(90): CodeIgniter\Model->insert(Object(App\Entities\Funcionarios))
#8 C:\xampp3\htdocs\OMNIMED\desenvolvimento\comum\Sprint-int01\system\CodeIgniter.php(898): App\Controllers\FuncionariosController->salvar()
#9 C:\xampp3\htdocs\OMNIMED\desenvolvimento\comum\Sprint-int01\system\CodeIgniter.php(457): CodeIgniter\CodeIgniter->runController(Object(App\Controllers\FuncionariosController))
#10 C:\xampp3\htdocs\OMNIMED\desenvolvimento\comum\Sprint-int01\system\CodeIgniter.php(340): CodeIgniter\CodeIgniter->handleRequest(NULL, Object(Config\Cache), false)
#11 C:\xampp3\htdocs\OMNIMED\desenvolvimento\comum\Sprint-int01\public\index.php(67): CodeIgniter\CodeIgniter->run()
#12 C:\xampp3\htdocs\OMNIMED\desenvolvimento\comum\Sprint-int01\system\Commands\Server\rewrite.php(43): require_once('C:\\xampp3\\htdoc...')
#13 {main}
CRITICAL - 2022-08-22 12:50:18 --> Column 'FUN_CATEGORIA' cannot be null
in SYSTEMPATH\Database\MySQLi\Connection.php on line 292.
 1 SYSTEMPATH\Database\MySQLi\Connection.php(292): mysqli->query('INSERT INTO `funcionarios` (`FUN_PRONTUARIO`, `FUN_CATEGORIA`, `FK_USUARIO_COMUM_USC_ID`) VALUES (\'ME459367\', NULL, \'10\')', 0)
 2 SYSTEMPATH\Database\BaseConnection.php(693): CodeIgniter\Database\MySQLi\Connection->execute('INSERT INTO `funcionarios` (`FUN_PRONTUARIO`, `FUN_CATEGORIA`, `FK_USUARIO_COMUM_USC_ID`) VALUES (\'ME459367\', NULL, \'10\')')
 3 SYSTEMPATH\Database\BaseConnection.php(620): CodeIgniter\Database\BaseConnection->simpleQuery('INSERT INTO `funcionarios` (`FUN_PRONTUARIO`, `FUN_CATEGORIA`, `FK_USUARIO_COMUM_USC_ID`) VALUES (\'ME459367\', NULL, \'10\')')
 4 SYSTEMPATH\Database\BaseBuilder.php(1916): CodeIgniter\Database\BaseConnection->query('INSERT INTO `funcionarios` (`FUN_PRONTUARIO`, `FUN_CATEGORIA`, `FK_USUARIO_COMUM_USC_ID`) VALUES (:FUN_PRONTUARIO:, :FUN_CATEGORIA:, :FK_USUARIO_COMUM_USC_ID:)', [...], false)
 5 SYSTEMPATH\Model.php(278): CodeIgniter\Database\BaseBuilder->insert()
 6 SYSTEMPATH\BaseModel.php(738): CodeIgniter\Model->doInsert([...])
 7 SYSTEMPATH\Model.php(666): CodeIgniter\BaseModel->insert([...], true)
 8 APPPATH\Controllers\FuncionariosController.php(90): CodeIgniter\Model->insert(Object(App\Entities\Funcionarios))
 9 SYSTEMPATH\CodeIgniter.php(898): App\Controllers\FuncionariosController->salvar()
10 SYSTEMPATH\CodeIgniter.php(457): CodeIgniter\CodeIgniter->runController(Object(App\Controllers\FuncionariosController))
11 SYSTEMPATH\CodeIgniter.php(340): CodeIgniter\CodeIgniter->handleRequest(null, Object(Config\Cache), false)
12 FCPATH\index.php(67): CodeIgniter\CodeIgniter->run()
13 SYSTEMPATH\Commands\Server\rewrite.php(43): require_once('FCPATH\\index.php')
ERROR - 2022-08-22 12:55:26 --> mysqli_sql_exception: Column 'FUN_CATEGORIA' cannot be null in C:\xampp3\htdocs\OMNIMED\desenvolvimento\comum\Sprint-int01\system\Database\MySQLi\Connection.php:292
Stack trace:
#0 C:\xampp3\htdocs\OMNIMED\desenvolvimento\comum\Sprint-int01\system\Database\MySQLi\Connection.php(292): mysqli->query('INSERT INTO `fu...', 0)
#1 C:\xampp3\htdocs\OMNIMED\desenvolvimento\comum\Sprint-int01\system\Database\BaseConnection.php(693): CodeIgniter\Database\MySQLi\Connection->execute('INSERT INTO `fu...')
#2 C:\xampp3\htdocs\OMNIMED\desenvolvimento\comum\Sprint-int01\system\Database\BaseConnection.php(620): CodeIgniter\Database\BaseConnection->simpleQuery('INSERT INTO `fu...')
#3 C:\xampp3\htdocs\OMNIMED\desenvolvimento\comum\Sprint-int01\system\Database\BaseBuilder.php(1916): CodeIgniter\Database\BaseConnection->query('INSERT INTO `fu...', Array, false)
#4 C:\xampp3\htdocs\OMNIMED\desenvolvimento\comum\Sprint-int01\system\Model.php(278): CodeIgniter\Database\BaseBuilder->insert()
#5 C:\xampp3\htdocs\OMNIMED\desenvolvimento\comum\Sprint-int01\system\BaseModel.php(738): CodeIgniter\Model->doInsert(Array)
#6 C:\xampp3\htdocs\OMNIMED\desenvolvimento\comum\Sprint-int01\system\Model.php(666): CodeIgniter\BaseModel->insert(Array, true)
#7 C:\xampp3\htdocs\OMNIMED\desenvolvimento\comum\Sprint-int01\app\Controllers\FuncionariosController.php(91): CodeIgniter\Model->insert(Object(App\Entities\Funcionarios))
#8 C:\xampp3\htdocs\OMNIMED\desenvolvimento\comum\Sprint-int01\system\CodeIgniter.php(898): App\Controllers\FuncionariosController->salvar()
#9 C:\xampp3\htdocs\OMNIMED\desenvolvimento\comum\Sprint-int01\system\CodeIgniter.php(457): CodeIgniter\CodeIgniter->runController(Object(App\Controllers\FuncionariosController))
#10 C:\xampp3\htdocs\OMNIMED\desenvolvimento\comum\Sprint-int01\system\CodeIgniter.php(340): CodeIgniter\CodeIgniter->handleRequest(NULL, Object(Config\Cache), false)
#11 C:\xampp3\htdocs\OMNIMED\desenvolvimento\comum\Sprint-int01\public\index.php(67): CodeIgniter\CodeIgniter->run()
#12 C:\xampp3\htdocs\OMNIMED\desenvolvimento\comum\Sprint-int01\system\Commands\Server\rewrite.php(43): require_once('C:\\xampp3\\htdoc...')
#13 {main}
CRITICAL - 2022-08-22 12:55:26 --> Column 'FUN_CATEGORIA' cannot be null
in SYSTEMPATH\Database\MySQLi\Connection.php on line 292.
 1 SYSTEMPATH\Database\MySQLi\Connection.php(292): mysqli->query('INSERT INTO `funcionarios` (`FUN_PRONTUARIO`, `FUN_CATEGORIA`, `FK_USUARIO_COMUM_USC_ID`) VALUES (\'ME717464\', NULL, \'11\')', 0)
 2 SYSTEMPATH\Database\BaseConnection.php(693): CodeIgniter\Database\MySQLi\Connection->execute('INSERT INTO `funcionarios` (`FUN_PRONTUARIO`, `FUN_CATEGORIA`, `FK_USUARIO_COMUM_USC_ID`) VALUES (\'ME717464\', NULL, \'11\')')
 3 SYSTEMPATH\Database\BaseConnection.php(620): CodeIgniter\Database\BaseConnection->simpleQuery('INSERT INTO `funcionarios` (`FUN_PRONTUARIO`, `FUN_CATEGORIA`, `FK_USUARIO_COMUM_USC_ID`) VALUES (\'ME717464\', NULL, \'11\')')
 4 SYSTEMPATH\Database\BaseBuilder.php(1916): CodeIgniter\Database\BaseConnection->query('INSERT INTO `funcionarios` (`FUN_PRONTUARIO`, `FUN_CATEGORIA`, `FK_USUARIO_COMUM_USC_ID`) VALUES (:FUN_PRONTUARIO:, :FUN_CATEGORIA:, :FK_USUARIO_COMUM_USC_ID:)', [...], false)
 5 SYSTEMPATH\Model.php(278): CodeIgniter\Database\BaseBuilder->insert()
 6 SYSTEMPATH\BaseModel.php(738): CodeIgniter\Model->doInsert([...])
 7 SYSTEMPATH\Model.php(666): CodeIgniter\BaseModel->insert([...], true)
 8 APPPATH\Controllers\FuncionariosController.php(91): CodeIgniter\Model->insert(Object(App\Entities\Funcionarios))
 9 SYSTEMPATH\CodeIgniter.php(898): App\Controllers\FuncionariosController->salvar()
10 SYSTEMPATH\CodeIgniter.php(457): CodeIgniter\CodeIgniter->runController(Object(App\Controllers\FuncionariosController))
11 SYSTEMPATH\CodeIgniter.php(340): CodeIgniter\CodeIgniter->handleRequest(null, Object(Config\Cache), false)
12 FCPATH\index.php(67): CodeIgniter\CodeIgniter->run()
13 SYSTEMPATH\Commands\Server\rewrite.php(43): require_once('FCPATH\\index.php')
ERROR - 2022-08-22 12:59:04 --> mysqli_sql_exception: Column 'FUN_PRONTUARIO' cannot be null in C:\xampp3\htdocs\OMNIMED\desenvolvimento\comum\Sprint-int01\system\Database\MySQLi\Connection.php:292
Stack trace:
#0 C:\xampp3\htdocs\OMNIMED\desenvolvimento\comum\Sprint-int01\system\Database\MySQLi\Connection.php(292): mysqli->query('INSERT INTO `fu...', 0)
#1 C:\xampp3\htdocs\OMNIMED\desenvolvimento\comum\Sprint-int01\system\Database\BaseConnection.php(693): CodeIgniter\Database\MySQLi\Connection->execute('INSERT INTO `fu...')
#2 C:\xampp3\htdocs\OMNIMED\desenvolvimento\comum\Sprint-int01\system\Database\BaseConnection.php(620): CodeIgniter\Database\BaseConnection->simpleQuery('INSERT INTO `fu...')
#3 C:\xampp3\htdocs\OMNIMED\desenvolvimento\comum\Sprint-int01\system\Database\BaseBuilder.php(1916): CodeIgniter\Database\BaseConnection->query('INSERT INTO `fu...', Array, false)
#4 C:\xampp3\htdocs\OMNIMED\desenvolvimento\comum\Sprint-int01\system\Model.php(278): CodeIgniter\Database\BaseBuilder->insert()
#5 C:\xampp3\htdocs\OMNIMED\desenvolvimento\comum\Sprint-int01\system\BaseModel.php(738): CodeIgniter\Model->doInsert(Array)
#6 C:\xampp3\htdocs\OMNIMED\desenvolvimento\comum\Sprint-int01\system\Model.php(666): CodeIgniter\BaseModel->insert(Array, true)
#7 C:\xampp3\htdocs\OMNIMED\desenvolvimento\comum\Sprint-int01\app\Controllers\FuncionariosController.php(92): CodeIgniter\Model->insert(Object(App\Entities\Funcionarios))
#8 C:\xampp3\htdocs\OMNIMED\desenvolvimento\comum\Sprint-int01\system\CodeIgniter.php(898): App\Controllers\FuncionariosController->salvar()
#9 C:\xampp3\htdocs\OMNIMED\desenvolvimento\comum\Sprint-int01\system\CodeIgniter.php(457): CodeIgniter\CodeIgniter->runController(Object(App\Controllers\FuncionariosController))
#10 C:\xampp3\htdocs\OMNIMED\desenvolvimento\comum\Sprint-int01\system\CodeIgniter.php(340): CodeIgniter\CodeIgniter->handleRequest(NULL, Object(Config\Cache), false)
#11 C:\xampp3\htdocs\OMNIMED\desenvolvimento\comum\Sprint-int01\public\index.php(67): CodeIgniter\CodeIgniter->run()
#12 C:\xampp3\htdocs\OMNIMED\desenvolvimento\comum\Sprint-int01\system\Commands\Server\rewrite.php(43): require_once('C:\\xampp3\\htdoc...')
#13 {main}
CRITICAL - 2022-08-22 12:59:04 --> Column 'FUN_PRONTUARIO' cannot be null
in SYSTEMPATH\Database\MySQLi\Connection.php on line 292.
 1 SYSTEMPATH\Database\MySQLi\Connection.php(292): mysqli->query('INSERT INTO `funcionarios` (`FUN_PRONTUARIO`, `FUN_CATEGORIA`, `FK_USUARIO_COMUM_USC_ID`) VALUES (NULL, NULL, \'14\')', 0)
 2 SYSTEMPATH\Database\BaseConnection.php(693): CodeIgniter\Database\MySQLi\Connection->execute('INSERT INTO `funcionarios` (`FUN_PRONTUARIO`, `FUN_CATEGORIA`, `FK_USUARIO_COMUM_USC_ID`) VALUES (NULL, NULL, \'14\')')
 3 SYSTEMPATH\Database\BaseConnection.php(620): CodeIgniter\Database\BaseConnection->simpleQuery('INSERT INTO `funcionarios` (`FUN_PRONTUARIO`, `FUN_CATEGORIA`, `FK_USUARIO_COMUM_USC_ID`) VALUES (NULL, NULL, \'14\')')
 4 SYSTEMPATH\Database\BaseBuilder.php(1916): CodeIgniter\Database\BaseConnection->query('INSERT INTO `funcionarios` (`FUN_PRONTUARIO`, `FUN_CATEGORIA`, `FK_USUARIO_COMUM_USC_ID`) VALUES (:FUN_PRONTUARIO:, :FUN_CATEGORIA:, :FK_USUARIO_COMUM_USC_ID:)', [...], false)
 5 SYSTEMPATH\Model.php(278): CodeIgniter\Database\BaseBuilder->insert()
 6 SYSTEMPATH\BaseModel.php(738): CodeIgniter\Model->doInsert([...])
 7 SYSTEMPATH\Model.php(666): CodeIgniter\BaseModel->insert([...], true)
 8 APPPATH\Controllers\FuncionariosController.php(92): CodeIgniter\Model->insert(Object(App\Entities\Funcionarios))
 9 SYSTEMPATH\CodeIgniter.php(898): App\Controllers\FuncionariosController->salvar()
10 SYSTEMPATH\CodeIgniter.php(457): CodeIgniter\CodeIgniter->runController(Object(App\Controllers\FuncionariosController))
11 SYSTEMPATH\CodeIgniter.php(340): CodeIgniter\CodeIgniter->handleRequest(null, Object(Config\Cache), false)
12 FCPATH\index.php(67): CodeIgniter\CodeIgniter->run()
13 SYSTEMPATH\Commands\Server\rewrite.php(43): require_once('FCPATH\\index.php')
ERROR - 2022-08-22 13:02:16 --> mysqli_sql_exception: Column 'FUN_PRONTUARIO' cannot be null in C:\xampp3\htdocs\OMNIMED\desenvolvimento\comum\Sprint-int01\system\Database\MySQLi\Connection.php:292
Stack trace:
#0 C:\xampp3\htdocs\OMNIMED\desenvolvimento\comum\Sprint-int01\system\Database\MySQLi\Connection.php(292): mysqli->query('INSERT INTO `fu...', 0)
#1 C:\xampp3\htdocs\OMNIMED\desenvolvimento\comum\Sprint-int01\system\Database\BaseConnection.php(693): CodeIgniter\Database\MySQLi\Connection->execute('INSERT INTO `fu...')
#2 C:\xampp3\htdocs\OMNIMED\desenvolvimento\comum\Sprint-int01\system\Database\BaseConnection.php(620): CodeIgniter\Database\BaseConnection->simpleQuery('INSERT INTO `fu...')
#3 C:\xampp3\htdocs\OMNIMED\desenvolvimento\comum\Sprint-int01\system\Database\BaseBuilder.php(1916): CodeIgniter\Database\BaseConnection->query('INSERT INTO `fu...', Array, false)
#4 C:\xampp3\htdocs\OMNIMED\desenvolvimento\comum\Sprint-int01\system\Model.php(278): CodeIgniter\Database\BaseBuilder->insert()
#5 C:\xampp3\htdocs\OMNIMED\desenvolvimento\comum\Sprint-int01\system\BaseModel.php(738): CodeIgniter\Model->doInsert(Array)
#6 C:\xampp3\htdocs\OMNIMED\desenvolvimento\comum\Sprint-int01\system\Model.php(666): CodeIgniter\BaseModel->insert(Array, true)
#7 C:\xampp3\htdocs\OMNIMED\desenvolvimento\comum\Sprint-int01\app\Controllers\FuncionariosController.php(93): CodeIgniter\Model->insert(Object(App\Entities\Funcionarios))
#8 C:\xampp3\htdocs\OMNIMED\desenvolvimento\comum\Sprint-int01\system\CodeIgniter.php(898): App\Controllers\FuncionariosController->salvar()
#9 C:\xampp3\htdocs\OMNIMED\desenvolvimento\comum\Sprint-int01\system\CodeIgniter.php(457): CodeIgniter\CodeIgniter->runController(Object(App\Controllers\FuncionariosController))
#10 C:\xampp3\htdocs\OMNIMED\desenvolvimento\comum\Sprint-int01\system\CodeIgniter.php(340): CodeIgniter\CodeIgniter->handleRequest(NULL, Object(Config\Cache), false)
#11 C:\xampp3\htdocs\OMNIMED\desenvolvimento\comum\Sprint-int01\public\index.php(67): CodeIgniter\CodeIgniter->run()
#12 C:\xampp3\htdocs\OMNIMED\desenvolvimento\comum\Sprint-int01\system\Commands\Server\rewrite.php(43): require_once('C:\\xampp3\\htdoc...')
#13 {main}
CRITICAL - 2022-08-22 13:02:16 --> Column 'FUN_PRONTUARIO' cannot be null
in SYSTEMPATH\Database\MySQLi\Connection.php on line 292.
 1 SYSTEMPATH\Database\MySQLi\Connection.php(292): mysqli->query('INSERT INTO `funcionarios` (`FUN_PRONTUARIO`, `FUN_CATEGORIA`, `FK_USUARIO_COMUM_USC_ID`) VALUES (NULL, NULL, \'15\')', 0)
 2 SYSTEMPATH\Database\BaseConnection.php(693): CodeIgniter\Database\MySQLi\Connection->execute('INSERT INTO `funcionarios` (`FUN_PRONTUARIO`, `FUN_CATEGORIA`, `FK_USUARIO_COMUM_USC_ID`) VALUES (NULL, NULL, \'15\')')
 3 SYSTEMPATH\Database\BaseConnection.php(620): CodeIgniter\Database\BaseConnection->simpleQuery('INSERT INTO `funcionarios` (`FUN_PRONTUARIO`, `FUN_CATEGORIA`, `FK_USUARIO_COMUM_USC_ID`) VALUES (NULL, NULL, \'15\')')
 4 SYSTEMPATH\Database\BaseBuilder.php(1916): CodeIgniter\Database\BaseConnection->query('INSERT INTO `funcionarios` (`FUN_PRONTUARIO`, `FUN_CATEGORIA`, `FK_USUARIO_COMUM_USC_ID`) VALUES (:FUN_PRONTUARIO:, :FUN_CATEGORIA:, :FK_USUARIO_COMUM_USC_ID:)', [...], false)
 5 SYSTEMPATH\Model.php(278): CodeIgniter\Database\BaseBuilder->insert()
 6 SYSTEMPATH\BaseModel.php(738): CodeIgniter\Model->doInsert([...])
 7 SYSTEMPATH\Model.php(666): CodeIgniter\BaseModel->insert([...], true)
 8 APPPATH\Controllers\FuncionariosController.php(93): CodeIgniter\Model->insert(Object(App\Entities\Funcionarios))
 9 SYSTEMPATH\CodeIgniter.php(898): App\Controllers\FuncionariosController->salvar()
10 SYSTEMPATH\CodeIgniter.php(457): CodeIgniter\CodeIgniter->runController(Object(App\Controllers\FuncionariosController))
11 SYSTEMPATH\CodeIgniter.php(340): CodeIgniter\CodeIgniter->handleRequest(null, Object(Config\Cache), false)
12 FCPATH\index.php(67): CodeIgniter\CodeIgniter->run()
13 SYSTEMPATH\Commands\Server\rewrite.php(43): require_once('FCPATH\\index.php')
ERROR - 2022-08-22 14:12:54 --> mysqli_sql_exception: Column 'FUN_PRONTUARIO' cannot be null in C:\xampp3\htdocs\OMNIMED\desenvolvimento\comum\Sprint-int01\system\Database\MySQLi\Connection.php:292
Stack trace:
#0 C:\xampp3\htdocs\OMNIMED\desenvolvimento\comum\Sprint-int01\system\Database\MySQLi\Connection.php(292): mysqli->query('INSERT INTO `fu...', 0)
#1 C:\xampp3\htdocs\OMNIMED\desenvolvimento\comum\Sprint-int01\system\Database\BaseConnection.php(693): CodeIgniter\Database\MySQLi\Connection->execute('INSERT INTO `fu...')
#2 C:\xampp3\htdocs\OMNIMED\desenvolvimento\comum\Sprint-int01\system\Database\BaseConnection.php(620): CodeIgniter\Database\BaseConnection->simpleQuery('INSERT INTO `fu...')
#3 C:\xampp3\htdocs\OMNIMED\desenvolvimento\comum\Sprint-int01\system\Database\BaseBuilder.php(1916): CodeIgniter\Database\BaseConnection->query('INSERT INTO `fu...', Array, false)
#4 C:\xampp3\htdocs\OMNIMED\desenvolvimento\comum\Sprint-int01\system\Model.php(278): CodeIgniter\Database\BaseBuilder->insert()
#5 C:\xampp3\htdocs\OMNIMED\desenvolvimento\comum\Sprint-int01\system\BaseModel.php(738): CodeIgniter\Model->doInsert(Array)
#6 C:\xampp3\htdocs\OMNIMED\desenvolvimento\comum\Sprint-int01\system\Model.php(666): CodeIgniter\BaseModel->insert(Array, true)
#7 C:\xampp3\htdocs\OMNIMED\desenvolvimento\comum\Sprint-int01\app\Controllers\FuncionariosController.php(93): CodeIgniter\Model->insert(Object(App\Entities\Funcionarios))
#8 C:\xampp3\htdocs\OMNIMED\desenvolvimento\comum\Sprint-int01\system\CodeIgniter.php(898): App\Controllers\FuncionariosController->salvar()
#9 C:\xampp3\htdocs\OMNIMED\desenvolvimento\comum\Sprint-int01\system\CodeIgniter.php(457): CodeIgniter\CodeIgniter->runController(Object(App\Controllers\FuncionariosController))
#10 C:\xampp3\htdocs\OMNIMED\desenvolvimento\comum\Sprint-int01\system\CodeIgniter.php(340): CodeIgniter\CodeIgniter->handleRequest(NULL, Object(Config\Cache), false)
#11 C:\xampp3\htdocs\OMNIMED\desenvolvimento\comum\Sprint-int01\public\index.php(67): CodeIgniter\CodeIgniter->run()
#12 C:\xampp3\htdocs\OMNIMED\desenvolvimento\comum\Sprint-int01\system\Commands\Server\rewrite.php(43): require_once('C:\\xampp3\\htdoc...')
#13 {main}
CRITICAL - 2022-08-22 14:12:54 --> Column 'FUN_PRONTUARIO' cannot be null
in SYSTEMPATH\Database\MySQLi\Connection.php on line 292.
 1 SYSTEMPATH\Database\MySQLi\Connection.php(292): mysqli->query('INSERT INTO `funcionarios` (`FUN_PRONTUARIO`, `FUN_CATEGORIA`, `FK_USUARIO_COMUM_USC_ID`) VALUES (NULL, NULL, \'16\')', 0)
 2 SYSTEMPATH\Database\BaseConnection.php(693): CodeIgniter\Database\MySQLi\Connection->execute('INSERT INTO `funcionarios` (`FUN_PRONTUARIO`, `FUN_CATEGORIA`, `FK_USUARIO_COMUM_USC_ID`) VALUES (NULL, NULL, \'16\')')
 3 SYSTEMPATH\Database\BaseConnection.php(620): CodeIgniter\Database\BaseConnection->simpleQuery('INSERT INTO `funcionarios` (`FUN_PRONTUARIO`, `FUN_CATEGORIA`, `FK_USUARIO_COMUM_USC_ID`) VALUES (NULL, NULL, \'16\')')
 4 SYSTEMPATH\Database\BaseBuilder.php(1916): CodeIgniter\Database\BaseConnection->query('INSERT INTO `funcionarios` (`FUN_PRONTUARIO`, `FUN_CATEGORIA`, `FK_USUARIO_COMUM_USC_ID`) VALUES (:FUN_PRONTUARIO:, :FUN_CATEGORIA:, :FK_USUARIO_COMUM_USC_ID:)', [...], false)
 5 SYSTEMPATH\Model.php(278): CodeIgniter\Database\BaseBuilder->insert()
 6 SYSTEMPATH\BaseModel.php(738): CodeIgniter\Model->doInsert([...])
 7 SYSTEMPATH\Model.php(666): CodeIgniter\BaseModel->insert([...], true)
 8 APPPATH\Controllers\FuncionariosController.php(93): CodeIgniter\Model->insert(Object(App\Entities\Funcionarios))
 9 SYSTEMPATH\CodeIgniter.php(898): App\Controllers\FuncionariosController->salvar()
10 SYSTEMPATH\CodeIgniter.php(457): CodeIgniter\CodeIgniter->runController(Object(App\Controllers\FuncionariosController))
11 SYSTEMPATH\CodeIgniter.php(340): CodeIgniter\CodeIgniter->handleRequest(null, Object(Config\Cache), false)
12 FCPATH\index.php(67): CodeIgniter\CodeIgniter->run()
13 SYSTEMPATH\Commands\Server\rewrite.php(43): require_once('FCPATH\\index.php')
ERROR - 2022-08-22 14:39:54 --> mysqli_sql_exception: Column 'FUN_CATEGORIA' cannot be null in C:\xampp3\htdocs\OMNIMED\desenvolvimento\comum\Sprint-int01\system\Database\MySQLi\Connection.php:292
Stack trace:
#0 C:\xampp3\htdocs\OMNIMED\desenvolvimento\comum\Sprint-int01\system\Database\MySQLi\Connection.php(292): mysqli->query('INSERT INTO `fu...', 0)
#1 C:\xampp3\htdocs\OMNIMED\desenvolvimento\comum\Sprint-int01\system\Database\BaseConnection.php(693): CodeIgniter\Database\MySQLi\Connection->execute('INSERT INTO `fu...')
#2 C:\xampp3\htdocs\OMNIMED\desenvolvimento\comum\Sprint-int01\system\Database\BaseConnection.php(620): CodeIgniter\Database\BaseConnection->simpleQuery('INSERT INTO `fu...')
#3 C:\xampp3\htdocs\OMNIMED\desenvolvimento\comum\Sprint-int01\system\Database\BaseBuilder.php(1916): CodeIgniter\Database\BaseConnection->query('INSERT INTO `fu...', Array, false)
#4 C:\xampp3\htdocs\OMNIMED\desenvolvimento\comum\Sprint-int01\system\Model.php(278): CodeIgniter\Database\BaseBuilder->insert()
#5 C:\xampp3\htdocs\OMNIMED\desenvolvimento\comum\Sprint-int01\system\BaseModel.php(738): CodeIgniter\Model->doInsert(Array)
#6 C:\xampp3\htdocs\OMNIMED\desenvolvimento\comum\Sprint-int01\system\Model.php(666): CodeIgniter\BaseModel->insert(Array, true)
#7 C:\xampp3\htdocs\OMNIMED\desenvolvimento\comum\Sprint-int01\app\Controllers\FuncionariosController.php(88): CodeIgniter\Model->insert(Object(App\Entities\Funcionarios))
#8 C:\xampp3\htdocs\OMNIMED\desenvolvimento\comum\Sprint-int01\system\CodeIgniter.php(898): App\Controllers\FuncionariosController->salvar()
#9 C:\xampp3\htdocs\OMNIMED\desenvolvimento\comum\Sprint-int01\system\CodeIgniter.php(457): CodeIgniter\CodeIgniter->runController(Object(App\Controllers\FuncionariosController))
#10 C:\xampp3\htdocs\OMNIMED\desenvolvimento\comum\Sprint-int01\system\CodeIgniter.php(340): CodeIgniter\CodeIgniter->handleRequest(NULL, Object(Config\Cache), false)
#11 C:\xampp3\htdocs\OMNIMED\desenvolvimento\comum\Sprint-int01\public\index.php(67): CodeIgniter\CodeIgniter->run()
#12 C:\xampp3\htdocs\OMNIMED\desenvolvimento\comum\Sprint-int01\system\Commands\Server\rewrite.php(43): require_once('C:\\xampp3\\htdoc...')
#13 {main}
CRITICAL - 2022-08-22 14:39:54 --> Column 'FUN_CATEGORIA' cannot be null
in SYSTEMPATH\Database\MySQLi\Connection.php on line 292.
 1 SYSTEMPATH\Database\MySQLi\Connection.php(292): mysqli->query('INSERT INTO `funcionarios` (`FUN_PRONTUARIO`, `FUN_CATEGORIA`, `FK_USUARIO_COMUM_USC_ID`) VALUES (\'ME151651\', NULL, \'17\')', 0)
 2 SYSTEMPATH\Database\BaseConnection.php(693): CodeIgniter\Database\MySQLi\Connection->execute('INSERT INTO `funcionarios` (`FUN_PRONTUARIO`, `FUN_CATEGORIA`, `FK_USUARIO_COMUM_USC_ID`) VALUES (\'ME151651\', NULL, \'17\')')
 3 SYSTEMPATH\Database\BaseConnection.php(620): CodeIgniter\Database\BaseConnection->simpleQuery('INSERT INTO `funcionarios` (`FUN_PRONTUARIO`, `FUN_CATEGORIA`, `FK_USUARIO_COMUM_USC_ID`) VALUES (\'ME151651\', NULL, \'17\')')
 4 SYSTEMPATH\Database\BaseBuilder.php(1916): CodeIgniter\Database\BaseConnection->query('INSERT INTO `funcionarios` (`FUN_PRONTUARIO`, `FUN_CATEGORIA`, `FK_USUARIO_COMUM_USC_ID`) VALUES (:FUN_PRONTUARIO:, :FUN_CATEGORIA:, :FK_USUARIO_COMUM_USC_ID:)', [...], false)
 5 SYSTEMPATH\Model.php(278): CodeIgniter\Database\BaseBuilder->insert()
 6 SYSTEMPATH\BaseModel.php(738): CodeIgniter\Model->doInsert([...])
 7 SYSTEMPATH\Model.php(666): CodeIgniter\BaseModel->insert([...], true)
 8 APPPATH\Controllers\FuncionariosController.php(88): CodeIgniter\Model->insert(Object(App\Entities\Funcionarios))
 9 SYSTEMPATH\CodeIgniter.php(898): App\Controllers\FuncionariosController->salvar()
10 SYSTEMPATH\CodeIgniter.php(457): CodeIgniter\CodeIgniter->runController(Object(App\Controllers\FuncionariosController))
11 SYSTEMPATH\CodeIgniter.php(340): CodeIgniter\CodeIgniter->handleRequest(null, Object(Config\Cache), false)
12 FCPATH\index.php(67): CodeIgniter\CodeIgniter->run()
13 SYSTEMPATH\Commands\Server\rewrite.php(43): require_once('FCPATH\\index.php')
ERROR - 2022-08-22 14:41:38 --> mysqli_sql_exception: Column 'FUN_CATEGORIA' cannot be null in C:\xampp3\htdocs\OMNIMED\desenvolvimento\comum\Sprint-int01\system\Database\MySQLi\Connection.php:292
Stack trace:
#0 C:\xampp3\htdocs\OMNIMED\desenvolvimento\comum\Sprint-int01\system\Database\MySQLi\Connection.php(292): mysqli->query('INSERT INTO `fu...', 0)
#1 C:\xampp3\htdocs\OMNIMED\desenvolvimento\comum\Sprint-int01\system\Database\BaseConnection.php(693): CodeIgniter\Database\MySQLi\Connection->execute('INSERT INTO `fu...')
#2 C:\xampp3\htdocs\OMNIMED\desenvolvimento\comum\Sprint-int01\system\Database\BaseConnection.php(620): CodeIgniter\Database\BaseConnection->simpleQuery('INSERT INTO `fu...')
#3 C:\xampp3\htdocs\OMNIMED\desenvolvimento\comum\Sprint-int01\system\Database\BaseBuilder.php(1916): CodeIgniter\Database\BaseConnection->query('INSERT INTO `fu...', Array, false)
#4 C:\xampp3\htdocs\OMNIMED\desenvolvimento\comum\Sprint-int01\system\Model.php(278): CodeIgniter\Database\BaseBuilder->insert()
#5 C:\xampp3\htdocs\OMNIMED\desenvolvimento\comum\Sprint-int01\system\BaseModel.php(738): CodeIgniter\Model->doInsert(Array)
#6 C:\xampp3\htdocs\OMNIMED\desenvolvimento\comum\Sprint-int01\system\Model.php(666): CodeIgniter\BaseModel->insert(Array, true)
#7 C:\xampp3\htdocs\OMNIMED\desenvolvimento\comum\Sprint-int01\app\Controllers\FuncionariosController.php(88): CodeIgniter\Model->insert(Object(App\Entities\Funcionarios))
#8 C:\xampp3\htdocs\OMNIMED\desenvolvimento\comum\Sprint-int01\system\CodeIgniter.php(898): App\Controllers\FuncionariosController->salvar()
#9 C:\xampp3\htdocs\OMNIMED\desenvolvimento\comum\Sprint-int01\system\CodeIgniter.php(457): CodeIgniter\CodeIgniter->runController(Object(App\Controllers\FuncionariosController))
#10 C:\xampp3\htdocs\OMNIMED\desenvolvimento\comum\Sprint-int01\system\CodeIgniter.php(340): CodeIgniter\CodeIgniter->handleRequest(NULL, Object(Config\Cache), false)
#11 C:\xampp3\htdocs\OMNIMED\desenvolvimento\comum\Sprint-int01\public\index.php(67): CodeIgniter\CodeIgniter->run()
#12 C:\xampp3\htdocs\OMNIMED\desenvolvimento\comum\Sprint-int01\system\Commands\Server\rewrite.php(43): require_once('C:\\xampp3\\htdoc...')
#13 {main}
CRITICAL - 2022-08-22 14:41:38 --> Column 'FUN_CATEGORIA' cannot be null
in SYSTEMPATH\Database\MySQLi\Connection.php on line 292.
 1 SYSTEMPATH\Database\MySQLi\Connection.php(292): mysqli->query('INSERT INTO `funcionarios` (`FUN_PRONTUARIO`, `FUN_CATEGORIA`, `FK_USUARIO_COMUM_USC_ID`) VALUES (\'ME130981\', NULL, \'18\')', 0)
 2 SYSTEMPATH\Database\BaseConnection.php(693): CodeIgniter\Database\MySQLi\Connection->execute('INSERT INTO `funcionarios` (`FUN_PRONTUARIO`, `FUN_CATEGORIA`, `FK_USUARIO_COMUM_USC_ID`) VALUES (\'ME130981\', NULL, \'18\')')
 3 SYSTEMPATH\Database\BaseConnection.php(620): CodeIgniter\Database\BaseConnection->simpleQuery('INSERT INTO `funcionarios` (`FUN_PRONTUARIO`, `FUN_CATEGORIA`, `FK_USUARIO_COMUM_USC_ID`) VALUES (\'ME130981\', NULL, \'18\')')
 4 SYSTEMPATH\Database\BaseBuilder.php(1916): CodeIgniter\Database\BaseConnection->query('INSERT INTO `funcionarios` (`FUN_PRONTUARIO`, `FUN_CATEGORIA`, `FK_USUARIO_COMUM_USC_ID`) VALUES (:FUN_PRONTUARIO:, :FUN_CATEGORIA:, :FK_USUARIO_COMUM_USC_ID:)', [...], false)
 5 SYSTEMPATH\Model.php(278): CodeIgniter\Database\BaseBuilder->insert()
 6 SYSTEMPATH\BaseModel.php(738): CodeIgniter\Model->doInsert([...])
 7 SYSTEMPATH\Model.php(666): CodeIgniter\BaseModel->insert([...], true)
 8 APPPATH\Controllers\FuncionariosController.php(88): CodeIgniter\Model->insert(Object(App\Entities\Funcionarios))
 9 SYSTEMPATH\CodeIgniter.php(898): App\Controllers\FuncionariosController->salvar()
10 SYSTEMPATH\CodeIgniter.php(457): CodeIgniter\CodeIgniter->runController(Object(App\Controllers\FuncionariosController))
11 SYSTEMPATH\CodeIgniter.php(340): CodeIgniter\CodeIgniter->handleRequest(null, Object(Config\Cache), false)
12 FCPATH\index.php(67): CodeIgniter\CodeIgniter->run()
13 SYSTEMPATH\Commands\Server\rewrite.php(43): require_once('FCPATH\\index.php')
ERROR - 2022-08-22 14:43:16 --> mysqli_sql_exception: Column 'FUN_CATEGORIA' cannot be null in C:\xampp3\htdocs\OMNIMED\desenvolvimento\comum\Sprint-int01\system\Database\MySQLi\Connection.php:292
Stack trace:
#0 C:\xampp3\htdocs\OMNIMED\desenvolvimento\comum\Sprint-int01\system\Database\MySQLi\Connection.php(292): mysqli->query('INSERT INTO `fu...', 0)
#1 C:\xampp3\htdocs\OMNIMED\desenvolvimento\comum\Sprint-int01\system\Database\BaseConnection.php(693): CodeIgniter\Database\MySQLi\Connection->execute('INSERT INTO `fu...')
#2 C:\xampp3\htdocs\OMNIMED\desenvolvimento\comum\Sprint-int01\system\Database\BaseConnection.php(620): CodeIgniter\Database\BaseConnection->simpleQuery('INSERT INTO `fu...')
#3 C:\xampp3\htdocs\OMNIMED\desenvolvimento\comum\Sprint-int01\system\Database\BaseBuilder.php(1916): CodeIgniter\Database\BaseConnection->query('INSERT INTO `fu...', Array, false)
#4 C:\xampp3\htdocs\OMNIMED\desenvolvimento\comum\Sprint-int01\system\Model.php(278): CodeIgniter\Database\BaseBuilder->insert()
#5 C:\xampp3\htdocs\OMNIMED\desenvolvimento\comum\Sprint-int01\system\BaseModel.php(738): CodeIgniter\Model->doInsert(Array)
#6 C:\xampp3\htdocs\OMNIMED\desenvolvimento\comum\Sprint-int01\system\Model.php(666): CodeIgniter\BaseModel->insert(Array, true)
#7 C:\xampp3\htdocs\OMNIMED\desenvolvimento\comum\Sprint-int01\app\Controllers\FuncionariosController.php(89): CodeIgniter\Model->insert(Object(App\Entities\Funcionarios))
#8 C:\xampp3\htdocs\OMNIMED\desenvolvimento\comum\Sprint-int01\system\CodeIgniter.php(898): App\Controllers\FuncionariosController->salvar()
#9 C:\xampp3\htdocs\OMNIMED\desenvolvimento\comum\Sprint-int01\system\CodeIgniter.php(457): CodeIgniter\CodeIgniter->runController(Object(App\Controllers\FuncionariosController))
#10 C:\xampp3\htdocs\OMNIMED\desenvolvimento\comum\Sprint-int01\system\CodeIgniter.php(340): CodeIgniter\CodeIgniter->handleRequest(NULL, Object(Config\Cache), false)
#11 C:\xampp3\htdocs\OMNIMED\desenvolvimento\comum\Sprint-int01\public\index.php(67): CodeIgniter\CodeIgniter->run()
#12 C:\xampp3\htdocs\OMNIMED\desenvolvimento\comum\Sprint-int01\system\Commands\Server\rewrite.php(43): require_once('C:\\xampp3\\htdoc...')
#13 {main}
CRITICAL - 2022-08-22 14:43:16 --> Column 'FUN_CATEGORIA' cannot be null
in SYSTEMPATH\Database\MySQLi\Connection.php on line 292.
 1 SYSTEMPATH\Database\MySQLi\Connection.php(292): mysqli->query('INSERT INTO `funcionarios` (`FUN_PRONTUARIO`, `FUN_CATEGORIA`, `FK_USUARIO_COMUM_USC_ID`) VALUES (\'ME979536\', NULL, \'19\')', 0)
 2 SYSTEMPATH\Database\BaseConnection.php(693): CodeIgniter\Database\MySQLi\Connection->execute('INSERT INTO `funcionarios` (`FUN_PRONTUARIO`, `FUN_CATEGORIA`, `FK_USUARIO_COMUM_USC_ID`) VALUES (\'ME979536\', NULL, \'19\')')
 3 SYSTEMPATH\Database\BaseConnection.php(620): CodeIgniter\Database\BaseConnection->simpleQuery('INSERT INTO `funcionarios` (`FUN_PRONTUARIO`, `FUN_CATEGORIA`, `FK_USUARIO_COMUM_USC_ID`) VALUES (\'ME979536\', NULL, \'19\')')
 4 SYSTEMPATH\Database\BaseBuilder.php(1916): CodeIgniter\Database\BaseConnection->query('INSERT INTO `funcionarios` (`FUN_PRONTUARIO`, `FUN_CATEGORIA`, `FK_USUARIO_COMUM_USC_ID`) VALUES (:FUN_PRONTUARIO:, :FUN_CATEGORIA:, :FK_USUARIO_COMUM_USC_ID:)', [...], false)
 5 SYSTEMPATH\Model.php(278): CodeIgniter\Database\BaseBuilder->insert()
 6 SYSTEMPATH\BaseModel.php(738): CodeIgniter\Model->doInsert([...])
 7 SYSTEMPATH\Model.php(666): CodeIgniter\BaseModel->insert([...], true)
 8 APPPATH\Controllers\FuncionariosController.php(89): CodeIgniter\Model->insert(Object(App\Entities\Funcionarios))
 9 SYSTEMPATH\CodeIgniter.php(898): App\Controllers\FuncionariosController->salvar()
10 SYSTEMPATH\CodeIgniter.php(457): CodeIgniter\CodeIgniter->runController(Object(App\Controllers\FuncionariosController))
11 SYSTEMPATH\CodeIgniter.php(340): CodeIgniter\CodeIgniter->handleRequest(null, Object(Config\Cache), false)
12 FCPATH\index.php(67): CodeIgniter\CodeIgniter->run()
13 SYSTEMPATH\Commands\Server\rewrite.php(43): require_once('FCPATH\\index.php')
ERROR - 2022-08-22 14:46:02 --> mysqli_sql_exception: Column 'FUN_CATEGORIA' cannot be null in C:\xampp3\htdocs\OMNIMED\desenvolvimento\comum\Sprint-int01\system\Database\MySQLi\Connection.php:292
Stack trace:
#0 C:\xampp3\htdocs\OMNIMED\desenvolvimento\comum\Sprint-int01\system\Database\MySQLi\Connection.php(292): mysqli->query('INSERT INTO `fu...', 0)
#1 C:\xampp3\htdocs\OMNIMED\desenvolvimento\comum\Sprint-int01\system\Database\BaseConnection.php(693): CodeIgniter\Database\MySQLi\Connection->execute('INSERT INTO `fu...')
#2 C:\xampp3\htdocs\OMNIMED\desenvolvimento\comum\Sprint-int01\system\Database\BaseConnection.php(620): CodeIgniter\Database\BaseConnection->simpleQuery('INSERT INTO `fu...')
#3 C:\xampp3\htdocs\OMNIMED\desenvolvimento\comum\Sprint-int01\system\Database\BaseBuilder.php(1916): CodeIgniter\Database\BaseConnection->query('INSERT INTO `fu...', Array, false)
#4 C:\xampp3\htdocs\OMNIMED\desenvolvimento\comum\Sprint-int01\system\Model.php(278): CodeIgniter\Database\BaseBuilder->insert()
#5 C:\xampp3\htdocs\OMNIMED\desenvolvimento\comum\Sprint-int01\system\BaseModel.php(738): CodeIgniter\Model->doInsert(Array)
#6 C:\xampp3\htdocs\OMNIMED\desenvolvimento\comum\Sprint-int01\system\Model.php(666): CodeIgniter\BaseModel->insert(Array, false)
#7 C:\xampp3\htdocs\OMNIMED\desenvolvimento\comum\Sprint-int01\system\BaseModel.php(658): CodeIgniter\Model->insert(Object(App\Entities\Funcionarios), false)
#8 C:\xampp3\htdocs\OMNIMED\desenvolvimento\comum\Sprint-int01\app\Controllers\FuncionariosController.php(89): CodeIgniter\BaseModel->save(Object(App\Entities\Funcionarios))
#9 C:\xampp3\htdocs\OMNIMED\desenvolvimento\comum\Sprint-int01\system\CodeIgniter.php(898): App\Controllers\FuncionariosController->salvar()
#10 C:\xampp3\htdocs\OMNIMED\desenvolvimento\comum\Sprint-int01\system\CodeIgniter.php(457): CodeIgniter\CodeIgniter->runController(Object(App\Controllers\FuncionariosController))
#11 C:\xampp3\htdocs\OMNIMED\desenvolvimento\comum\Sprint-int01\system\CodeIgniter.php(340): CodeIgniter\CodeIgniter->handleRequest(NULL, Object(Config\Cache), false)
#12 C:\xampp3\htdocs\OMNIMED\desenvolvimento\comum\Sprint-int01\public\index.php(67): CodeIgniter\CodeIgniter->run()
#13 C:\xampp3\htdocs\OMNIMED\desenvolvimento\comum\Sprint-int01\system\Commands\Server\rewrite.php(43): require_once('C:\\xampp3\\htdoc...')
#14 {main}
CRITICAL - 2022-08-22 14:46:02 --> Column 'FUN_CATEGORIA' cannot be null
in SYSTEMPATH\Database\MySQLi\Connection.php on line 292.
 1 SYSTEMPATH\Database\MySQLi\Connection.php(292): mysqli->query('INSERT INTO `funcionarios` (`FUN_PRONTUARIO`, `FUN_CATEGORIA`, `FK_USUARIO_COMUM_USC_ID`) VALUES (\'ME179231\', NULL, \'20\')', 0)
 2 SYSTEMPATH\Database\BaseConnection.php(693): CodeIgniter\Database\MySQLi\Connection->execute('INSERT INTO `funcionarios` (`FUN_PRONTUARIO`, `FUN_CATEGORIA`, `FK_USUARIO_COMUM_USC_ID`) VALUES (\'ME179231\', NULL, \'20\')')
 3 SYSTEMPATH\Database\BaseConnection.php(620): CodeIgniter\Database\BaseConnection->simpleQuery('INSERT INTO `funcionarios` (`FUN_PRONTUARIO`, `FUN_CATEGORIA`, `FK_USUARIO_COMUM_USC_ID`) VALUES (\'ME179231\', NULL, \'20\')')
 4 SYSTEMPATH\Database\BaseBuilder.php(1916): CodeIgniter\Database\BaseConnection->query('INSERT INTO `funcionarios` (`FUN_PRONTUARIO`, `FUN_CATEGORIA`, `FK_USUARIO_COMUM_USC_ID`) VALUES (:FUN_PRONTUARIO:, :FUN_CATEGORIA:, :FK_USUARIO_COMUM_USC_ID:)', [...], false)
 5 SYSTEMPATH\Model.php(278): CodeIgniter\Database\BaseBuilder->insert()
 6 SYSTEMPATH\BaseModel.php(738): CodeIgniter\Model->doInsert([...])
 7 SYSTEMPATH\Model.php(666): CodeIgniter\BaseModel->insert([...], false)
 8 SYSTEMPATH\BaseModel.php(658): CodeIgniter\Model->insert(Object(App\Entities\Funcionarios), false)
 9 APPPATH\Controllers\FuncionariosController.php(89): CodeIgniter\BaseModel->save(Object(App\Entities\Funcionarios))
10 SYSTEMPATH\CodeIgniter.php(898): App\Controllers\FuncionariosController->salvar()
11 SYSTEMPATH\CodeIgniter.php(457): CodeIgniter\CodeIgniter->runController(Object(App\Controllers\FuncionariosController))
12 SYSTEMPATH\CodeIgniter.php(340): CodeIgniter\CodeIgniter->handleRequest(null, Object(Config\Cache), false)
13 FCPATH\index.php(67): CodeIgniter\CodeIgniter->run()
14 SYSTEMPATH\Commands\Server\rewrite.php(43): require_once('FCPATH\\index.php')
ERROR - 2022-08-22 21:54:12 --> mysqli_sql_exception: Column 'ADM_CLINICA' cannot be null in C:\xampp3\htdocs\OMNIMED\desenvolvimento\comum\Sprint-int01\system\Database\MySQLi\Connection.php:292
Stack trace:
#0 C:\xampp3\htdocs\OMNIMED\desenvolvimento\comum\Sprint-int01\system\Database\MySQLi\Connection.php(292): mysqli->query('INSERT INTO `ad...', 0)
#1 C:\xampp3\htdocs\OMNIMED\desenvolvimento\comum\Sprint-int01\system\Database\BaseConnection.php(693): CodeIgniter\Database\MySQLi\Connection->execute('INSERT INTO `ad...')
#2 C:\xampp3\htdocs\OMNIMED\desenvolvimento\comum\Sprint-int01\system\Database\BaseConnection.php(620): CodeIgniter\Database\BaseConnection->simpleQuery('INSERT INTO `ad...')
#3 C:\xampp3\htdocs\OMNIMED\desenvolvimento\comum\Sprint-int01\system\Database\BaseBuilder.php(1916): CodeIgniter\Database\BaseConnection->query('INSERT INTO `ad...', Array, false)
#4 C:\xampp3\htdocs\OMNIMED\desenvolvimento\comum\Sprint-int01\system\Model.php(278): CodeIgniter\Database\BaseBuilder->insert()
#5 C:\xampp3\htdocs\OMNIMED\desenvolvimento\comum\Sprint-int01\system\BaseModel.php(738): CodeIgniter\Model->doInsert(Array)
#6 C:\xampp3\htdocs\OMNIMED\desenvolvimento\comum\Sprint-int01\system\Model.php(666): CodeIgniter\BaseModel->insert(Array, true)
#7 C:\xampp3\htdocs\OMNIMED\desenvolvimento\comum\Sprint-int01\app\Controllers\FuncionariosController.php(104): CodeIgniter\Model->insert(Object(App\Entities\Administrativo))
#8 C:\xampp3\htdocs\OMNIMED\desenvolvimento\comum\Sprint-int01\system\CodeIgniter.php(898): App\Controllers\FuncionariosController->salvar()
#9 C:\xampp3\htdocs\OMNIMED\desenvolvimento\comum\Sprint-int01\system\CodeIgniter.php(457): CodeIgniter\CodeIgniter->runController(Object(App\Controllers\FuncionariosController))
#10 C:\xampp3\htdocs\OMNIMED\desenvolvimento\comum\Sprint-int01\system\CodeIgniter.php(340): CodeIgniter\CodeIgniter->handleRequest(NULL, Object(Config\Cache), false)
#11 C:\xampp3\htdocs\OMNIMED\desenvolvimento\comum\Sprint-int01\public\index.php(67): CodeIgniter\CodeIgniter->run()
#12 C:\xampp3\htdocs\OMNIMED\desenvolvimento\comum\Sprint-int01\system\Commands\Server\rewrite.php(43): require_once('C:\\xampp3\\htdoc...')
#13 {main}
CRITICAL - 2022-08-22 21:54:12 --> Column 'ADM_CLINICA' cannot be null
in SYSTEMPATH\Database\MySQLi\Connection.php on line 292.
 1 SYSTEMPATH\Database\MySQLi\Connection.php(292): mysqli->query('INSERT INTO `administrativo` (`ADM_FUNCAO`, `ADM_DATA_DEMISSAO`, `ADM_DATA_ADMISSAO`, `ADM_CLINICA`, `ADM_SALARIO`, `ADM_CRM`, `ADM_TELEFONE_CELULAR`, `FK_FUNCIONARIOS_FUN_ID`) VALUES (\'1\', \'\', \'2020-10-09\', NULL, \'1200\', \'1212121212\', \'19991981419\', \'23\')', 0)
 2 SYSTEMPATH\Database\BaseConnection.php(693): CodeIgniter\Database\MySQLi\Connection->execute('INSERT INTO `administrativo` (`ADM_FUNCAO`, `ADM_DATA_DEMISSAO`, `ADM_DATA_ADMISSAO`, `ADM_CLINICA`, `ADM_SALARIO`, `ADM_CRM`, `ADM_TELEFONE_CELULAR`, `FK_FUNCIONARIOS_FUN_ID`) VALUES (\'1\', \'\', \'2020-10-09\', NULL, \'1200\', \'1212121212\', \'19991981419\', \'23\')')
 3 SYSTEMPATH\Database\BaseConnection.php(620): CodeIgniter\Database\BaseConnection->simpleQuery('INSERT INTO `administrativo` (`ADM_FUNCAO`, `ADM_DATA_DEMISSAO`, `ADM_DATA_ADMISSAO`, `ADM_CLINICA`, `ADM_SALARIO`, `ADM_CRM`, `ADM_TELEFONE_CELULAR`, `FK_FUNCIONARIOS_FUN_ID`) VALUES (\'1\', \'\', \'2020-10-09\', NULL, \'1200\', \'1212121212\', \'19991981419\', \'23\')')
 4 SYSTEMPATH\Database\BaseBuilder.php(1916): CodeIgniter\Database\BaseConnection->query('INSERT INTO `administrativo` (`ADM_FUNCAO`, `ADM_DATA_DEMISSAO`, `ADM_DATA_ADMISSAO`, `ADM_CLINICA`, `ADM_SALARIO`, `ADM_CRM`, `ADM_TELEFONE_CELULAR`, `FK_FUNCIONARIOS_FUN_ID`) VALUES (:ADM_FUNCAO:, :ADM_DATA_DEMISSAO:, :ADM_DATA_ADMISSAO:, :ADM_CLINICA:, :ADM_SALARIO:, :ADM_CRM:, :ADM_TELEFONE_CELULAR:, :FK_FUNCIONARIOS_FUN_ID:)', [...], false)
 5 SYSTEMPATH\Model.php(278): CodeIgniter\Database\BaseBuilder->insert()
 6 SYSTEMPATH\BaseModel.php(738): CodeIgniter\Model->doInsert([...])
 7 SYSTEMPATH\Model.php(666): CodeIgniter\BaseModel->insert([...], true)
 8 APPPATH\Controllers\FuncionariosController.php(104): CodeIgniter\Model->insert(Object(App\Entities\Administrativo))
 9 SYSTEMPATH\CodeIgniter.php(898): App\Controllers\FuncionariosController->salvar()
10 SYSTEMPATH\CodeIgniter.php(457): CodeIgniter\CodeIgniter->runController(Object(App\Controllers\FuncionariosController))
11 SYSTEMPATH\CodeIgniter.php(340): CodeIgniter\CodeIgniter->handleRequest(null, Object(Config\Cache), false)
12 FCPATH\index.php(67): CodeIgniter\CodeIgniter->run()
13 SYSTEMPATH\Commands\Server\rewrite.php(43): require_once('FCPATH\\index.php')
