ERROR - 2022-10-04 17:04:57 --> Error connecting to the database: mysqli_sql_exception: Nenhuma conexão pôde ser feita porque a máquina de destino as recusou ativamente in D:\Omnimed\pidc2022\desenvolvimento\comum\Sprint-int01\system\Database\MySQLi\Connection.php:171
Stack trace:
#0 D:\Omnimed\pidc2022\desenvolvimento\comum\Sprint-int01\system\Database\MySQLi\Connection.php(171): mysqli->real_connect('localhost', 'root', '', 'omnimed', 3306, '', 0)
#1 D:\Omnimed\pidc2022\desenvolvimento\comum\Sprint-int01\system\Database\BaseConnection.php(382): CodeIgniter\Database\MySQLi\Connection->connect(false)
#2 D:\Omnimed\pidc2022\desenvolvimento\comum\Sprint-int01\system\Database\BaseConnection.php(588): CodeIgniter\Database\BaseConnection->initialize()
#3 D:\Omnimed\pidc2022\desenvolvimento\comum\Sprint-int01\app\Models\PacientesModel.php(75): CodeIgniter\Database\BaseConnection->query('SELECT * FROM p...')
#4 D:\Omnimed\pidc2022\desenvolvimento\comum\Sprint-int01\app\Views\exames\create.php(18): App\Models\PacientesModel->obterPacientePorFKUsuarioComum(1)
#5 D:\Omnimed\pidc2022\desenvolvimento\comum\Sprint-int01\system\View\View.php(213): include('D:\\Omnimed\\pidc...')
#6 D:\Omnimed\pidc2022\desenvolvimento\comum\Sprint-int01\system\View\View.php(216): CodeIgniter\View\View->CodeIgniter\View\{closure}()
#7 D:\Omnimed\pidc2022\desenvolvimento\comum\Sprint-int01\system\Common.php(1137): CodeIgniter\View\View->render('/exames/create....', Array, true)
#8 D:\Omnimed\pidc2022\desenvolvimento\comum\Sprint-int01\app\Controllers\ExamesController.php(11): view('/exames/create....')
#9 D:\Omnimed\pidc2022\desenvolvimento\comum\Sprint-int01\system\CodeIgniter.php(898): App\Controllers\ExamesController->novo()
#10 D:\Omnimed\pidc2022\desenvolvimento\comum\Sprint-int01\system\CodeIgniter.php(457): CodeIgniter\CodeIgniter->runController(Object(App\Controllers\ExamesController))
#11 D:\Omnimed\pidc2022\desenvolvimento\comum\Sprint-int01\system\CodeIgniter.php(340): CodeIgniter\CodeIgniter->handleRequest(NULL, Object(Config\Cache), false)
#12 D:\Omnimed\pidc2022\desenvolvimento\comum\Sprint-int01\public\index.php(67): CodeIgniter\CodeIgniter->run()
#13 D:\Omnimed\pidc2022\desenvolvimento\comum\Sprint-int01\system\Commands\Server\rewrite.php(43): require_once('D:\\Omnimed\\pidc...')
#14 {main}

Next CodeIgniter\Database\Exceptions\DatabaseException: Nenhuma conexão pôde ser feita porque a máquina de destino as recusou ativamente in D:\Omnimed\pidc2022\desenvolvimento\comum\Sprint-int01\system\Database\MySQLi\Connection.php:215
Stack trace:
#0 D:\Omnimed\pidc2022\desenvolvimento\comum\Sprint-int01\system\Database\BaseConnection.php(382): CodeIgniter\Database\MySQLi\Connection->connect(false)
#1 D:\Omnimed\pidc2022\desenvolvimento\comum\Sprint-int01\system\Database\BaseConnection.php(588): CodeIgniter\Database\BaseConnection->initialize()
#2 D:\Omnimed\pidc2022\desenvolvimento\comum\Sprint-int01\app\Models\PacientesModel.php(75): CodeIgniter\Database\BaseConnection->query('SELECT * FROM p...')
#3 D:\Omnimed\pidc2022\desenvolvimento\comum\Sprint-int01\app\Views\exames\create.php(18): App\Models\PacientesModel->obterPacientePorFKUsuarioComum(1)
#4 D:\Omnimed\pidc2022\desenvolvimento\comum\Sprint-int01\system\View\View.php(213): include('D:\\Omnimed\\pidc...')
#5 D:\Omnimed\pidc2022\desenvolvimento\comum\Sprint-int01\system\View\View.php(216): CodeIgniter\View\View->CodeIgniter\View\{closure}()
#6 D:\Omnimed\pidc2022\desenvolvimento\comum\Sprint-int01\system\Common.php(1137): CodeIgniter\View\View->render('/exames/create....', Array, true)
#7 D:\Omnimed\pidc2022\desenvolvimento\comum\Sprint-int01\app\Controllers\ExamesController.php(11): view('/exames/create....')
#8 D:\Omnimed\pidc2022\desenvolvimento\comum\Sprint-int01\system\CodeIgniter.php(898): App\Controllers\ExamesController->novo()
#9 D:\Omnimed\pidc2022\desenvolvimento\comum\Sprint-int01\system\CodeIgniter.php(457): CodeIgniter\CodeIgniter->runController(Object(App\Controllers\ExamesController))
#10 D:\Omnimed\pidc2022\desenvolvimento\comum\Sprint-int01\system\CodeIgniter.php(340): CodeIgniter\CodeIgniter->handleRequest(NULL, Object(Config\Cache), false)
#11 D:\Omnimed\pidc2022\desenvolvimento\comum\Sprint-int01\public\index.php(67): CodeIgniter\CodeIgniter->run()
#12 D:\Omnimed\pidc2022\desenvolvimento\comum\Sprint-int01\system\Commands\Server\rewrite.php(43): require_once('D:\\Omnimed\\pidc...')
#13 {main}
CRITICAL - 2022-10-04 17:04:57 --> Unable to connect to the database.
Main connection [MySQLi]: Nenhuma conexão pôde ser feita porque a máquina de destino as recusou ativamente
in SYSTEMPATH\Database\BaseConnection.php on line 418.
 1 SYSTEMPATH\Database\BaseConnection.php(588): CodeIgniter\Database\BaseConnection->initialize()
 2 APPPATH\Models\PacientesModel.php(75): CodeIgniter\Database\BaseConnection->query('SELECT * FROM pacientes WHERE pacientes.FK_USUARIO_COMUM_USC_ID = 1')
 3 APPPATH\Views\exames\create.php(18): App\Models\PacientesModel->obterPacientePorFKUsuarioComum(1)
 4 SYSTEMPATH\View\View.php(213): include('APPPATH\\Views\\exames\\create.php')
 5 SYSTEMPATH\View\View.php(216): CodeIgniter\View\View->CodeIgniter\View\{closure}()
 6 SYSTEMPATH\Common.php(1137): CodeIgniter\View\View->render('/exames/create.php', [], true)
 7 APPPATH\Controllers\ExamesController.php(11): view('/exames/create.php')
 8 SYSTEMPATH\CodeIgniter.php(898): App\Controllers\ExamesController->novo()
 9 SYSTEMPATH\CodeIgniter.php(457): CodeIgniter\CodeIgniter->runController(Object(App\Controllers\ExamesController))
10 SYSTEMPATH\CodeIgniter.php(340): CodeIgniter\CodeIgniter->handleRequest(null, Object(Config\Cache), false)
11 FCPATH\index.php(67): CodeIgniter\CodeIgniter->run()
12 SYSTEMPATH\Commands\Server\rewrite.php(43): require_once('FCPATH\\index.php')
