CRITICAL - 2022-10-01 06:51:28 --> Undefined variable $dependente
in APPPATH\Views\dependentes\list.php on line 299.
 1 APPPATH\Views\dependentes\list.php(299): CodeIgniter\Debug\Exceptions->errorHandler(2, 'Undefined variable $dependente', 'APPPATH\\Views\\dependentes\\list.php', 299)
 2 SYSTEMPATH\View\View.php(213): include('APPPATH\\Views\\dependentes\\list.php')
 3 SYSTEMPATH\View\View.php(216): CodeIgniter\View\View->CodeIgniter\View\{closure}()
 4 SYSTEMPATH\Common.php(1137): CodeIgniter\View\View->render('/dependentes/list.php', [], true)
 5 APPPATH\Controllers\DependentesController.php(17): view('/dependentes/list.php')
 6 SYSTEMPATH\CodeIgniter.php(898): App\Controllers\DependentesController->listagem()
 7 SYSTEMPATH\CodeIgniter.php(457): CodeIgniter\CodeIgniter->runController(Object(App\Controllers\DependentesController))
 8 SYSTEMPATH\CodeIgniter.php(340): CodeIgniter\CodeIgniter->handleRequest(null, Object(Config\Cache), false)
 9 FCPATH\index.php(67): CodeIgniter\CodeIgniter->run()
10 SYSTEMPATH\Commands\Server\rewrite.php(43): require_once('FCPATH\\index.php')
CRITICAL - 2022-10-01 06:52:21 --> Trying to access array offset on value of type null
in APPPATH\Views\pacientes\edit.php on line 271.
 1 APPPATH\Views\pacientes\edit.php(271): CodeIgniter\Debug\Exceptions->errorHandler(2, 'Trying to access array offset on value of type null', 'APPPATH\\Views\\pacientes\\edit.php', 271)
 2 SYSTEMPATH\View\View.php(213): include('APPPATH\\Views\\pacientes\\edit.php')
 3 SYSTEMPATH\View\View.php(216): CodeIgniter\View\View->CodeIgniter\View\{closure}()
 4 SYSTEMPATH\Common.php(1137): CodeIgniter\View\View->render('/pacientes/edit.php', [], true)
 5 APPPATH\Controllers\PacientesController.php(29): view('/pacientes/edit.php', [...])
 6 SYSTEMPATH\CodeIgniter.php(898): App\Controllers\PacientesController->editar('8')
 7 SYSTEMPATH\CodeIgniter.php(457): CodeIgniter\CodeIgniter->runController(Object(App\Controllers\PacientesController))
 8 SYSTEMPATH\CodeIgniter.php(340): CodeIgniter\CodeIgniter->handleRequest(null, Object(Config\Cache), false)
 9 FCPATH\index.php(67): CodeIgniter\CodeIgniter->run()
10 SYSTEMPATH\Commands\Server\rewrite.php(43): require_once('FCPATH\\index.php')
CRITICAL - 2022-10-01 06:53:11 --> Undefined variable $dependente
in APPPATH\Views\dependentes\list.php on line 299.
 1 APPPATH\Views\dependentes\list.php(299): CodeIgniter\Debug\Exceptions->errorHandler(2, 'Undefined variable $dependente', 'APPPATH\\Views\\dependentes\\list.php', 299)
 2 SYSTEMPATH\View\View.php(213): include('APPPATH\\Views\\dependentes\\list.php')
 3 SYSTEMPATH\View\View.php(216): CodeIgniter\View\View->CodeIgniter\View\{closure}()
 4 SYSTEMPATH\Common.php(1137): CodeIgniter\View\View->render('/dependentes/list.php', [], true)
 5 APPPATH\Controllers\DependentesController.php(17): view('/dependentes/list.php')
 6 SYSTEMPATH\CodeIgniter.php(898): App\Controllers\DependentesController->listagem()
 7 SYSTEMPATH\CodeIgniter.php(457): CodeIgniter\CodeIgniter->runController(Object(App\Controllers\DependentesController))
 8 SYSTEMPATH\CodeIgniter.php(340): CodeIgniter\CodeIgniter->handleRequest(null, Object(Config\Cache), false)
 9 FCPATH\index.php(67): CodeIgniter\CodeIgniter->run()
10 SYSTEMPATH\Commands\Server\rewrite.php(43): require_once('FCPATH\\index.php')
CRITICAL - 2022-10-01 07:18:38 --> Undefined variable $dependente
in APPPATH\Views\dependentes\list.php on line 299.
 1 APPPATH\Views\dependentes\list.php(299): CodeIgniter\Debug\Exceptions->errorHandler(2, 'Undefined variable $dependente', 'APPPATH\\Views\\dependentes\\list.php', 299)
 2 SYSTEMPATH\View\View.php(213): include('APPPATH\\Views\\dependentes\\list.php')
 3 SYSTEMPATH\View\View.php(216): CodeIgniter\View\View->CodeIgniter\View\{closure}()
 4 SYSTEMPATH\Common.php(1137): CodeIgniter\View\View->render('/dependentes/list.php', [], true)
 5 APPPATH\Controllers\DependentesController.php(17): view('/dependentes/list.php')
 6 SYSTEMPATH\CodeIgniter.php(898): App\Controllers\DependentesController->listagem()
 7 SYSTEMPATH\CodeIgniter.php(457): CodeIgniter\CodeIgniter->runController(Object(App\Controllers\DependentesController))
 8 SYSTEMPATH\CodeIgniter.php(340): CodeIgniter\CodeIgniter->handleRequest(null, Object(Config\Cache), false)
 9 FCPATH\index.php(67): CodeIgniter\CodeIgniter->run()
10 SYSTEMPATH\Commands\Server\rewrite.php(43): require_once('FCPATH\\index.php')
CRITICAL - 2022-10-01 07:18:56 --> Trying to access array offset on value of type null
in APPPATH\Views\pacientes\edit.php on line 271.
 1 APPPATH\Views\pacientes\edit.php(271): CodeIgniter\Debug\Exceptions->errorHandler(2, 'Trying to access array offset on value of type null', 'APPPATH\\Views\\pacientes\\edit.php', 271)
 2 SYSTEMPATH\View\View.php(213): include('APPPATH\\Views\\pacientes\\edit.php')
 3 SYSTEMPATH\View\View.php(216): CodeIgniter\View\View->CodeIgniter\View\{closure}()
 4 SYSTEMPATH\Common.php(1137): CodeIgniter\View\View->render('/pacientes/edit.php', [], true)
 5 APPPATH\Controllers\PacientesController.php(29): view('/pacientes/edit.php', [...])
 6 SYSTEMPATH\CodeIgniter.php(898): App\Controllers\PacientesController->editar('8')
 7 SYSTEMPATH\CodeIgniter.php(457): CodeIgniter\CodeIgniter->runController(Object(App\Controllers\PacientesController))
 8 SYSTEMPATH\CodeIgniter.php(340): CodeIgniter\CodeIgniter->handleRequest(null, Object(Config\Cache), false)
 9 FCPATH\index.php(67): CodeIgniter\CodeIgniter->run()
10 SYSTEMPATH\Commands\Server\rewrite.php(43): require_once('FCPATH\\index.php')
CRITICAL - 2022-10-01 07:20:07 --> Trying to access array offset on value of type null
in APPPATH\Views\pacientes\edit.php on line 271.
 1 APPPATH\Views\pacientes\edit.php(271): CodeIgniter\Debug\Exceptions->errorHandler(2, 'Trying to access array offset on value of type null', 'APPPATH\\Views\\pacientes\\edit.php', 271)
 2 SYSTEMPATH\View\View.php(213): include('APPPATH\\Views\\pacientes\\edit.php')
 3 SYSTEMPATH\View\View.php(216): CodeIgniter\View\View->CodeIgniter\View\{closure}()
 4 SYSTEMPATH\Common.php(1137): CodeIgniter\View\View->render('/pacientes/edit.php', [], true)
 5 APPPATH\Controllers\PacientesController.php(29): view('/pacientes/edit.php', [...])
 6 SYSTEMPATH\CodeIgniter.php(898): App\Controllers\PacientesController->editar('8')
 7 SYSTEMPATH\CodeIgniter.php(457): CodeIgniter\CodeIgniter->runController(Object(App\Controllers\PacientesController))
 8 SYSTEMPATH\CodeIgniter.php(340): CodeIgniter\CodeIgniter->handleRequest(null, Object(Config\Cache), false)
 9 FCPATH\index.php(67): CodeIgniter\CodeIgniter->run()
10 SYSTEMPATH\Commands\Server\rewrite.php(43): require_once('FCPATH\\index.php')
CRITICAL - 2022-10-01 07:20:18 --> Trying to access array offset on value of type null
in APPPATH\Views\pacientes\edit.php on line 271.
 1 APPPATH\Views\pacientes\edit.php(271): CodeIgniter\Debug\Exceptions->errorHandler(2, 'Trying to access array offset on value of type null', 'APPPATH\\Views\\pacientes\\edit.php', 271)
 2 SYSTEMPATH\View\View.php(213): include('APPPATH\\Views\\pacientes\\edit.php')
 3 SYSTEMPATH\View\View.php(216): CodeIgniter\View\View->CodeIgniter\View\{closure}()
 4 SYSTEMPATH\Common.php(1137): CodeIgniter\View\View->render('/pacientes/edit.php', [], true)
 5 APPPATH\Controllers\PacientesController.php(29): view('/pacientes/edit.php', [...])
 6 SYSTEMPATH\CodeIgniter.php(898): App\Controllers\PacientesController->editar('8')
 7 SYSTEMPATH\CodeIgniter.php(457): CodeIgniter\CodeIgniter->runController(Object(App\Controllers\PacientesController))
 8 SYSTEMPATH\CodeIgniter.php(340): CodeIgniter\CodeIgniter->handleRequest(null, Object(Config\Cache), false)
 9 FCPATH\index.php(67): CodeIgniter\CodeIgniter->run()
10 SYSTEMPATH\Commands\Server\rewrite.php(43): require_once('FCPATH\\index.php')
CRITICAL - 2022-10-01 07:20:30 --> Trying to access array offset on value of type null
in APPPATH\Views\pacientes\edit.php on line 271.
 1 APPPATH\Views\pacientes\edit.php(271): CodeIgniter\Debug\Exceptions->errorHandler(2, 'Trying to access array offset on value of type null', 'APPPATH\\Views\\pacientes\\edit.php', 271)
 2 SYSTEMPATH\View\View.php(213): include('APPPATH\\Views\\pacientes\\edit.php')
 3 SYSTEMPATH\View\View.php(216): CodeIgniter\View\View->CodeIgniter\View\{closure}()
 4 SYSTEMPATH\Common.php(1137): CodeIgniter\View\View->render('/pacientes/edit.php', [], true)
 5 APPPATH\Controllers\PacientesController.php(29): view('/pacientes/edit.php', [...])
 6 SYSTEMPATH\CodeIgniter.php(898): App\Controllers\PacientesController->editar('8')
 7 SYSTEMPATH\CodeIgniter.php(457): CodeIgniter\CodeIgniter->runController(Object(App\Controllers\PacientesController))
 8 SYSTEMPATH\CodeIgniter.php(340): CodeIgniter\CodeIgniter->handleRequest(null, Object(Config\Cache), false)
 9 FCPATH\index.php(67): CodeIgniter\CodeIgniter->run()
10 SYSTEMPATH\Commands\Server\rewrite.php(43): require_once('FCPATH\\index.php')
CRITICAL - 2022-10-01 07:22:14 --> Undefined variable $dependente
in APPPATH\Views\dependentes\list.php on line 299.
 1 APPPATH\Views\dependentes\list.php(299): CodeIgniter\Debug\Exceptions->errorHandler(2, 'Undefined variable $dependente', 'APPPATH\\Views\\dependentes\\list.php', 299)
 2 SYSTEMPATH\View\View.php(213): include('APPPATH\\Views\\dependentes\\list.php')
 3 SYSTEMPATH\View\View.php(216): CodeIgniter\View\View->CodeIgniter\View\{closure}()
 4 SYSTEMPATH\Common.php(1137): CodeIgniter\View\View->render('/dependentes/list.php', [], true)
 5 APPPATH\Controllers\DependentesController.php(17): view('/dependentes/list.php')
 6 SYSTEMPATH\CodeIgniter.php(898): App\Controllers\DependentesController->listagem()
 7 SYSTEMPATH\CodeIgniter.php(457): CodeIgniter\CodeIgniter->runController(Object(App\Controllers\DependentesController))
 8 SYSTEMPATH\CodeIgniter.php(340): CodeIgniter\CodeIgniter->handleRequest(null, Object(Config\Cache), false)
 9 FCPATH\index.php(67): CodeIgniter\CodeIgniter->run()
10 SYSTEMPATH\Commands\Server\rewrite.php(43): require_once('FCPATH\\index.php')
CRITICAL - 2022-10-01 08:07:00 --> Undefined variable $dependente
in APPPATH\Views\dependentes\list.php on line 299.
 1 APPPATH\Views\dependentes\list.php(299): CodeIgniter\Debug\Exceptions->errorHandler(2, 'Undefined variable $dependente', 'APPPATH\\Views\\dependentes\\list.php', 299)
 2 SYSTEMPATH\View\View.php(213): include('APPPATH\\Views\\dependentes\\list.php')
 3 SYSTEMPATH\View\View.php(216): CodeIgniter\View\View->CodeIgniter\View\{closure}()
 4 SYSTEMPATH\Common.php(1137): CodeIgniter\View\View->render('/dependentes/list.php', [], true)
 5 APPPATH\Controllers\DependentesController.php(17): view('/dependentes/list.php')
 6 SYSTEMPATH\CodeIgniter.php(898): App\Controllers\DependentesController->listagem()
 7 SYSTEMPATH\CodeIgniter.php(457): CodeIgniter\CodeIgniter->runController(Object(App\Controllers\DependentesController))
 8 SYSTEMPATH\CodeIgniter.php(340): CodeIgniter\CodeIgniter->handleRequest(null, Object(Config\Cache), false)
 9 FCPATH\index.php(67): CodeIgniter\CodeIgniter->run()
10 SYSTEMPATH\Commands\Server\rewrite.php(43): require_once('FCPATH\\index.php')
CRITICAL - 2022-10-01 08:16:48 --> Trying to access array offset on value of type null
in APPPATH\Views\pacientes\edit.php on line 271.
 1 APPPATH\Views\pacientes\edit.php(271): CodeIgniter\Debug\Exceptions->errorHandler(2, 'Trying to access array offset on value of type null', 'APPPATH\\Views\\pacientes\\edit.php', 271)
 2 SYSTEMPATH\View\View.php(213): include('APPPATH\\Views\\pacientes\\edit.php')
 3 SYSTEMPATH\View\View.php(216): CodeIgniter\View\View->CodeIgniter\View\{closure}()
 4 SYSTEMPATH\Common.php(1137): CodeIgniter\View\View->render('/pacientes/edit.php', [], true)
 5 APPPATH\Controllers\PacientesController.php(29): view('/pacientes/edit.php', [...])
 6 SYSTEMPATH\CodeIgniter.php(898): App\Controllers\PacientesController->editar('6')
 7 SYSTEMPATH\CodeIgniter.php(457): CodeIgniter\CodeIgniter->runController(Object(App\Controllers\PacientesController))
 8 SYSTEMPATH\CodeIgniter.php(340): CodeIgniter\CodeIgniter->handleRequest(null, Object(Config\Cache), false)
 9 FCPATH\index.php(67): CodeIgniter\CodeIgniter->run()
10 SYSTEMPATH\Commands\Server\rewrite.php(43): require_once('FCPATH\\index.php')
CRITICAL - 2022-10-01 08:18:28 --> Undefined variable $dependente
in APPPATH\Views\dependentes\list.php on line 299.
 1 APPPATH\Views\dependentes\list.php(299): CodeIgniter\Debug\Exceptions->errorHandler(2, 'Undefined variable $dependente', 'APPPATH\\Views\\dependentes\\list.php', 299)
 2 SYSTEMPATH\View\View.php(213): include('APPPATH\\Views\\dependentes\\list.php')
 3 SYSTEMPATH\View\View.php(216): CodeIgniter\View\View->CodeIgniter\View\{closure}()
 4 SYSTEMPATH\Common.php(1137): CodeIgniter\View\View->render('/dependentes/list.php', [], true)
 5 APPPATH\Controllers\DependentesController.php(17): view('/dependentes/list.php')
 6 SYSTEMPATH\CodeIgniter.php(898): App\Controllers\DependentesController->listagem()
 7 SYSTEMPATH\CodeIgniter.php(457): CodeIgniter\CodeIgniter->runController(Object(App\Controllers\DependentesController))
 8 SYSTEMPATH\CodeIgniter.php(340): CodeIgniter\CodeIgniter->handleRequest(null, Object(Config\Cache), false)
 9 FCPATH\index.php(67): CodeIgniter\CodeIgniter->run()
10 SYSTEMPATH\Commands\Server\rewrite.php(43): require_once('FCPATH\\index.php')
CRITICAL - 2022-10-01 08:44:19 --> Undefined variable $dependente
in APPPATH\Views\dependentes\list.php on line 299.
 1 APPPATH\Views\dependentes\list.php(299): CodeIgniter\Debug\Exceptions->errorHandler(2, 'Undefined variable $dependente', 'APPPATH\\Views\\dependentes\\list.php', 299)
 2 SYSTEMPATH\View\View.php(213): include('APPPATH\\Views\\dependentes\\list.php')
 3 SYSTEMPATH\View\View.php(216): CodeIgniter\View\View->CodeIgniter\View\{closure}()
 4 SYSTEMPATH\Common.php(1137): CodeIgniter\View\View->render('/dependentes/list.php', [], true)
 5 APPPATH\Controllers\DependentesController.php(17): view('/dependentes/list.php')
 6 SYSTEMPATH\CodeIgniter.php(898): App\Controllers\DependentesController->listagem()
 7 SYSTEMPATH\CodeIgniter.php(457): CodeIgniter\CodeIgniter->runController(Object(App\Controllers\DependentesController))
 8 SYSTEMPATH\CodeIgniter.php(340): CodeIgniter\CodeIgniter->handleRequest(null, Object(Config\Cache), false)
 9 FCPATH\index.php(67): CodeIgniter\CodeIgniter->run()
10 SYSTEMPATH\Commands\Server\rewrite.php(43): require_once('FCPATH\\index.php')
CRITICAL - 2022-10-01 08:44:53 --> Undefined variable $dependente
in APPPATH\Views\dependentes\list.php on line 299.
 1 APPPATH\Views\dependentes\list.php(299): CodeIgniter\Debug\Exceptions->errorHandler(2, 'Undefined variable $dependente', 'APPPATH\\Views\\dependentes\\list.php', 299)
 2 SYSTEMPATH\View\View.php(213): include('APPPATH\\Views\\dependentes\\list.php')
 3 SYSTEMPATH\View\View.php(216): CodeIgniter\View\View->CodeIgniter\View\{closure}()
 4 SYSTEMPATH\Common.php(1137): CodeIgniter\View\View->render('/dependentes/list.php', [], true)
 5 APPPATH\Controllers\DependentesController.php(17): view('/dependentes/list.php')
 6 SYSTEMPATH\CodeIgniter.php(898): App\Controllers\DependentesController->listagem()
 7 SYSTEMPATH\CodeIgniter.php(457): CodeIgniter\CodeIgniter->runController(Object(App\Controllers\DependentesController))
 8 SYSTEMPATH\CodeIgniter.php(340): CodeIgniter\CodeIgniter->handleRequest(null, Object(Config\Cache), false)
 9 FCPATH\index.php(67): CodeIgniter\CodeIgniter->run()
10 SYSTEMPATH\Commands\Server\rewrite.php(43): require_once('FCPATH\\index.php')
CRITICAL - 2022-10-01 12:03:27 --> Undefined variable $dependente
in APPPATH\Views\dependentes\list.php on line 299.
 1 APPPATH\Views\dependentes\list.php(299): CodeIgniter\Debug\Exceptions->errorHandler(2, 'Undefined variable $dependente', 'APPPATH\\Views\\dependentes\\list.php', 299)
 2 SYSTEMPATH\View\View.php(213): include('APPPATH\\Views\\dependentes\\list.php')
 3 SYSTEMPATH\View\View.php(216): CodeIgniter\View\View->CodeIgniter\View\{closure}()
 4 SYSTEMPATH\Common.php(1137): CodeIgniter\View\View->render('/dependentes/list.php', [], true)
 5 APPPATH\Controllers\DependentesController.php(17): view('/dependentes/list.php')
 6 SYSTEMPATH\CodeIgniter.php(898): App\Controllers\DependentesController->listagem()
 7 SYSTEMPATH\CodeIgniter.php(457): CodeIgniter\CodeIgniter->runController(Object(App\Controllers\DependentesController))
 8 SYSTEMPATH\CodeIgniter.php(340): CodeIgniter\CodeIgniter->handleRequest(null, Object(Config\Cache), false)
 9 FCPATH\index.php(67): CodeIgniter\CodeIgniter->run()
10 SYSTEMPATH\Commands\Server\rewrite.php(43): require_once('FCPATH\\index.php')
CRITICAL - 2022-10-01 12:12:21 --> Undefined variable $dependente
in APPPATH\Views\dependentes\list.php on line 299.
 1 APPPATH\Views\dependentes\list.php(299): CodeIgniter\Debug\Exceptions->errorHandler(2, 'Undefined variable $dependente', 'APPPATH\\Views\\dependentes\\list.php', 299)
 2 SYSTEMPATH\View\View.php(213): include('APPPATH\\Views\\dependentes\\list.php')
 3 SYSTEMPATH\View\View.php(216): CodeIgniter\View\View->CodeIgniter\View\{closure}()
 4 SYSTEMPATH\Common.php(1137): CodeIgniter\View\View->render('/dependentes/list.php', [], true)
 5 APPPATH\Controllers\DependentesController.php(17): view('/dependentes/list.php')
 6 SYSTEMPATH\CodeIgniter.php(898): App\Controllers\DependentesController->listagem()
 7 SYSTEMPATH\CodeIgniter.php(457): CodeIgniter\CodeIgniter->runController(Object(App\Controllers\DependentesController))
 8 SYSTEMPATH\CodeIgniter.php(340): CodeIgniter\CodeIgniter->handleRequest(null, Object(Config\Cache), false)
 9 FCPATH\index.php(67): CodeIgniter\CodeIgniter->run()
10 SYSTEMPATH\Commands\Server\rewrite.php(43): require_once('FCPATH\\index.php')
