CRITICAL - 2022-08-24 09:24:16 --> Invalid file: /usuarios_comum/create.php
in SYSTEMPATH\Exceptions\FrameworkException.php on line 33.
 1 SYSTEMPATH\View\View.php(201): CodeIgniter\Exceptions\FrameworkException::forInvalidFile('/usuarios_comum/create.php')
 2 SYSTEMPATH\Common.php(1137): CodeIgniter\View\View->render('/usuarios_comum/create.php', [], true)
 3 APPPATH\Controllers\UsuarioComumController.php(13): view('/usuarios_comum/create.php')
 4 SYSTEMPATH\CodeIgniter.php(898): App\Controllers\UsuarioComumController->novo()
 5 SYSTEMPATH\CodeIgniter.php(457): CodeIgniter\CodeIgniter->runController(Object(App\Controllers\UsuarioComumController))
 6 SYSTEMPATH\CodeIgniter.php(340): CodeIgniter\CodeIgniter->handleRequest(null, Object(Config\Cache), false)
 7 FCPATH\index.php(67): CodeIgniter\CodeIgniter->run()
 8 SYSTEMPATH\Commands\Server\rewrite.php(43): require_once('FCPATH\\index.php')
ERROR - 2022-08-24 09:30:47 --> mysqli_sql_exception: Column 'AGD_HORARIO' cannot be null in D:\Backup\Arquivos\Faculdade\7Modulo\PIDC2\desenvolvimento\comum\Sprint-int01\system\Database\MySQLi\Connection.php:292
Stack trace:
#0 D:\Backup\Arquivos\Faculdade\7Modulo\PIDC2\desenvolvimento\comum\Sprint-int01\system\Database\MySQLi\Connection.php(292): mysqli->query('INSERT INTO `ag...', 0)
#1 D:\Backup\Arquivos\Faculdade\7Modulo\PIDC2\desenvolvimento\comum\Sprint-int01\system\Database\BaseConnection.php(693): CodeIgniter\Database\MySQLi\Connection->execute('INSERT INTO `ag...')
#2 D:\Backup\Arquivos\Faculdade\7Modulo\PIDC2\desenvolvimento\comum\Sprint-int01\system\Database\BaseConnection.php(620): CodeIgniter\Database\BaseConnection->simpleQuery('INSERT INTO `ag...')
#3 D:\Backup\Arquivos\Faculdade\7Modulo\PIDC2\desenvolvimento\comum\Sprint-int01\system\Database\BaseBuilder.php(1916): CodeIgniter\Database\BaseConnection->query('INSERT INTO `ag...', Array, false)
#4 D:\Backup\Arquivos\Faculdade\7Modulo\PIDC2\desenvolvimento\comum\Sprint-int01\system\Model.php(278): CodeIgniter\Database\BaseBuilder->insert()
#5 D:\Backup\Arquivos\Faculdade\7Modulo\PIDC2\desenvolvimento\comum\Sprint-int01\system\BaseModel.php(738): CodeIgniter\Model->doInsert(Array)
#6 D:\Backup\Arquivos\Faculdade\7Modulo\PIDC2\desenvolvimento\comum\Sprint-int01\system\Model.php(666): CodeIgniter\BaseModel->insert(Array, false)
#7 D:\Backup\Arquivos\Faculdade\7Modulo\PIDC2\desenvolvimento\comum\Sprint-int01\system\BaseModel.php(658): CodeIgniter\Model->insert(Object(App\Entities\Agendamentos), false)
#8 D:\Backup\Arquivos\Faculdade\7Modulo\PIDC2\desenvolvimento\comum\Sprint-int01\app\Controllers\AgendamentosController.php(56): CodeIgniter\BaseModel->save(Object(App\Entities\Agendamentos))
#9 D:\Backup\Arquivos\Faculdade\7Modulo\PIDC2\desenvolvimento\comum\Sprint-int01\system\CodeIgniter.php(898): App\Controllers\AgendamentosController->salvar()
#10 D:\Backup\Arquivos\Faculdade\7Modulo\PIDC2\desenvolvimento\comum\Sprint-int01\system\CodeIgniter.php(457): CodeIgniter\CodeIgniter->runController(Object(App\Controllers\AgendamentosController))
#11 D:\Backup\Arquivos\Faculdade\7Modulo\PIDC2\desenvolvimento\comum\Sprint-int01\system\CodeIgniter.php(340): CodeIgniter\CodeIgniter->handleRequest(NULL, Object(Config\Cache), false)
#12 D:\Backup\Arquivos\Faculdade\7Modulo\PIDC2\desenvolvimento\comum\Sprint-int01\public\index.php(67): CodeIgniter\CodeIgniter->run()
#13 D:\Backup\Arquivos\Faculdade\7Modulo\PIDC2\desenvolvimento\comum\Sprint-int01\system\Commands\Server\rewrite.php(43): require_once('D:\\Backup\\Arqui...')
#14 {main}
CRITICAL - 2022-08-24 09:30:47 --> Column 'AGD_HORARIO' cannot be null
in SYSTEMPATH\Database\MySQLi\Connection.php on line 292.
 1 SYSTEMPATH\Database\MySQLi\Connection.php(292): mysqli->query('INSERT INTO `agendamentos` (`AGD_STATUS`, `AGD_ENCAMINHAMENTOS`, `AGD_DATA`, `AGD_HORARIO`, `AGD_MEET_LINK`, `FK_PACIENTES_PAC_ID`, `FK_PACIENTES_FK_USUARIO_COMUM_USC_ID`, `FK_MEDICOS_MED_ID`, `FK_MEDICOS_FK_FUNCIONARIOS_FUN_ID`, `FK_MEDICOS_FK_FUNCIONARIOS_FK_USUARIO_COMUM_USC_ID`, `FK_ESPECIALIDADES_MEDICAS_ESM_ID`) VALUES (\'1\', \'1\', \'2022-08-30\', NULL, NULL, \'1\', \'1\', NULL, NULL, NULL, \'3\')', 0)
 2 SYSTEMPATH\Database\BaseConnection.php(693): CodeIgniter\Database\MySQLi\Connection->execute('INSERT INTO `agendamentos` (`AGD_STATUS`, `AGD_ENCAMINHAMENTOS`, `AGD_DATA`, `AGD_HORARIO`, `AGD_MEET_LINK`, `FK_PACIENTES_PAC_ID`, `FK_PACIENTES_FK_USUARIO_COMUM_USC_ID`, `FK_MEDICOS_MED_ID`, `FK_MEDICOS_FK_FUNCIONARIOS_FUN_ID`, `FK_MEDICOS_FK_FUNCIONARIOS_FK_USUARIO_COMUM_USC_ID`, `FK_ESPECIALIDADES_MEDICAS_ESM_ID`) VALUES (\'1\', \'1\', \'2022-08-30\', NULL, NULL, \'1\', \'1\', NULL, NULL, NULL, \'3\')')
 3 SYSTEMPATH\Database\BaseConnection.php(620): CodeIgniter\Database\BaseConnection->simpleQuery('INSERT INTO `agendamentos` (`AGD_STATUS`, `AGD_ENCAMINHAMENTOS`, `AGD_DATA`, `AGD_HORARIO`, `AGD_MEET_LINK`, `FK_PACIENTES_PAC_ID`, `FK_PACIENTES_FK_USUARIO_COMUM_USC_ID`, `FK_MEDICOS_MED_ID`, `FK_MEDICOS_FK_FUNCIONARIOS_FUN_ID`, `FK_MEDICOS_FK_FUNCIONARIOS_FK_USUARIO_COMUM_USC_ID`, `FK_ESPECIALIDADES_MEDICAS_ESM_ID`) VALUES (\'1\', \'1\', \'2022-08-30\', NULL, NULL, \'1\', \'1\', NULL, NULL, NULL, \'3\')')
 4 SYSTEMPATH\Database\BaseBuilder.php(1916): CodeIgniter\Database\BaseConnection->query('INSERT INTO `agendamentos` (`AGD_STATUS`, `AGD_ENCAMINHAMENTOS`, `AGD_DATA`, `AGD_HORARIO`, `AGD_MEET_LINK`, `FK_PACIENTES_PAC_ID`, `FK_PACIENTES_FK_USUARIO_COMUM_USC_ID`, `FK_MEDICOS_MED_ID`, `FK_MEDICOS_FK_FUNCIONARIOS_FUN_ID`, `FK_MEDICOS_FK_FUNCIONARIOS_FK_USUARIO_COMUM_USC_ID`, `FK_ESPECIALIDADES_MEDICAS_ESM_ID`) VALUES (:AGD_STATUS:, :AGD_ENCAMINHAMENTOS:, :AGD_DATA:, :AGD_HORARIO:, :AGD_MEET_LINK:, :FK_PACIENTES_PAC_ID:, :FK_PACIENTES_FK_USUARIO_COMUM_USC_ID:, :FK_MEDICOS_MED_ID:, :FK_MEDICOS_FK_FUNCIONARIOS_FUN_ID:, :FK_MEDICOS_FK_FUNCIONARIOS_FK_USUARIO_COMUM_USC_ID:, :FK_ESPECIALIDADES_MEDICAS_ESM_ID:)', [...], false)
 5 SYSTEMPATH\Model.php(278): CodeIgniter\Database\BaseBuilder->insert()
 6 SYSTEMPATH\BaseModel.php(738): CodeIgniter\Model->doInsert([...])
 7 SYSTEMPATH\Model.php(666): CodeIgniter\BaseModel->insert([...], false)
 8 SYSTEMPATH\BaseModel.php(658): CodeIgniter\Model->insert(Object(App\Entities\Agendamentos), false)
 9 APPPATH\Controllers\AgendamentosController.php(56): CodeIgniter\BaseModel->save(Object(App\Entities\Agendamentos))
10 SYSTEMPATH\CodeIgniter.php(898): App\Controllers\AgendamentosController->salvar()
11 SYSTEMPATH\CodeIgniter.php(457): CodeIgniter\CodeIgniter->runController(Object(App\Controllers\AgendamentosController))
12 SYSTEMPATH\CodeIgniter.php(340): CodeIgniter\CodeIgniter->handleRequest(null, Object(Config\Cache), false)
13 FCPATH\index.php(67): CodeIgniter\CodeIgniter->run()
14 SYSTEMPATH\Commands\Server\rewrite.php(43): require_once('FCPATH\\index.php')
CRITICAL - 2022-08-24 09:35:05 --> Undefined variable $agendamentosModel
in APPPATH\Views\agendamentos\list.php on line 6.
 1 APPPATH\Views\agendamentos\list.php(6): CodeIgniter\Debug\Exceptions->errorHandler(2, 'Undefined variable $agendamentosModel', 'APPPATH\\Views\\agendamentos\\list.php', 6)
 2 SYSTEMPATH\View\View.php(213): include('APPPATH\\Views\\agendamentos\\list.php')
 3 SYSTEMPATH\View\View.php(216): CodeIgniter\View\View->CodeIgniter\View\{closure}()
 4 SYSTEMPATH\Common.php(1137): CodeIgniter\View\View->render('/agendamentos/list.php', [], true)
 5 APPPATH\Controllers\AgendamentosController.php(15): view('/agendamentos/list.php')
 6 SYSTEMPATH\CodeIgniter.php(898): App\Controllers\AgendamentosController->listagem_solicitados()
 7 SYSTEMPATH\CodeIgniter.php(457): CodeIgniter\CodeIgniter->runController(Object(App\Controllers\AgendamentosController))
 8 SYSTEMPATH\CodeIgniter.php(340): CodeIgniter\CodeIgniter->handleRequest(null, Object(Config\Cache), false)
 9 FCPATH\index.php(67): CodeIgniter\CodeIgniter->run()
10 SYSTEMPATH\Commands\Server\rewrite.php(43): require_once('FCPATH\\index.php')
CRITICAL - 2022-08-24 09:38:49 --> Undefined variable $FK_PACIENTE_PAC_ID
in APPPATH\Views\agendamentos\list.php on line 8.
 1 APPPATH\Views\agendamentos\list.php(8): CodeIgniter\Debug\Exceptions->errorHandler(2, 'Undefined variable $FK_PACIENTE_PAC_ID', 'APPPATH\\Views\\agendamentos\\list.php', 8)
 2 SYSTEMPATH\View\View.php(213): include('APPPATH\\Views\\agendamentos\\list.php')
 3 SYSTEMPATH\View\View.php(216): CodeIgniter\View\View->CodeIgniter\View\{closure}()
 4 SYSTEMPATH\Common.php(1137): CodeIgniter\View\View->render('/agendamentos/list.php', [], true)
 5 APPPATH\Controllers\AgendamentosController.php(15): view('/agendamentos/list.php')
 6 SYSTEMPATH\CodeIgniter.php(898): App\Controllers\AgendamentosController->listagem_solicitados()
 7 SYSTEMPATH\CodeIgniter.php(457): CodeIgniter\CodeIgniter->runController(Object(App\Controllers\AgendamentosController))
 8 SYSTEMPATH\CodeIgniter.php(340): CodeIgniter\CodeIgniter->handleRequest(null, Object(Config\Cache), false)
 9 FCPATH\index.php(67): CodeIgniter\CodeIgniter->run()
10 SYSTEMPATH\Commands\Server\rewrite.php(43): require_once('FCPATH\\index.php')
ERROR - 2022-08-24 10:06:57 --> mysqli_sql_exception: Column 'AGD_HORARIO' cannot be null in D:\Backup\Arquivos\Faculdade\7Modulo\PIDC2\desenvolvimento\comum\Sprint-int01\system\Database\MySQLi\Connection.php:292
Stack trace:
#0 D:\Backup\Arquivos\Faculdade\7Modulo\PIDC2\desenvolvimento\comum\Sprint-int01\system\Database\MySQLi\Connection.php(292): mysqli->query('INSERT INTO `ag...', 0)
#1 D:\Backup\Arquivos\Faculdade\7Modulo\PIDC2\desenvolvimento\comum\Sprint-int01\system\Database\BaseConnection.php(693): CodeIgniter\Database\MySQLi\Connection->execute('INSERT INTO `ag...')
#2 D:\Backup\Arquivos\Faculdade\7Modulo\PIDC2\desenvolvimento\comum\Sprint-int01\system\Database\BaseConnection.php(620): CodeIgniter\Database\BaseConnection->simpleQuery('INSERT INTO `ag...')
#3 D:\Backup\Arquivos\Faculdade\7Modulo\PIDC2\desenvolvimento\comum\Sprint-int01\system\Database\BaseBuilder.php(1916): CodeIgniter\Database\BaseConnection->query('INSERT INTO `ag...', Array, false)
#4 D:\Backup\Arquivos\Faculdade\7Modulo\PIDC2\desenvolvimento\comum\Sprint-int01\system\Model.php(278): CodeIgniter\Database\BaseBuilder->insert()
#5 D:\Backup\Arquivos\Faculdade\7Modulo\PIDC2\desenvolvimento\comum\Sprint-int01\system\BaseModel.php(738): CodeIgniter\Model->doInsert(Array)
#6 D:\Backup\Arquivos\Faculdade\7Modulo\PIDC2\desenvolvimento\comum\Sprint-int01\system\Model.php(666): CodeIgniter\BaseModel->insert(Array, false)
#7 D:\Backup\Arquivos\Faculdade\7Modulo\PIDC2\desenvolvimento\comum\Sprint-int01\system\BaseModel.php(658): CodeIgniter\Model->insert(Object(App\Entities\Agendamentos), false)
#8 D:\Backup\Arquivos\Faculdade\7Modulo\PIDC2\desenvolvimento\comum\Sprint-int01\app\Controllers\AgendamentosController.php(56): CodeIgniter\BaseModel->save(Object(App\Entities\Agendamentos))
#9 D:\Backup\Arquivos\Faculdade\7Modulo\PIDC2\desenvolvimento\comum\Sprint-int01\system\CodeIgniter.php(898): App\Controllers\AgendamentosController->salvar()
#10 D:\Backup\Arquivos\Faculdade\7Modulo\PIDC2\desenvolvimento\comum\Sprint-int01\system\CodeIgniter.php(457): CodeIgniter\CodeIgniter->runController(Object(App\Controllers\AgendamentosController))
#11 D:\Backup\Arquivos\Faculdade\7Modulo\PIDC2\desenvolvimento\comum\Sprint-int01\system\CodeIgniter.php(340): CodeIgniter\CodeIgniter->handleRequest(NULL, Object(Config\Cache), false)
#12 D:\Backup\Arquivos\Faculdade\7Modulo\PIDC2\desenvolvimento\comum\Sprint-int01\public\index.php(67): CodeIgniter\CodeIgniter->run()
#13 D:\Backup\Arquivos\Faculdade\7Modulo\PIDC2\desenvolvimento\comum\Sprint-int01\system\Commands\Server\rewrite.php(43): require_once('D:\\Backup\\Arqui...')
#14 {main}
CRITICAL - 2022-08-24 10:06:57 --> Column 'AGD_HORARIO' cannot be null
in SYSTEMPATH\Database\MySQLi\Connection.php on line 292.
 1 SYSTEMPATH\Database\MySQLi\Connection.php(292): mysqli->query('INSERT INTO `agendamentos` (`AGD_STATUS`, `AGD_ENCAMINHAMENTOS`, `AGD_DATA`, `AGD_HORARIO`, `AGD_MEET_LINK`, `FK_PACIENTES_PAC_ID`, `FK_PACIENTES_FK_USUARIO_COMUM_USC_ID`, `FK_MEDICOS_MED_ID`, `FK_MEDICOS_FK_FUNCIONARIOS_FUN_ID`, `FK_MEDICOS_FK_FUNCIONARIOS_FK_USUARIO_COMUM_USC_ID`, `FK_ESPECIALIDADES_MEDICAS_ESM_ID`) VALUES (\'1\', \'1\', \'2022-08-29\', NULL, NULL, \'1\', \'1\', NULL, NULL, NULL, \'3\')', 0)
 2 SYSTEMPATH\Database\BaseConnection.php(693): CodeIgniter\Database\MySQLi\Connection->execute('INSERT INTO `agendamentos` (`AGD_STATUS`, `AGD_ENCAMINHAMENTOS`, `AGD_DATA`, `AGD_HORARIO`, `AGD_MEET_LINK`, `FK_PACIENTES_PAC_ID`, `FK_PACIENTES_FK_USUARIO_COMUM_USC_ID`, `FK_MEDICOS_MED_ID`, `FK_MEDICOS_FK_FUNCIONARIOS_FUN_ID`, `FK_MEDICOS_FK_FUNCIONARIOS_FK_USUARIO_COMUM_USC_ID`, `FK_ESPECIALIDADES_MEDICAS_ESM_ID`) VALUES (\'1\', \'1\', \'2022-08-29\', NULL, NULL, \'1\', \'1\', NULL, NULL, NULL, \'3\')')
 3 SYSTEMPATH\Database\BaseConnection.php(620): CodeIgniter\Database\BaseConnection->simpleQuery('INSERT INTO `agendamentos` (`AGD_STATUS`, `AGD_ENCAMINHAMENTOS`, `AGD_DATA`, `AGD_HORARIO`, `AGD_MEET_LINK`, `FK_PACIENTES_PAC_ID`, `FK_PACIENTES_FK_USUARIO_COMUM_USC_ID`, `FK_MEDICOS_MED_ID`, `FK_MEDICOS_FK_FUNCIONARIOS_FUN_ID`, `FK_MEDICOS_FK_FUNCIONARIOS_FK_USUARIO_COMUM_USC_ID`, `FK_ESPECIALIDADES_MEDICAS_ESM_ID`) VALUES (\'1\', \'1\', \'2022-08-29\', NULL, NULL, \'1\', \'1\', NULL, NULL, NULL, \'3\')')
 4 SYSTEMPATH\Database\BaseBuilder.php(1916): CodeIgniter\Database\BaseConnection->query('INSERT INTO `agendamentos` (`AGD_STATUS`, `AGD_ENCAMINHAMENTOS`, `AGD_DATA`, `AGD_HORARIO`, `AGD_MEET_LINK`, `FK_PACIENTES_PAC_ID`, `FK_PACIENTES_FK_USUARIO_COMUM_USC_ID`, `FK_MEDICOS_MED_ID`, `FK_MEDICOS_FK_FUNCIONARIOS_FUN_ID`, `FK_MEDICOS_FK_FUNCIONARIOS_FK_USUARIO_COMUM_USC_ID`, `FK_ESPECIALIDADES_MEDICAS_ESM_ID`) VALUES (:AGD_STATUS:, :AGD_ENCAMINHAMENTOS:, :AGD_DATA:, :AGD_HORARIO:, :AGD_MEET_LINK:, :FK_PACIENTES_PAC_ID:, :FK_PACIENTES_FK_USUARIO_COMUM_USC_ID:, :FK_MEDICOS_MED_ID:, :FK_MEDICOS_FK_FUNCIONARIOS_FUN_ID:, :FK_MEDICOS_FK_FUNCIONARIOS_FK_USUARIO_COMUM_USC_ID:, :FK_ESPECIALIDADES_MEDICAS_ESM_ID:)', [...], false)
 5 SYSTEMPATH\Model.php(278): CodeIgniter\Database\BaseBuilder->insert()
 6 SYSTEMPATH\BaseModel.php(738): CodeIgniter\Model->doInsert([...])
 7 SYSTEMPATH\Model.php(666): CodeIgniter\BaseModel->insert([...], false)
 8 SYSTEMPATH\BaseModel.php(658): CodeIgniter\Model->insert(Object(App\Entities\Agendamentos), false)
 9 APPPATH\Controllers\AgendamentosController.php(56): CodeIgniter\BaseModel->save(Object(App\Entities\Agendamentos))
10 SYSTEMPATH\CodeIgniter.php(898): App\Controllers\AgendamentosController->salvar()
11 SYSTEMPATH\CodeIgniter.php(457): CodeIgniter\CodeIgniter->runController(Object(App\Controllers\AgendamentosController))
12 SYSTEMPATH\CodeIgniter.php(340): CodeIgniter\CodeIgniter->handleRequest(null, Object(Config\Cache), false)
13 FCPATH\index.php(67): CodeIgniter\CodeIgniter->run()
14 SYSTEMPATH\Commands\Server\rewrite.php(43): require_once('FCPATH\\index.php')
ERROR - 2022-08-24 12:49:11 --> mysqli_sql_exception: Column 'AGD_HORARIO' cannot be null in D:\Backup\Arquivos\Faculdade\7Modulo\PIDC2\desenvolvimento\comum\Sprint-int01\system\Database\MySQLi\Connection.php:292
Stack trace:
#0 D:\Backup\Arquivos\Faculdade\7Modulo\PIDC2\desenvolvimento\comum\Sprint-int01\system\Database\MySQLi\Connection.php(292): mysqli->query('INSERT INTO `ag...', 0)
#1 D:\Backup\Arquivos\Faculdade\7Modulo\PIDC2\desenvolvimento\comum\Sprint-int01\system\Database\BaseConnection.php(693): CodeIgniter\Database\MySQLi\Connection->execute('INSERT INTO `ag...')
#2 D:\Backup\Arquivos\Faculdade\7Modulo\PIDC2\desenvolvimento\comum\Sprint-int01\system\Database\BaseConnection.php(620): CodeIgniter\Database\BaseConnection->simpleQuery('INSERT INTO `ag...')
#3 D:\Backup\Arquivos\Faculdade\7Modulo\PIDC2\desenvolvimento\comum\Sprint-int01\system\Database\BaseBuilder.php(1916): CodeIgniter\Database\BaseConnection->query('INSERT INTO `ag...', Array, false)
#4 D:\Backup\Arquivos\Faculdade\7Modulo\PIDC2\desenvolvimento\comum\Sprint-int01\system\Model.php(278): CodeIgniter\Database\BaseBuilder->insert()
#5 D:\Backup\Arquivos\Faculdade\7Modulo\PIDC2\desenvolvimento\comum\Sprint-int01\system\BaseModel.php(738): CodeIgniter\Model->doInsert(Array)
#6 D:\Backup\Arquivos\Faculdade\7Modulo\PIDC2\desenvolvimento\comum\Sprint-int01\system\Model.php(666): CodeIgniter\BaseModel->insert(Array, false)
#7 D:\Backup\Arquivos\Faculdade\7Modulo\PIDC2\desenvolvimento\comum\Sprint-int01\system\BaseModel.php(658): CodeIgniter\Model->insert(Object(App\Entities\Agendamentos), false)
#8 D:\Backup\Arquivos\Faculdade\7Modulo\PIDC2\desenvolvimento\comum\Sprint-int01\app\Controllers\AgendamentosController.php(56): CodeIgniter\BaseModel->save(Object(App\Entities\Agendamentos))
#9 D:\Backup\Arquivos\Faculdade\7Modulo\PIDC2\desenvolvimento\comum\Sprint-int01\system\CodeIgniter.php(898): App\Controllers\AgendamentosController->salvar()
#10 D:\Backup\Arquivos\Faculdade\7Modulo\PIDC2\desenvolvimento\comum\Sprint-int01\system\CodeIgniter.php(457): CodeIgniter\CodeIgniter->runController(Object(App\Controllers\AgendamentosController))
#11 D:\Backup\Arquivos\Faculdade\7Modulo\PIDC2\desenvolvimento\comum\Sprint-int01\system\CodeIgniter.php(340): CodeIgniter\CodeIgniter->handleRequest(NULL, Object(Config\Cache), false)
#12 D:\Backup\Arquivos\Faculdade\7Modulo\PIDC2\desenvolvimento\comum\Sprint-int01\public\index.php(67): CodeIgniter\CodeIgniter->run()
#13 D:\Backup\Arquivos\Faculdade\7Modulo\PIDC2\desenvolvimento\comum\Sprint-int01\system\Commands\Server\rewrite.php(43): require_once('D:\\Backup\\Arqui...')
#14 {main}
CRITICAL - 2022-08-24 12:49:11 --> Column 'AGD_HORARIO' cannot be null
in SYSTEMPATH\Database\MySQLi\Connection.php on line 292.
 1 SYSTEMPATH\Database\MySQLi\Connection.php(292): mysqli->query('INSERT INTO `agendamentos` (`AGD_STATUS`, `AGD_ENCAMINHAMENTOS`, `AGD_DATA`, `AGD_HORARIO`, `AGD_MEET_LINK`, `FK_PACIENTES_PAC_ID`, `FK_PACIENTES_FK_USUARIO_COMUM_USC_ID`, `FK_MEDICOS_MED_ID`, `FK_MEDICOS_FK_FUNCIONARIOS_FUN_ID`, `FK_MEDICOS_FK_FUNCIONARIOS_FK_USUARIO_COMUM_USC_ID`, `FK_ESPECIALIDADES_MEDICAS_ESM_ID`) VALUES (\'1\', \'1\', \'2022-08-30\', NULL, NULL, \'1\', \'1\', NULL, NULL, NULL, \'3\')', 0)
 2 SYSTEMPATH\Database\BaseConnection.php(693): CodeIgniter\Database\MySQLi\Connection->execute('INSERT INTO `agendamentos` (`AGD_STATUS`, `AGD_ENCAMINHAMENTOS`, `AGD_DATA`, `AGD_HORARIO`, `AGD_MEET_LINK`, `FK_PACIENTES_PAC_ID`, `FK_PACIENTES_FK_USUARIO_COMUM_USC_ID`, `FK_MEDICOS_MED_ID`, `FK_MEDICOS_FK_FUNCIONARIOS_FUN_ID`, `FK_MEDICOS_FK_FUNCIONARIOS_FK_USUARIO_COMUM_USC_ID`, `FK_ESPECIALIDADES_MEDICAS_ESM_ID`) VALUES (\'1\', \'1\', \'2022-08-30\', NULL, NULL, \'1\', \'1\', NULL, NULL, NULL, \'3\')')
 3 SYSTEMPATH\Database\BaseConnection.php(620): CodeIgniter\Database\BaseConnection->simpleQuery('INSERT INTO `agendamentos` (`AGD_STATUS`, `AGD_ENCAMINHAMENTOS`, `AGD_DATA`, `AGD_HORARIO`, `AGD_MEET_LINK`, `FK_PACIENTES_PAC_ID`, `FK_PACIENTES_FK_USUARIO_COMUM_USC_ID`, `FK_MEDICOS_MED_ID`, `FK_MEDICOS_FK_FUNCIONARIOS_FUN_ID`, `FK_MEDICOS_FK_FUNCIONARIOS_FK_USUARIO_COMUM_USC_ID`, `FK_ESPECIALIDADES_MEDICAS_ESM_ID`) VALUES (\'1\', \'1\', \'2022-08-30\', NULL, NULL, \'1\', \'1\', NULL, NULL, NULL, \'3\')')
 4 SYSTEMPATH\Database\BaseBuilder.php(1916): CodeIgniter\Database\BaseConnection->query('INSERT INTO `agendamentos` (`AGD_STATUS`, `AGD_ENCAMINHAMENTOS`, `AGD_DATA`, `AGD_HORARIO`, `AGD_MEET_LINK`, `FK_PACIENTES_PAC_ID`, `FK_PACIENTES_FK_USUARIO_COMUM_USC_ID`, `FK_MEDICOS_MED_ID`, `FK_MEDICOS_FK_FUNCIONARIOS_FUN_ID`, `FK_MEDICOS_FK_FUNCIONARIOS_FK_USUARIO_COMUM_USC_ID`, `FK_ESPECIALIDADES_MEDICAS_ESM_ID`) VALUES (:AGD_STATUS:, :AGD_ENCAMINHAMENTOS:, :AGD_DATA:, :AGD_HORARIO:, :AGD_MEET_LINK:, :FK_PACIENTES_PAC_ID:, :FK_PACIENTES_FK_USUARIO_COMUM_USC_ID:, :FK_MEDICOS_MED_ID:, :FK_MEDICOS_FK_FUNCIONARIOS_FUN_ID:, :FK_MEDICOS_FK_FUNCIONARIOS_FK_USUARIO_COMUM_USC_ID:, :FK_ESPECIALIDADES_MEDICAS_ESM_ID:)', [...], false)
 5 SYSTEMPATH\Model.php(278): CodeIgniter\Database\BaseBuilder->insert()
 6 SYSTEMPATH\BaseModel.php(738): CodeIgniter\Model->doInsert([...])
 7 SYSTEMPATH\Model.php(666): CodeIgniter\BaseModel->insert([...], false)
 8 SYSTEMPATH\BaseModel.php(658): CodeIgniter\Model->insert(Object(App\Entities\Agendamentos), false)
 9 APPPATH\Controllers\AgendamentosController.php(56): CodeIgniter\BaseModel->save(Object(App\Entities\Agendamentos))
10 SYSTEMPATH\CodeIgniter.php(898): App\Controllers\AgendamentosController->salvar()
11 SYSTEMPATH\CodeIgniter.php(457): CodeIgniter\CodeIgniter->runController(Object(App\Controllers\AgendamentosController))
12 SYSTEMPATH\CodeIgniter.php(340): CodeIgniter\CodeIgniter->handleRequest(null, Object(Config\Cache), false)
13 FCPATH\index.php(67): CodeIgniter\CodeIgniter->run()
14 SYSTEMPATH\Commands\Server\rewrite.php(43): require_once('FCPATH\\index.php')
ERROR - 2022-08-24 14:09:34 --> mysqli_sql_exception: Cannot add or update a child row: a foreign key constraint fails (`omnimed`.`agendamentos`, CONSTRAINT `FK_AGENDAMENTOS_3` FOREIGN KEY (`FK_MEDICOS_MED_ID`, `FK_MEDICOS_FK_FUNCIONARIOS_FUN_ID`, `FK_MEDICOS_FK_FUNCIONARIOS_FK_USUARIO_COMUM_USC_ID`) REFERENCES) in D:\Backup\Arquivos\Faculdade\7Modulo\PIDC2\desenvolvimento\comum\Sprint-int01\system\Database\MySQLi\Connection.php:292
Stack trace:
#0 D:\Backup\Arquivos\Faculdade\7Modulo\PIDC2\desenvolvimento\comum\Sprint-int01\system\Database\MySQLi\Connection.php(292): mysqli->query('INSERT INTO `ag...', 0)
#1 D:\Backup\Arquivos\Faculdade\7Modulo\PIDC2\desenvolvimento\comum\Sprint-int01\system\Database\BaseConnection.php(693): CodeIgniter\Database\MySQLi\Connection->execute('INSERT INTO `ag...')
#2 D:\Backup\Arquivos\Faculdade\7Modulo\PIDC2\desenvolvimento\comum\Sprint-int01\system\Database\BaseConnection.php(620): CodeIgniter\Database\BaseConnection->simpleQuery('INSERT INTO `ag...')
#3 D:\Backup\Arquivos\Faculdade\7Modulo\PIDC2\desenvolvimento\comum\Sprint-int01\system\Database\BaseBuilder.php(1916): CodeIgniter\Database\BaseConnection->query('INSERT INTO `ag...', Array, false)
#4 D:\Backup\Arquivos\Faculdade\7Modulo\PIDC2\desenvolvimento\comum\Sprint-int01\system\Model.php(278): CodeIgniter\Database\BaseBuilder->insert()
#5 D:\Backup\Arquivos\Faculdade\7Modulo\PIDC2\desenvolvimento\comum\Sprint-int01\system\BaseModel.php(738): CodeIgniter\Model->doInsert(Array)
#6 D:\Backup\Arquivos\Faculdade\7Modulo\PIDC2\desenvolvimento\comum\Sprint-int01\system\Model.php(666): CodeIgniter\BaseModel->insert(Array, false)
#7 D:\Backup\Arquivos\Faculdade\7Modulo\PIDC2\desenvolvimento\comum\Sprint-int01\system\BaseModel.php(658): CodeIgniter\Model->insert(Object(App\Entities\Agendamentos), false)
#8 D:\Backup\Arquivos\Faculdade\7Modulo\PIDC2\desenvolvimento\comum\Sprint-int01\app\Controllers\AgendamentosController.php(56): CodeIgniter\BaseModel->save(Object(App\Entities\Agendamentos))
#9 D:\Backup\Arquivos\Faculdade\7Modulo\PIDC2\desenvolvimento\comum\Sprint-int01\system\CodeIgniter.php(898): App\Controllers\AgendamentosController->salvar()
#10 D:\Backup\Arquivos\Faculdade\7Modulo\PIDC2\desenvolvimento\comum\Sprint-int01\system\CodeIgniter.php(457): CodeIgniter\CodeIgniter->runController(Object(App\Controllers\AgendamentosController))
#11 D:\Backup\Arquivos\Faculdade\7Modulo\PIDC2\desenvolvimento\comum\Sprint-int01\system\CodeIgniter.php(340): CodeIgniter\CodeIgniter->handleRequest(NULL, Object(Config\Cache), false)
#12 D:\Backup\Arquivos\Faculdade\7Modulo\PIDC2\desenvolvimento\comum\Sprint-int01\public\index.php(67): CodeIgniter\CodeIgniter->run()
#13 D:\Backup\Arquivos\Faculdade\7Modulo\PIDC2\desenvolvimento\comum\Sprint-int01\system\Commands\Server\rewrite.php(43): require_once('D:\\Backup\\Arqui...')
#14 {main}
CRITICAL - 2022-08-24 14:09:34 --> Cannot add or update a child row: a foreign key constraint fails (`omnimed`.`agendamentos`, CONSTRAINT `FK_AGENDAMENTOS_3` FOREIGN KEY (`FK_MEDICOS_MED_ID`, `FK_MEDICOS_FK_FUNCIONARIOS_FUN_ID`, `FK_MEDICOS_FK_FUNCIONARIOS_FK_USUARIO_COMUM_USC_ID`) REFERENCES)
in SYSTEMPATH\Database\MySQLi\Connection.php on line 292.
 1 SYSTEMPATH\Database\MySQLi\Connection.php(292): mysqli->query('INSERT INTO `agendamentos` (`AGD_STATUS`, `AGD_ENCAMINHAMENTOS`, `AGD_DATA`, `AGD_HORARIO`, `AGD_MEET_LINK`, `FK_PACIENTES_PAC_ID`, `FK_PACIENTES_FK_USUARIO_COMUM_USC_ID`, `FK_MEDICOS_MED_ID`, `FK_MEDICOS_FK_FUNCIONARIOS_FUN_ID`, `FK_MEDICOS_FK_FUNCIONARIOS_FK_USUARIO_COMUM_USC_ID`, `FK_ESPECIALIDADES_MEDICAS_ESM_ID`) VALUES (\'1\', \'1\', \'2022-08-30\', \'1661368166\', \'\', \'1\', \'1\', \'0\', \'0\', \'0\', \'3\')', 0)
 2 SYSTEMPATH\Database\BaseConnection.php(693): CodeIgniter\Database\MySQLi\Connection->execute('INSERT INTO `agendamentos` (`AGD_STATUS`, `AGD_ENCAMINHAMENTOS`, `AGD_DATA`, `AGD_HORARIO`, `AGD_MEET_LINK`, `FK_PACIENTES_PAC_ID`, `FK_PACIENTES_FK_USUARIO_COMUM_USC_ID`, `FK_MEDICOS_MED_ID`, `FK_MEDICOS_FK_FUNCIONARIOS_FUN_ID`, `FK_MEDICOS_FK_FUNCIONARIOS_FK_USUARIO_COMUM_USC_ID`, `FK_ESPECIALIDADES_MEDICAS_ESM_ID`) VALUES (\'1\', \'1\', \'2022-08-30\', \'1661368166\', \'\', \'1\', \'1\', \'0\', \'0\', \'0\', \'3\')')
 3 SYSTEMPATH\Database\BaseConnection.php(620): CodeIgniter\Database\BaseConnection->simpleQuery('INSERT INTO `agendamentos` (`AGD_STATUS`, `AGD_ENCAMINHAMENTOS`, `AGD_DATA`, `AGD_HORARIO`, `AGD_MEET_LINK`, `FK_PACIENTES_PAC_ID`, `FK_PACIENTES_FK_USUARIO_COMUM_USC_ID`, `FK_MEDICOS_MED_ID`, `FK_MEDICOS_FK_FUNCIONARIOS_FUN_ID`, `FK_MEDICOS_FK_FUNCIONARIOS_FK_USUARIO_COMUM_USC_ID`, `FK_ESPECIALIDADES_MEDICAS_ESM_ID`) VALUES (\'1\', \'1\', \'2022-08-30\', \'1661368166\', \'\', \'1\', \'1\', \'0\', \'0\', \'0\', \'3\')')
 4 SYSTEMPATH\Database\BaseBuilder.php(1916): CodeIgniter\Database\BaseConnection->query('INSERT INTO `agendamentos` (`AGD_STATUS`, `AGD_ENCAMINHAMENTOS`, `AGD_DATA`, `AGD_HORARIO`, `AGD_MEET_LINK`, `FK_PACIENTES_PAC_ID`, `FK_PACIENTES_FK_USUARIO_COMUM_USC_ID`, `FK_MEDICOS_MED_ID`, `FK_MEDICOS_FK_FUNCIONARIOS_FUN_ID`, `FK_MEDICOS_FK_FUNCIONARIOS_FK_USUARIO_COMUM_USC_ID`, `FK_ESPECIALIDADES_MEDICAS_ESM_ID`) VALUES (:AGD_STATUS:, :AGD_ENCAMINHAMENTOS:, :AGD_DATA:, :AGD_HORARIO:, :AGD_MEET_LINK:, :FK_PACIENTES_PAC_ID:, :FK_PACIENTES_FK_USUARIO_COMUM_USC_ID:, :FK_MEDICOS_MED_ID:, :FK_MEDICOS_FK_FUNCIONARIOS_FUN_ID:, :FK_MEDICOS_FK_FUNCIONARIOS_FK_USUARIO_COMUM_USC_ID:, :FK_ESPECIALIDADES_MEDICAS_ESM_ID:)', [...], false)
 5 SYSTEMPATH\Model.php(278): CodeIgniter\Database\BaseBuilder->insert()
 6 SYSTEMPATH\BaseModel.php(738): CodeIgniter\Model->doInsert([...])
 7 SYSTEMPATH\Model.php(666): CodeIgniter\BaseModel->insert([...], false)
 8 SYSTEMPATH\BaseModel.php(658): CodeIgniter\Model->insert(Object(App\Entities\Agendamentos), false)
 9 APPPATH\Controllers\AgendamentosController.php(56): CodeIgniter\BaseModel->save(Object(App\Entities\Agendamentos))
10 SYSTEMPATH\CodeIgniter.php(898): App\Controllers\AgendamentosController->salvar()
11 SYSTEMPATH\CodeIgniter.php(457): CodeIgniter\CodeIgniter->runController(Object(App\Controllers\AgendamentosController))
12 SYSTEMPATH\CodeIgniter.php(340): CodeIgniter\CodeIgniter->handleRequest(null, Object(Config\Cache), false)
13 FCPATH\index.php(67): CodeIgniter\CodeIgniter->run()
14 SYSTEMPATH\Commands\Server\rewrite.php(43): require_once('FCPATH\\index.php')
ERROR - 2022-08-24 14:09:57 --> mysqli_sql_exception: Cannot add or update a child row: a foreign key constraint fails (`omnimed`.`agendamentos`, CONSTRAINT `FK_AGENDAMENTOS_3` FOREIGN KEY (`FK_MEDICOS_MED_ID`, `FK_MEDICOS_FK_FUNCIONARIOS_FUN_ID`, `FK_MEDICOS_FK_FUNCIONARIOS_FK_USUARIO_COMUM_USC_ID`) REFERENCES) in D:\Backup\Arquivos\Faculdade\7Modulo\PIDC2\desenvolvimento\comum\Sprint-int01\system\Database\MySQLi\Connection.php:292
Stack trace:
#0 D:\Backup\Arquivos\Faculdade\7Modulo\PIDC2\desenvolvimento\comum\Sprint-int01\system\Database\MySQLi\Connection.php(292): mysqli->query('INSERT INTO `ag...', 0)
#1 D:\Backup\Arquivos\Faculdade\7Modulo\PIDC2\desenvolvimento\comum\Sprint-int01\system\Database\BaseConnection.php(693): CodeIgniter\Database\MySQLi\Connection->execute('INSERT INTO `ag...')
#2 D:\Backup\Arquivos\Faculdade\7Modulo\PIDC2\desenvolvimento\comum\Sprint-int01\system\Database\BaseConnection.php(620): CodeIgniter\Database\BaseConnection->simpleQuery('INSERT INTO `ag...')
#3 D:\Backup\Arquivos\Faculdade\7Modulo\PIDC2\desenvolvimento\comum\Sprint-int01\system\Database\BaseBuilder.php(1916): CodeIgniter\Database\BaseConnection->query('INSERT INTO `ag...', Array, false)
#4 D:\Backup\Arquivos\Faculdade\7Modulo\PIDC2\desenvolvimento\comum\Sprint-int01\system\Model.php(278): CodeIgniter\Database\BaseBuilder->insert()
#5 D:\Backup\Arquivos\Faculdade\7Modulo\PIDC2\desenvolvimento\comum\Sprint-int01\system\BaseModel.php(738): CodeIgniter\Model->doInsert(Array)
#6 D:\Backup\Arquivos\Faculdade\7Modulo\PIDC2\desenvolvimento\comum\Sprint-int01\system\Model.php(666): CodeIgniter\BaseModel->insert(Array, false)
#7 D:\Backup\Arquivos\Faculdade\7Modulo\PIDC2\desenvolvimento\comum\Sprint-int01\system\BaseModel.php(658): CodeIgniter\Model->insert(Object(App\Entities\Agendamentos), false)
#8 D:\Backup\Arquivos\Faculdade\7Modulo\PIDC2\desenvolvimento\comum\Sprint-int01\app\Controllers\AgendamentosController.php(56): CodeIgniter\BaseModel->save(Object(App\Entities\Agendamentos))
#9 D:\Backup\Arquivos\Faculdade\7Modulo\PIDC2\desenvolvimento\comum\Sprint-int01\system\CodeIgniter.php(898): App\Controllers\AgendamentosController->salvar()
#10 D:\Backup\Arquivos\Faculdade\7Modulo\PIDC2\desenvolvimento\comum\Sprint-int01\system\CodeIgniter.php(457): CodeIgniter\CodeIgniter->runController(Object(App\Controllers\AgendamentosController))
#11 D:\Backup\Arquivos\Faculdade\7Modulo\PIDC2\desenvolvimento\comum\Sprint-int01\system\CodeIgniter.php(340): CodeIgniter\CodeIgniter->handleRequest(NULL, Object(Config\Cache), false)
#12 D:\Backup\Arquivos\Faculdade\7Modulo\PIDC2\desenvolvimento\comum\Sprint-int01\public\index.php(67): CodeIgniter\CodeIgniter->run()
#13 D:\Backup\Arquivos\Faculdade\7Modulo\PIDC2\desenvolvimento\comum\Sprint-int01\system\Commands\Server\rewrite.php(43): require_once('D:\\Backup\\Arqui...')
#14 {main}
CRITICAL - 2022-08-24 14:09:57 --> Cannot add or update a child row: a foreign key constraint fails (`omnimed`.`agendamentos`, CONSTRAINT `FK_AGENDAMENTOS_3` FOREIGN KEY (`FK_MEDICOS_MED_ID`, `FK_MEDICOS_FK_FUNCIONARIOS_FUN_ID`, `FK_MEDICOS_FK_FUNCIONARIOS_FK_USUARIO_COMUM_USC_ID`) REFERENCES)
in SYSTEMPATH\Database\MySQLi\Connection.php on line 292.
 1 SYSTEMPATH\Database\MySQLi\Connection.php(292): mysqli->query('INSERT INTO `agendamentos` (`AGD_STATUS`, `AGD_ENCAMINHAMENTOS`, `AGD_DATA`, `AGD_HORARIO`, `AGD_MEET_LINK`, `FK_PACIENTES_PAC_ID`, `FK_PACIENTES_FK_USUARIO_COMUM_USC_ID`, `FK_MEDICOS_MED_ID`, `FK_MEDICOS_FK_FUNCIONARIOS_FUN_ID`, `FK_MEDICOS_FK_FUNCIONARIOS_FK_USUARIO_COMUM_USC_ID`, `FK_ESPECIALIDADES_MEDICAS_ESM_ID`) VALUES (\'1\', \'1\', \'2022-08-31\', \'1661368190\', \'\', \'1\', \'1\', \'0\', \'0\', \'0\', \'3\')', 0)
 2 SYSTEMPATH\Database\BaseConnection.php(693): CodeIgniter\Database\MySQLi\Connection->execute('INSERT INTO `agendamentos` (`AGD_STATUS`, `AGD_ENCAMINHAMENTOS`, `AGD_DATA`, `AGD_HORARIO`, `AGD_MEET_LINK`, `FK_PACIENTES_PAC_ID`, `FK_PACIENTES_FK_USUARIO_COMUM_USC_ID`, `FK_MEDICOS_MED_ID`, `FK_MEDICOS_FK_FUNCIONARIOS_FUN_ID`, `FK_MEDICOS_FK_FUNCIONARIOS_FK_USUARIO_COMUM_USC_ID`, `FK_ESPECIALIDADES_MEDICAS_ESM_ID`) VALUES (\'1\', \'1\', \'2022-08-31\', \'1661368190\', \'\', \'1\', \'1\', \'0\', \'0\', \'0\', \'3\')')
 3 SYSTEMPATH\Database\BaseConnection.php(620): CodeIgniter\Database\BaseConnection->simpleQuery('INSERT INTO `agendamentos` (`AGD_STATUS`, `AGD_ENCAMINHAMENTOS`, `AGD_DATA`, `AGD_HORARIO`, `AGD_MEET_LINK`, `FK_PACIENTES_PAC_ID`, `FK_PACIENTES_FK_USUARIO_COMUM_USC_ID`, `FK_MEDICOS_MED_ID`, `FK_MEDICOS_FK_FUNCIONARIOS_FUN_ID`, `FK_MEDICOS_FK_FUNCIONARIOS_FK_USUARIO_COMUM_USC_ID`, `FK_ESPECIALIDADES_MEDICAS_ESM_ID`) VALUES (\'1\', \'1\', \'2022-08-31\', \'1661368190\', \'\', \'1\', \'1\', \'0\', \'0\', \'0\', \'3\')')
 4 SYSTEMPATH\Database\BaseBuilder.php(1916): CodeIgniter\Database\BaseConnection->query('INSERT INTO `agendamentos` (`AGD_STATUS`, `AGD_ENCAMINHAMENTOS`, `AGD_DATA`, `AGD_HORARIO`, `AGD_MEET_LINK`, `FK_PACIENTES_PAC_ID`, `FK_PACIENTES_FK_USUARIO_COMUM_USC_ID`, `FK_MEDICOS_MED_ID`, `FK_MEDICOS_FK_FUNCIONARIOS_FUN_ID`, `FK_MEDICOS_FK_FUNCIONARIOS_FK_USUARIO_COMUM_USC_ID`, `FK_ESPECIALIDADES_MEDICAS_ESM_ID`) VALUES (:AGD_STATUS:, :AGD_ENCAMINHAMENTOS:, :AGD_DATA:, :AGD_HORARIO:, :AGD_MEET_LINK:, :FK_PACIENTES_PAC_ID:, :FK_PACIENTES_FK_USUARIO_COMUM_USC_ID:, :FK_MEDICOS_MED_ID:, :FK_MEDICOS_FK_FUNCIONARIOS_FUN_ID:, :FK_MEDICOS_FK_FUNCIONARIOS_FK_USUARIO_COMUM_USC_ID:, :FK_ESPECIALIDADES_MEDICAS_ESM_ID:)', [...], false)
 5 SYSTEMPATH\Model.php(278): CodeIgniter\Database\BaseBuilder->insert()
 6 SYSTEMPATH\BaseModel.php(738): CodeIgniter\Model->doInsert([...])
 7 SYSTEMPATH\Model.php(666): CodeIgniter\BaseModel->insert([...], false)
 8 SYSTEMPATH\BaseModel.php(658): CodeIgniter\Model->insert(Object(App\Entities\Agendamentos), false)
 9 APPPATH\Controllers\AgendamentosController.php(56): CodeIgniter\BaseModel->save(Object(App\Entities\Agendamentos))
10 SYSTEMPATH\CodeIgniter.php(898): App\Controllers\AgendamentosController->salvar()
11 SYSTEMPATH\CodeIgniter.php(457): CodeIgniter\CodeIgniter->runController(Object(App\Controllers\AgendamentosController))
12 SYSTEMPATH\CodeIgniter.php(340): CodeIgniter\CodeIgniter->handleRequest(null, Object(Config\Cache), false)
13 FCPATH\index.php(67): CodeIgniter\CodeIgniter->run()
14 SYSTEMPATH\Commands\Server\rewrite.php(43): require_once('FCPATH\\index.php')
ERROR - 2022-08-24 14:10:40 --> mysqli_sql_exception: Cannot add or update a child row: a foreign key constraint fails (`omnimed`.`agendamentos`, CONSTRAINT `FK_AGENDAMENTOS_3` FOREIGN KEY (`FK_MEDICOS_MED_ID`, `FK_MEDICOS_FK_FUNCIONARIOS_FUN_ID`, `FK_MEDICOS_FK_FUNCIONARIOS_FK_USUARIO_COMUM_USC_ID`) REFERENCES) in D:\Backup\Arquivos\Faculdade\7Modulo\PIDC2\desenvolvimento\comum\Sprint-int01\system\Database\MySQLi\Connection.php:292
Stack trace:
#0 D:\Backup\Arquivos\Faculdade\7Modulo\PIDC2\desenvolvimento\comum\Sprint-int01\system\Database\MySQLi\Connection.php(292): mysqli->query('INSERT INTO `ag...', 0)
#1 D:\Backup\Arquivos\Faculdade\7Modulo\PIDC2\desenvolvimento\comum\Sprint-int01\system\Database\BaseConnection.php(693): CodeIgniter\Database\MySQLi\Connection->execute('INSERT INTO `ag...')
#2 D:\Backup\Arquivos\Faculdade\7Modulo\PIDC2\desenvolvimento\comum\Sprint-int01\system\Database\BaseConnection.php(620): CodeIgniter\Database\BaseConnection->simpleQuery('INSERT INTO `ag...')
#3 D:\Backup\Arquivos\Faculdade\7Modulo\PIDC2\desenvolvimento\comum\Sprint-int01\system\Database\BaseBuilder.php(1916): CodeIgniter\Database\BaseConnection->query('INSERT INTO `ag...', Array, false)
#4 D:\Backup\Arquivos\Faculdade\7Modulo\PIDC2\desenvolvimento\comum\Sprint-int01\system\Model.php(278): CodeIgniter\Database\BaseBuilder->insert()
#5 D:\Backup\Arquivos\Faculdade\7Modulo\PIDC2\desenvolvimento\comum\Sprint-int01\system\BaseModel.php(738): CodeIgniter\Model->doInsert(Array)
#6 D:\Backup\Arquivos\Faculdade\7Modulo\PIDC2\desenvolvimento\comum\Sprint-int01\system\Model.php(666): CodeIgniter\BaseModel->insert(Array, false)
#7 D:\Backup\Arquivos\Faculdade\7Modulo\PIDC2\desenvolvimento\comum\Sprint-int01\system\BaseModel.php(658): CodeIgniter\Model->insert(Object(App\Entities\Agendamentos), false)
#8 D:\Backup\Arquivos\Faculdade\7Modulo\PIDC2\desenvolvimento\comum\Sprint-int01\app\Controllers\AgendamentosController.php(56): CodeIgniter\BaseModel->save(Object(App\Entities\Agendamentos))
#9 D:\Backup\Arquivos\Faculdade\7Modulo\PIDC2\desenvolvimento\comum\Sprint-int01\system\CodeIgniter.php(898): App\Controllers\AgendamentosController->salvar()
#10 D:\Backup\Arquivos\Faculdade\7Modulo\PIDC2\desenvolvimento\comum\Sprint-int01\system\CodeIgniter.php(457): CodeIgniter\CodeIgniter->runController(Object(App\Controllers\AgendamentosController))
#11 D:\Backup\Arquivos\Faculdade\7Modulo\PIDC2\desenvolvimento\comum\Sprint-int01\system\CodeIgniter.php(340): CodeIgniter\CodeIgniter->handleRequest(NULL, Object(Config\Cache), false)
#12 D:\Backup\Arquivos\Faculdade\7Modulo\PIDC2\desenvolvimento\comum\Sprint-int01\public\index.php(67): CodeIgniter\CodeIgniter->run()
#13 D:\Backup\Arquivos\Faculdade\7Modulo\PIDC2\desenvolvimento\comum\Sprint-int01\system\Commands\Server\rewrite.php(43): require_once('D:\\Backup\\Arqui...')
#14 {main}
CRITICAL - 2022-08-24 14:10:40 --> Cannot add or update a child row: a foreign key constraint fails (`omnimed`.`agendamentos`, CONSTRAINT `FK_AGENDAMENTOS_3` FOREIGN KEY (`FK_MEDICOS_MED_ID`, `FK_MEDICOS_FK_FUNCIONARIOS_FUN_ID`, `FK_MEDICOS_FK_FUNCIONARIOS_FK_USUARIO_COMUM_USC_ID`) REFERENCES)
in SYSTEMPATH\Database\MySQLi\Connection.php on line 292.
 1 SYSTEMPATH\Database\MySQLi\Connection.php(292): mysqli->query('INSERT INTO `agendamentos` (`AGD_STATUS`, `AGD_ENCAMINHAMENTOS`, `AGD_DATA`, `AGD_HORARIO`, `AGD_MEET_LINK`, `FK_PACIENTES_PAC_ID`, `FK_PACIENTES_FK_USUARIO_COMUM_USC_ID`, `FK_MEDICOS_MED_ID`, `FK_MEDICOS_FK_FUNCIONARIOS_FUN_ID`, `FK_MEDICOS_FK_FUNCIONARIOS_FK_USUARIO_COMUM_USC_ID`, `FK_ESPECIALIDADES_MEDICAS_ESM_ID`) VALUES (\'1\', \'1\', \'2022-08-31\', \'1661368220\', \'\', \'1\', \'1\', \'0\', \'0\', \'0\', \'3\')', 0)
 2 SYSTEMPATH\Database\BaseConnection.php(693): CodeIgniter\Database\MySQLi\Connection->execute('INSERT INTO `agendamentos` (`AGD_STATUS`, `AGD_ENCAMINHAMENTOS`, `AGD_DATA`, `AGD_HORARIO`, `AGD_MEET_LINK`, `FK_PACIENTES_PAC_ID`, `FK_PACIENTES_FK_USUARIO_COMUM_USC_ID`, `FK_MEDICOS_MED_ID`, `FK_MEDICOS_FK_FUNCIONARIOS_FUN_ID`, `FK_MEDICOS_FK_FUNCIONARIOS_FK_USUARIO_COMUM_USC_ID`, `FK_ESPECIALIDADES_MEDICAS_ESM_ID`) VALUES (\'1\', \'1\', \'2022-08-31\', \'1661368220\', \'\', \'1\', \'1\', \'0\', \'0\', \'0\', \'3\')')
 3 SYSTEMPATH\Database\BaseConnection.php(620): CodeIgniter\Database\BaseConnection->simpleQuery('INSERT INTO `agendamentos` (`AGD_STATUS`, `AGD_ENCAMINHAMENTOS`, `AGD_DATA`, `AGD_HORARIO`, `AGD_MEET_LINK`, `FK_PACIENTES_PAC_ID`, `FK_PACIENTES_FK_USUARIO_COMUM_USC_ID`, `FK_MEDICOS_MED_ID`, `FK_MEDICOS_FK_FUNCIONARIOS_FUN_ID`, `FK_MEDICOS_FK_FUNCIONARIOS_FK_USUARIO_COMUM_USC_ID`, `FK_ESPECIALIDADES_MEDICAS_ESM_ID`) VALUES (\'1\', \'1\', \'2022-08-31\', \'1661368220\', \'\', \'1\', \'1\', \'0\', \'0\', \'0\', \'3\')')
 4 SYSTEMPATH\Database\BaseBuilder.php(1916): CodeIgniter\Database\BaseConnection->query('INSERT INTO `agendamentos` (`AGD_STATUS`, `AGD_ENCAMINHAMENTOS`, `AGD_DATA`, `AGD_HORARIO`, `AGD_MEET_LINK`, `FK_PACIENTES_PAC_ID`, `FK_PACIENTES_FK_USUARIO_COMUM_USC_ID`, `FK_MEDICOS_MED_ID`, `FK_MEDICOS_FK_FUNCIONARIOS_FUN_ID`, `FK_MEDICOS_FK_FUNCIONARIOS_FK_USUARIO_COMUM_USC_ID`, `FK_ESPECIALIDADES_MEDICAS_ESM_ID`) VALUES (:AGD_STATUS:, :AGD_ENCAMINHAMENTOS:, :AGD_DATA:, :AGD_HORARIO:, :AGD_MEET_LINK:, :FK_PACIENTES_PAC_ID:, :FK_PACIENTES_FK_USUARIO_COMUM_USC_ID:, :FK_MEDICOS_MED_ID:, :FK_MEDICOS_FK_FUNCIONARIOS_FUN_ID:, :FK_MEDICOS_FK_FUNCIONARIOS_FK_USUARIO_COMUM_USC_ID:, :FK_ESPECIALIDADES_MEDICAS_ESM_ID:)', [...], false)
 5 SYSTEMPATH\Model.php(278): CodeIgniter\Database\BaseBuilder->insert()
 6 SYSTEMPATH\BaseModel.php(738): CodeIgniter\Model->doInsert([...])
 7 SYSTEMPATH\Model.php(666): CodeIgniter\BaseModel->insert([...], false)
 8 SYSTEMPATH\BaseModel.php(658): CodeIgniter\Model->insert(Object(App\Entities\Agendamentos), false)
 9 APPPATH\Controllers\AgendamentosController.php(56): CodeIgniter\BaseModel->save(Object(App\Entities\Agendamentos))
10 SYSTEMPATH\CodeIgniter.php(898): App\Controllers\AgendamentosController->salvar()
11 SYSTEMPATH\CodeIgniter.php(457): CodeIgniter\CodeIgniter->runController(Object(App\Controllers\AgendamentosController))
12 SYSTEMPATH\CodeIgniter.php(340): CodeIgniter\CodeIgniter->handleRequest(null, Object(Config\Cache), false)
13 FCPATH\index.php(67): CodeIgniter\CodeIgniter->run()
14 SYSTEMPATH\Commands\Server\rewrite.php(43): require_once('FCPATH\\index.php')
