CRITICAL - 2022-08-25 13:21:00 --> Invalid file: /agendamentos/detail.php?AGD_ID=1
in SYSTEMPATH\Exceptions\FrameworkException.php on line 33.
 1 SYSTEMPATH\View\View.php(201): CodeIgniter\Exceptions\FrameworkException::forInvalidFile('/agendamentos/detail.php?AGD_ID=1')
 2 SYSTEMPATH\Common.php(1137): CodeIgniter\View\View->render('/agendamentos/detail.php?AGD_ID=1', [], true)
 3 APPPATH\Controllers\AgendamentosController.php(35): view('/agendamentos/detail.php?AGD_ID=1')
 4 SYSTEMPATH\CodeIgniter.php(898): App\Controllers\AgendamentosController->detalhar('1')
 5 SYSTEMPATH\CodeIgniter.php(457): CodeIgniter\CodeIgniter->runController(Object(App\Controllers\AgendamentosController))
 6 SYSTEMPATH\CodeIgniter.php(340): CodeIgniter\CodeIgniter->handleRequest(null, Object(Config\Cache), false)
 7 FCPATH\index.php(67): CodeIgniter\CodeIgniter->run()
 8 SYSTEMPATH\Commands\Server\rewrite.php(43): require_once('FCPATH\\index.php')
CRITICAL - 2022-08-25 13:28:54 --> Invalid file: /agendamentos/detail.php?AGD_ID=1
in SYSTEMPATH\Exceptions\FrameworkException.php on line 33.
 1 SYSTEMPATH\View\View.php(201): CodeIgniter\Exceptions\FrameworkException::forInvalidFile('/agendamentos/detail.php?AGD_ID=1')
 2 SYSTEMPATH\Common.php(1137): CodeIgniter\View\View->render('/agendamentos/detail.php?AGD_ID=1', [], true)
 3 APPPATH\Controllers\AgendamentosController.php(35): view('/agendamentos/detail.php?AGD_ID=1')
 4 SYSTEMPATH\CodeIgniter.php(898): App\Controllers\AgendamentosController->detalhar('1')
 5 SYSTEMPATH\CodeIgniter.php(457): CodeIgniter\CodeIgniter->runController(Object(App\Controllers\AgendamentosController))
 6 SYSTEMPATH\CodeIgniter.php(340): CodeIgniter\CodeIgniter->handleRequest(null, Object(Config\Cache), false)
 7 FCPATH\index.php(67): CodeIgniter\CodeIgniter->run()
 8 SYSTEMPATH\Commands\Server\rewrite.php(43): require_once('FCPATH\\index.php')
CRITICAL - 2022-08-25 13:29:39 --> Undefined array key "AGD_ID"
in APPPATH\Views\agendamentos\detail.php on line 4.
 1 APPPATH\Views\agendamentos\detail.php(4): CodeIgniter\Debug\Exceptions->errorHandler(2, 'Undefined array key "AGD_ID"', 'APPPATH\\Views\\agendamentos\\detail.php', 4)
 2 SYSTEMPATH\View\View.php(213): include('APPPATH\\Views\\agendamentos\\detail.php')
 3 SYSTEMPATH\View\View.php(216): CodeIgniter\View\View->CodeIgniter\View\{closure}()
 4 SYSTEMPATH\Common.php(1137): CodeIgniter\View\View->render('/agendamentos/detail.php', [], true)
 5 APPPATH\Controllers\AgendamentosController.php(35): view('/agendamentos/detail.php')
 6 SYSTEMPATH\CodeIgniter.php(898): App\Controllers\AgendamentosController->detalhar('1')
 7 SYSTEMPATH\CodeIgniter.php(457): CodeIgniter\CodeIgniter->runController(Object(App\Controllers\AgendamentosController))
 8 SYSTEMPATH\CodeIgniter.php(340): CodeIgniter\CodeIgniter->handleRequest(null, Object(Config\Cache), false)
 9 FCPATH\index.php(67): CodeIgniter\CodeIgniter->run()
10 SYSTEMPATH\Commands\Server\rewrite.php(43): require_once('FCPATH\\index.php')
CRITICAL - 2022-08-25 13:37:23 --> view(): Argument #2 ($data) must be of type array, string given, called in D:\Backup\Arquivos\Faculdade\7Modulo\PIDC2\desenvolvimento\comum\Sprint-int01\app\Controllers\AgendamentosController.php on line 35
in SYSTEMPATH\Common.php on line 1123.
 1 APPPATH\Controllers\AgendamentosController.php(35): view('/agendamentos/detail.php', '1')
 2 SYSTEMPATH\CodeIgniter.php(898): App\Controllers\AgendamentosController->detalhar('1')
 3 SYSTEMPATH\CodeIgniter.php(457): CodeIgniter\CodeIgniter->runController(Object(App\Controllers\AgendamentosController))
 4 SYSTEMPATH\CodeIgniter.php(340): CodeIgniter\CodeIgniter->handleRequest(null, Object(Config\Cache), false)
 5 FCPATH\index.php(67): CodeIgniter\CodeIgniter->run()
 6 SYSTEMPATH\Commands\Server\rewrite.php(43): require_once('FCPATH\\index.php')
CRITICAL - 2022-08-25 13:37:45 --> Undefined array key "AGD_ID"
in APPPATH\Views\agendamentos\detail.php on line 4.
 1 APPPATH\Views\agendamentos\detail.php(4): CodeIgniter\Debug\Exceptions->errorHandler(2, 'Undefined array key "AGD_ID"', 'APPPATH\\Views\\agendamentos\\detail.php', 4)
 2 SYSTEMPATH\View\View.php(213): include('APPPATH\\Views\\agendamentos\\detail.php')
 3 SYSTEMPATH\View\View.php(216): CodeIgniter\View\View->CodeIgniter\View\{closure}()
 4 SYSTEMPATH\Common.php(1137): CodeIgniter\View\View->render('/agendamentos/detail.php', [], true)
 5 APPPATH\Controllers\AgendamentosController.php(35): view('/agendamentos/detail.php', [...])
 6 SYSTEMPATH\CodeIgniter.php(898): App\Controllers\AgendamentosController->detalhar('1')
 7 SYSTEMPATH\CodeIgniter.php(457): CodeIgniter\CodeIgniter->runController(Object(App\Controllers\AgendamentosController))
 8 SYSTEMPATH\CodeIgniter.php(340): CodeIgniter\CodeIgniter->handleRequest(null, Object(Config\Cache), false)
 9 FCPATH\index.php(67): CodeIgniter\CodeIgniter->run()
10 SYSTEMPATH\Commands\Server\rewrite.php(43): require_once('FCPATH\\index.php')
CRITICAL - 2022-08-25 13:37:51 --> Undefined array key "AGD_ID"
in APPPATH\Views\agendamentos\detail.php on line 4.
 1 APPPATH\Views\agendamentos\detail.php(4): CodeIgniter\Debug\Exceptions->errorHandler(2, 'Undefined array key "AGD_ID"', 'APPPATH\\Views\\agendamentos\\detail.php', 4)
 2 SYSTEMPATH\View\View.php(213): include('APPPATH\\Views\\agendamentos\\detail.php')
 3 SYSTEMPATH\View\View.php(216): CodeIgniter\View\View->CodeIgniter\View\{closure}()
 4 SYSTEMPATH\Common.php(1137): CodeIgniter\View\View->render('/agendamentos/detail.php', [], true)
 5 APPPATH\Controllers\AgendamentosController.php(35): view('/agendamentos/detail.php', [...])
 6 SYSTEMPATH\CodeIgniter.php(898): App\Controllers\AgendamentosController->detalhar('1')
 7 SYSTEMPATH\CodeIgniter.php(457): CodeIgniter\CodeIgniter->runController(Object(App\Controllers\AgendamentosController))
 8 SYSTEMPATH\CodeIgniter.php(340): CodeIgniter\CodeIgniter->handleRequest(null, Object(Config\Cache), false)
 9 FCPATH\index.php(67): CodeIgniter\CodeIgniter->run()
10 SYSTEMPATH\Commands\Server\rewrite.php(43): require_once('FCPATH\\index.php')
CRITICAL - 2022-08-25 13:38:17 --> Undefined array key "AGD_ID"
in APPPATH\Views\agendamentos\detail.php on line 4.
 1 APPPATH\Views\agendamentos\detail.php(4): CodeIgniter\Debug\Exceptions->errorHandler(2, 'Undefined array key "AGD_ID"', 'APPPATH\\Views\\agendamentos\\detail.php', 4)
 2 SYSTEMPATH\View\View.php(213): include('APPPATH\\Views\\agendamentos\\detail.php')
 3 SYSTEMPATH\View\View.php(216): CodeIgniter\View\View->CodeIgniter\View\{closure}()
 4 SYSTEMPATH\Common.php(1137): CodeIgniter\View\View->render('/agendamentos/detail.php', [], true)
 5 APPPATH\Controllers\AgendamentosController.php(35): view('/agendamentos/detail.php', [...])
 6 SYSTEMPATH\CodeIgniter.php(898): App\Controllers\AgendamentosController->detalhar('1')
 7 SYSTEMPATH\CodeIgniter.php(457): CodeIgniter\CodeIgniter->runController(Object(App\Controllers\AgendamentosController))
 8 SYSTEMPATH\CodeIgniter.php(340): CodeIgniter\CodeIgniter->handleRequest(null, Object(Config\Cache), false)
 9 FCPATH\index.php(67): CodeIgniter\CodeIgniter->run()
10 SYSTEMPATH\Commands\Server\rewrite.php(43): require_once('FCPATH\\index.php')
CRITICAL - 2022-08-25 13:39:01 --> Undefined variable $id
in APPPATH\Views\agendamentos\detail.php on line 4.
 1 APPPATH\Views\agendamentos\detail.php(4): CodeIgniter\Debug\Exceptions->errorHandler(2, 'Undefined variable $id', 'APPPATH\\Views\\agendamentos\\detail.php', 4)
 2 SYSTEMPATH\View\View.php(213): include('APPPATH\\Views\\agendamentos\\detail.php')
 3 SYSTEMPATH\View\View.php(216): CodeIgniter\View\View->CodeIgniter\View\{closure}()
 4 SYSTEMPATH\Common.php(1137): CodeIgniter\View\View->render('/agendamentos/detail.php', [], true)
 5 APPPATH\Controllers\AgendamentosController.php(35): view('/agendamentos/detail.php', [...])
 6 SYSTEMPATH\CodeIgniter.php(898): App\Controllers\AgendamentosController->detalhar('1')
 7 SYSTEMPATH\CodeIgniter.php(457): CodeIgniter\CodeIgniter->runController(Object(App\Controllers\AgendamentosController))
 8 SYSTEMPATH\CodeIgniter.php(340): CodeIgniter\CodeIgniter->handleRequest(null, Object(Config\Cache), false)
 9 FCPATH\index.php(67): CodeIgniter\CodeIgniter->run()
10 SYSTEMPATH\Commands\Server\rewrite.php(43): require_once('FCPATH\\index.php')
CRITICAL - 2022-08-25 13:40:53 --> Cannot use object of type App\Entities\Agendamentos as array
in APPPATH\Views\agendamentos\detail.php on line 156.
 1 SYSTEMPATH\View\View.php(213): include()
 2 SYSTEMPATH\View\View.php(216): CodeIgniter\View\View->CodeIgniter\View\{closure}()
 3 SYSTEMPATH\Common.php(1137): CodeIgniter\View\View->render('/agendamentos/detail.php', [], true)
 4 APPPATH\Controllers\AgendamentosController.php(35): view('/agendamentos/detail.php', [...])
 5 SYSTEMPATH\CodeIgniter.php(898): App\Controllers\AgendamentosController->detalhar('1')
 6 SYSTEMPATH\CodeIgniter.php(457): CodeIgniter\CodeIgniter->runController(Object(App\Controllers\AgendamentosController))
 7 SYSTEMPATH\CodeIgniter.php(340): CodeIgniter\CodeIgniter->handleRequest(null, Object(Config\Cache), false)
 8 FCPATH\index.php(67): CodeIgniter\CodeIgniter->run()
 9 SYSTEMPATH\Commands\Server\rewrite.php(43): require_once('FCPATH\\index.php')
CRITICAL - 2022-08-25 14:16:42 --> Attempt to read property "AGD_ID" on array
in APPPATH\Views\agendamentos\list.php on line 150.
 1 APPPATH\Views\agendamentos\list.php(150): CodeIgniter\Debug\Exceptions->errorHandler(2, 'Attempt to read property "AGD_ID" on array', 'APPPATH\\Views\\agendamentos\\list.php', 150)
 2 SYSTEMPATH\View\View.php(213): include('APPPATH\\Views\\agendamentos\\list.php')
 3 SYSTEMPATH\View\View.php(216): CodeIgniter\View\View->CodeIgniter\View\{closure}()
 4 SYSTEMPATH\Common.php(1137): CodeIgniter\View\View->render('/agendamentos/list.php', [], true)
 5 APPPATH\Controllers\AgendamentosController.php(15): view('/agendamentos/list.php')
 6 SYSTEMPATH\CodeIgniter.php(898): App\Controllers\AgendamentosController->listagem_solicitados()
 7 SYSTEMPATH\CodeIgniter.php(457): CodeIgniter\CodeIgniter->runController(Object(App\Controllers\AgendamentosController))
 8 SYSTEMPATH\CodeIgniter.php(340): CodeIgniter\CodeIgniter->handleRequest(null, Object(Config\Cache), false)
 9 FCPATH\index.php(67): CodeIgniter\CodeIgniter->run()
10 SYSTEMPATH\Commands\Server\rewrite.php(43): require_once('FCPATH\\index.php')
CRITICAL - 2022-08-25 14:18:36 --> Undefined property: mysqli::$AGD_ID
in APPPATH\Views\agendamentos\list.php on line 150.
 1 APPPATH\Views\agendamentos\list.php(150): CodeIgniter\Debug\Exceptions->errorHandler(2, 'Undefined property: mysqli::$AGD_ID', 'APPPATH\\Views\\agendamentos\\list.php', 150)
 2 SYSTEMPATH\View\View.php(213): include('APPPATH\\Views\\agendamentos\\list.php')
 3 SYSTEMPATH\View\View.php(216): CodeIgniter\View\View->CodeIgniter\View\{closure}()
 4 SYSTEMPATH\Common.php(1137): CodeIgniter\View\View->render('/agendamentos/list.php', [], true)
 5 APPPATH\Controllers\AgendamentosController.php(15): view('/agendamentos/list.php')
 6 SYSTEMPATH\CodeIgniter.php(898): App\Controllers\AgendamentosController->listagem_solicitados()
 7 SYSTEMPATH\CodeIgniter.php(457): CodeIgniter\CodeIgniter->runController(Object(App\Controllers\AgendamentosController))
 8 SYSTEMPATH\CodeIgniter.php(340): CodeIgniter\CodeIgniter->handleRequest(null, Object(Config\Cache), false)
 9 FCPATH\index.php(67): CodeIgniter\CodeIgniter->run()
10 SYSTEMPATH\Commands\Server\rewrite.php(43): require_once('FCPATH\\index.php')
CRITICAL - 2022-08-25 14:21:12 --> Cannot access protected property CodeIgniter\Database\MySQLi\Builder::$db
in APPPATH\Views\agendamentos\list.php on line 5.
 1 SYSTEMPATH\View\View.php(213): include()
 2 SYSTEMPATH\View\View.php(216): CodeIgniter\View\View->CodeIgniter\View\{closure}()
 3 SYSTEMPATH\Common.php(1137): CodeIgniter\View\View->render('/agendamentos/list.php', [], true)
 4 APPPATH\Controllers\AgendamentosController.php(15): view('/agendamentos/list.php')
 5 SYSTEMPATH\CodeIgniter.php(898): App\Controllers\AgendamentosController->listagem_solicitados()
 6 SYSTEMPATH\CodeIgniter.php(457): CodeIgniter\CodeIgniter->runController(Object(App\Controllers\AgendamentosController))
 7 SYSTEMPATH\CodeIgniter.php(340): CodeIgniter\CodeIgniter->handleRequest(null, Object(Config\Cache), false)
 8 FCPATH\index.php(67): CodeIgniter\CodeIgniter->run()
 9 SYSTEMPATH\Commands\Server\rewrite.php(43): require_once('FCPATH\\index.php')
CRITICAL - 2022-08-25 14:28:20 --> Cannot access protected property CodeIgniter\Database\MySQLi\Builder::$db
in APPPATH\Views\agendamentos\list.php on line 5.
 1 SYSTEMPATH\View\View.php(213): include()
 2 SYSTEMPATH\View\View.php(216): CodeIgniter\View\View->CodeIgniter\View\{closure}()
 3 SYSTEMPATH\Common.php(1137): CodeIgniter\View\View->render('/agendamentos/list.php', [], true)
 4 APPPATH\Controllers\AgendamentosController.php(15): view('/agendamentos/list.php')
 5 SYSTEMPATH\CodeIgniter.php(898): App\Controllers\AgendamentosController->listagem_solicitados()
 6 SYSTEMPATH\CodeIgniter.php(457): CodeIgniter\CodeIgniter->runController(Object(App\Controllers\AgendamentosController))
 7 SYSTEMPATH\CodeIgniter.php(340): CodeIgniter\CodeIgniter->handleRequest(null, Object(Config\Cache), false)
 8 FCPATH\index.php(67): CodeIgniter\CodeIgniter->run()
 9 SYSTEMPATH\Commands\Server\rewrite.php(43): require_once('FCPATH\\index.php')
CRITICAL - 2022-08-25 14:36:07 --> Attempt to read property "AGD_ID" on array
in APPPATH\Views\agendamentos\list.php on line 150.
 1 APPPATH\Views\agendamentos\list.php(150): CodeIgniter\Debug\Exceptions->errorHandler(2, 'Attempt to read property "AGD_ID" on array', 'APPPATH\\Views\\agendamentos\\list.php', 150)
 2 SYSTEMPATH\View\View.php(213): include('APPPATH\\Views\\agendamentos\\list.php')
 3 SYSTEMPATH\View\View.php(216): CodeIgniter\View\View->CodeIgniter\View\{closure}()
 4 SYSTEMPATH\Common.php(1137): CodeIgniter\View\View->render('/agendamentos/list.php', [], true)
 5 APPPATH\Controllers\AgendamentosController.php(15): view('/agendamentos/list.php')
 6 SYSTEMPATH\CodeIgniter.php(898): App\Controllers\AgendamentosController->listagem_solicitados()
 7 SYSTEMPATH\CodeIgniter.php(457): CodeIgniter\CodeIgniter->runController(Object(App\Controllers\AgendamentosController))
 8 SYSTEMPATH\CodeIgniter.php(340): CodeIgniter\CodeIgniter->handleRequest(null, Object(Config\Cache), false)
 9 FCPATH\index.php(67): CodeIgniter\CodeIgniter->run()
10 SYSTEMPATH\Commands\Server\rewrite.php(43): require_once('FCPATH\\index.php')
CRITICAL - 2022-08-25 14:36:54 --> Undefined array key "AGD_ID"
in APPPATH\Views\agendamentos\list.php on line 150.
 1 APPPATH\Views\agendamentos\list.php(150): CodeIgniter\Debug\Exceptions->errorHandler(2, 'Undefined array key "AGD_ID"', 'APPPATH\\Views\\agendamentos\\list.php', 150)
 2 SYSTEMPATH\View\View.php(213): include('APPPATH\\Views\\agendamentos\\list.php')
 3 SYSTEMPATH\View\View.php(216): CodeIgniter\View\View->CodeIgniter\View\{closure}()
 4 SYSTEMPATH\Common.php(1137): CodeIgniter\View\View->render('/agendamentos/list.php', [], true)
 5 APPPATH\Controllers\AgendamentosController.php(15): view('/agendamentos/list.php')
 6 SYSTEMPATH\CodeIgniter.php(898): App\Controllers\AgendamentosController->listagem_solicitados()
 7 SYSTEMPATH\CodeIgniter.php(457): CodeIgniter\CodeIgniter->runController(Object(App\Controllers\AgendamentosController))
 8 SYSTEMPATH\CodeIgniter.php(340): CodeIgniter\CodeIgniter->handleRequest(null, Object(Config\Cache), false)
 9 FCPATH\index.php(67): CodeIgniter\CodeIgniter->run()
10 SYSTEMPATH\Commands\Server\rewrite.php(43): require_once('FCPATH\\index.php')
CRITICAL - 2022-08-25 14:37:11 --> Array to string conversion
in APPPATH\Views\agendamentos\list.php on line 150.
 1 APPPATH\Views\agendamentos\list.php(150): CodeIgniter\Debug\Exceptions->errorHandler(2, 'Array to string conversion', 'APPPATH\\Views\\agendamentos\\list.php', 150)
 2 SYSTEMPATH\View\View.php(213): include('APPPATH\\Views\\agendamentos\\list.php')
 3 SYSTEMPATH\View\View.php(216): CodeIgniter\View\View->CodeIgniter\View\{closure}()
 4 SYSTEMPATH\Common.php(1137): CodeIgniter\View\View->render('/agendamentos/list.php', [], true)
 5 APPPATH\Controllers\AgendamentosController.php(15): view('/agendamentos/list.php')
 6 SYSTEMPATH\CodeIgniter.php(898): App\Controllers\AgendamentosController->listagem_solicitados()
 7 SYSTEMPATH\CodeIgniter.php(457): CodeIgniter\CodeIgniter->runController(Object(App\Controllers\AgendamentosController))
 8 SYSTEMPATH\CodeIgniter.php(340): CodeIgniter\CodeIgniter->handleRequest(null, Object(Config\Cache), false)
 9 FCPATH\index.php(67): CodeIgniter\CodeIgniter->run()
10 SYSTEMPATH\Commands\Server\rewrite.php(43): require_once('FCPATH\\index.php')
CRITICAL - 2022-08-25 14:48:01 --> whereIn() expects $values to be of type array or closure
in SYSTEMPATH\Database\BaseBuilder.php on line 907.
 1 SYSTEMPATH\Database\BaseBuilder.php(789): CodeIgniter\Database\BaseBuilder->_whereIn('agendamentos.AGD_STATUS', 1, false, 'AND ', null)
 2 APPPATH\Views\agendamentos\list.php(5): CodeIgniter\Database\BaseBuilder->whereIn('agendamentos.AGD_STATUS', 1)
 3 SYSTEMPATH\View\View.php(213): include('APPPATH\\Views\\agendamentos\\list.php')
 4 SYSTEMPATH\View\View.php(216): CodeIgniter\View\View->CodeIgniter\View\{closure}()
 5 SYSTEMPATH\Common.php(1137): CodeIgniter\View\View->render('/agendamentos/list.php', [], true)
 6 APPPATH\Controllers\AgendamentosController.php(15): view('/agendamentos/list.php')
 7 SYSTEMPATH\CodeIgniter.php(898): App\Controllers\AgendamentosController->listagem_solicitados()
 8 SYSTEMPATH\CodeIgniter.php(457): CodeIgniter\CodeIgniter->runController(Object(App\Controllers\AgendamentosController))
 9 SYSTEMPATH\CodeIgniter.php(340): CodeIgniter\CodeIgniter->handleRequest(null, Object(Config\Cache), false)
10 FCPATH\index.php(67): CodeIgniter\CodeIgniter->run()
11 SYSTEMPATH\Commands\Server\rewrite.php(43): require_once('FCPATH\\index.php')
CRITICAL - 2022-08-25 14:48:27 --> Undefined variable $usuarioComum
in APPPATH\Views\agendamentos\list.php on line 158.
 1 APPPATH\Views\agendamentos\list.php(158): CodeIgniter\Debug\Exceptions->errorHandler(2, 'Undefined variable $usuarioComum', 'APPPATH\\Views\\agendamentos\\list.php', 158)
 2 SYSTEMPATH\View\View.php(213): include('APPPATH\\Views\\agendamentos\\list.php')
 3 SYSTEMPATH\View\View.php(216): CodeIgniter\View\View->CodeIgniter\View\{closure}()
 4 SYSTEMPATH\Common.php(1137): CodeIgniter\View\View->render('/agendamentos/list.php', [], true)
 5 APPPATH\Controllers\AgendamentosController.php(15): view('/agendamentos/list.php')
 6 SYSTEMPATH\CodeIgniter.php(898): App\Controllers\AgendamentosController->listagem_solicitados()
 7 SYSTEMPATH\CodeIgniter.php(457): CodeIgniter\CodeIgniter->runController(Object(App\Controllers\AgendamentosController))
 8 SYSTEMPATH\CodeIgniter.php(340): CodeIgniter\CodeIgniter->handleRequest(null, Object(Config\Cache), false)
 9 FCPATH\index.php(67): CodeIgniter\CodeIgniter->run()
10 SYSTEMPATH\Commands\Server\rewrite.php(43): require_once('FCPATH\\index.php')
ERROR - 2022-08-25 18:04:44 --> mysqli_sql_exception: Column 'AGD_TRIAGEM_REALIZADA' cannot be null in D:\Backup\Arquivos\Faculdade\7Modulo\PIDC2\desenvolvimento\comum\Sprint-int01\system\Database\MySQLi\Connection.php:292
Stack trace:
#0 D:\Backup\Arquivos\Faculdade\7Modulo\PIDC2\desenvolvimento\comum\Sprint-int01\system\Database\MySQLi\Connection.php(292): mysqli->query('INSERT INTO `ag...', 0)
#1 D:\Backup\Arquivos\Faculdade\7Modulo\PIDC2\desenvolvimento\comum\Sprint-int01\system\Database\BaseConnection.php(693): CodeIgniter\Database\MySQLi\Connection->execute('INSERT INTO `ag...')
#2 D:\Backup\Arquivos\Faculdade\7Modulo\PIDC2\desenvolvimento\comum\Sprint-int01\system\Database\BaseConnection.php(620): CodeIgniter\Database\BaseConnection->simpleQuery('INSERT INTO `ag...')
#3 D:\Backup\Arquivos\Faculdade\7Modulo\PIDC2\desenvolvimento\comum\Sprint-int01\system\Database\BaseBuilder.php(1916): CodeIgniter\Database\BaseConnection->query('INSERT INTO `ag...', Array, false)
#4 D:\Backup\Arquivos\Faculdade\7Modulo\PIDC2\desenvolvimento\comum\Sprint-int01\system\Model.php(278): CodeIgniter\Database\BaseBuilder->insert()
#5 D:\Backup\Arquivos\Faculdade\7Modulo\PIDC2\desenvolvimento\comum\Sprint-int01\system\BaseModel.php(738): CodeIgniter\Model->doInsert(Array)
#6 D:\Backup\Arquivos\Faculdade\7Modulo\PIDC2\desenvolvimento\comum\Sprint-int01\system\Model.php(666): CodeIgniter\BaseModel->insert(Array, false)
#7 D:\Backup\Arquivos\Faculdade\7Modulo\PIDC2\desenvolvimento\comum\Sprint-int01\system\BaseModel.php(658): CodeIgniter\Model->insert(Object(App\Entities\Agendamentos), false)
#8 D:\Backup\Arquivos\Faculdade\7Modulo\PIDC2\desenvolvimento\comum\Sprint-int01\app\Controllers\AgendamentosController.php(51): CodeIgniter\BaseModel->save(Object(App\Entities\Agendamentos))
#9 D:\Backup\Arquivos\Faculdade\7Modulo\PIDC2\desenvolvimento\comum\Sprint-int01\system\CodeIgniter.php(898): App\Controllers\AgendamentosController->salvar()
#10 D:\Backup\Arquivos\Faculdade\7Modulo\PIDC2\desenvolvimento\comum\Sprint-int01\system\CodeIgniter.php(457): CodeIgniter\CodeIgniter->runController(Object(App\Controllers\AgendamentosController))
#11 D:\Backup\Arquivos\Faculdade\7Modulo\PIDC2\desenvolvimento\comum\Sprint-int01\system\CodeIgniter.php(340): CodeIgniter\CodeIgniter->handleRequest(NULL, Object(Config\Cache), false)
#12 D:\Backup\Arquivos\Faculdade\7Modulo\PIDC2\desenvolvimento\comum\Sprint-int01\public\index.php(67): CodeIgniter\CodeIgniter->run()
#13 D:\Backup\Arquivos\Faculdade\7Modulo\PIDC2\desenvolvimento\comum\Sprint-int01\system\Commands\Server\rewrite.php(43): require_once('D:\\Backup\\Arqui...')
#14 {main}
CRITICAL - 2022-08-25 18:04:44 --> Column 'AGD_TRIAGEM_REALIZADA' cannot be null
in SYSTEMPATH\Database\MySQLi\Connection.php on line 292.
 1 SYSTEMPATH\Database\MySQLi\Connection.php(292): mysqli->query('INSERT INTO `agendamentos` (`AGD_STATUS`, `AGD_ENCAMINHAMENTOS`, `AGD_DATA`, `AGD_HORARIO`, `AGD_MEET_LINK`, `FK_PACIENTES_PAC_ID`, `FK_PACIENTES_FK_USUARIO_COMUM_USC_ID`, `FK_MEDICOS_MED_ID`, `FK_MEDICOS_FK_FUNCIONARIOS_FUN_ID`, `FK_MEDICOS_FK_FUNCIONARIOS_FK_USUARIO_COMUM_USC_ID`, `FK_ESPECIALIDADES_MEDICAS_ESM_ID`, `AGD_TRIAGEM_REALIZADA`, `AGD_RETORNO`) VALUES (\'1\', \'1\', \'2022-08-30\', \'1661468675\', \'\', \'1\', \'1\', \'1\', \'1\', \'2\', \'1\', NULL, \'0\')', 0)
 2 SYSTEMPATH\Database\BaseConnection.php(693): CodeIgniter\Database\MySQLi\Connection->execute('INSERT INTO `agendamentos` (`AGD_STATUS`, `AGD_ENCAMINHAMENTOS`, `AGD_DATA`, `AGD_HORARIO`, `AGD_MEET_LINK`, `FK_PACIENTES_PAC_ID`, `FK_PACIENTES_FK_USUARIO_COMUM_USC_ID`, `FK_MEDICOS_MED_ID`, `FK_MEDICOS_FK_FUNCIONARIOS_FUN_ID`, `FK_MEDICOS_FK_FUNCIONARIOS_FK_USUARIO_COMUM_USC_ID`, `FK_ESPECIALIDADES_MEDICAS_ESM_ID`, `AGD_TRIAGEM_REALIZADA`, `AGD_RETORNO`) VALUES (\'1\', \'1\', \'2022-08-30\', \'1661468675\', \'\', \'1\', \'1\', \'1\', \'1\', \'2\', \'1\', NULL, \'0\')')
 3 SYSTEMPATH\Database\BaseConnection.php(620): CodeIgniter\Database\BaseConnection->simpleQuery('INSERT INTO `agendamentos` (`AGD_STATUS`, `AGD_ENCAMINHAMENTOS`, `AGD_DATA`, `AGD_HORARIO`, `AGD_MEET_LINK`, `FK_PACIENTES_PAC_ID`, `FK_PACIENTES_FK_USUARIO_COMUM_USC_ID`, `FK_MEDICOS_MED_ID`, `FK_MEDICOS_FK_FUNCIONARIOS_FUN_ID`, `FK_MEDICOS_FK_FUNCIONARIOS_FK_USUARIO_COMUM_USC_ID`, `FK_ESPECIALIDADES_MEDICAS_ESM_ID`, `AGD_TRIAGEM_REALIZADA`, `AGD_RETORNO`) VALUES (\'1\', \'1\', \'2022-08-30\', \'1661468675\', \'\', \'1\', \'1\', \'1\', \'1\', \'2\', \'1\', NULL, \'0\')')
 4 SYSTEMPATH\Database\BaseBuilder.php(1916): CodeIgniter\Database\BaseConnection->query('INSERT INTO `agendamentos` (`AGD_STATUS`, `AGD_ENCAMINHAMENTOS`, `AGD_DATA`, `AGD_HORARIO`, `AGD_MEET_LINK`, `FK_PACIENTES_PAC_ID`, `FK_PACIENTES_FK_USUARIO_COMUM_USC_ID`, `FK_MEDICOS_MED_ID`, `FK_MEDICOS_FK_FUNCIONARIOS_FUN_ID`, `FK_MEDICOS_FK_FUNCIONARIOS_FK_USUARIO_COMUM_USC_ID`, `FK_ESPECIALIDADES_MEDICAS_ESM_ID`, `AGD_TRIAGEM_REALIZADA`, `AGD_RETORNO`) VALUES (:AGD_STATUS:, :AGD_ENCAMINHAMENTOS:, :AGD_DATA:, :AGD_HORARIO:, :AGD_MEET_LINK:, :FK_PACIENTES_PAC_ID:, :FK_PACIENTES_FK_USUARIO_COMUM_USC_ID:, :FK_MEDICOS_MED_ID:, :FK_MEDICOS_FK_FUNCIONARIOS_FUN_ID:, :FK_MEDICOS_FK_FUNCIONARIOS_FK_USUARIO_COMUM_USC_ID:, :FK_ESPECIALIDADES_MEDICAS_ESM_ID:, :AGD_TRIAGEM_REALIZADA:, :AGD_RETORNO:)', [...], false)
 5 SYSTEMPATH\Model.php(278): CodeIgniter\Database\BaseBuilder->insert()
 6 SYSTEMPATH\BaseModel.php(738): CodeIgniter\Model->doInsert([...])
 7 SYSTEMPATH\Model.php(666): CodeIgniter\BaseModel->insert([...], false)
 8 SYSTEMPATH\BaseModel.php(658): CodeIgniter\Model->insert(Object(App\Entities\Agendamentos), false)
 9 APPPATH\Controllers\AgendamentosController.php(51): CodeIgniter\BaseModel->save(Object(App\Entities\Agendamentos))
10 SYSTEMPATH\CodeIgniter.php(898): App\Controllers\AgendamentosController->salvar()
11 SYSTEMPATH\CodeIgniter.php(457): CodeIgniter\CodeIgniter->runController(Object(App\Controllers\AgendamentosController))
12 SYSTEMPATH\CodeIgniter.php(340): CodeIgniter\CodeIgniter->handleRequest(null, Object(Config\Cache), false)
13 FCPATH\index.php(67): CodeIgniter\CodeIgniter->run()
14 SYSTEMPATH\Commands\Server\rewrite.php(43): require_once('FCPATH\\index.php')
CRITICAL - 2022-08-25 18:18:27 --> Cannot use object of type App\Entities\Agendamentos as array
in APPPATH\Views\agendamentos\detail.php on line 299.
 1 SYSTEMPATH\View\View.php(213): include()
 2 SYSTEMPATH\View\View.php(216): CodeIgniter\View\View->CodeIgniter\View\{closure}()
 3 SYSTEMPATH\Common.php(1137): CodeIgniter\View\View->render('/agendamentos/detail.php', [], true)
 4 APPPATH\Controllers\AgendamentosController.php(35): view('/agendamentos/detail.php', [...])
 5 SYSTEMPATH\CodeIgniter.php(898): App\Controllers\AgendamentosController->detalhar('1')
 6 SYSTEMPATH\CodeIgniter.php(457): CodeIgniter\CodeIgniter->runController(Object(App\Controllers\AgendamentosController))
 7 SYSTEMPATH\CodeIgniter.php(340): CodeIgniter\CodeIgniter->handleRequest(null, Object(Config\Cache), false)
 8 FCPATH\index.php(67): CodeIgniter\CodeIgniter->run()
 9 SYSTEMPATH\Commands\Server\rewrite.php(43): require_once('FCPATH\\index.php')
CRITICAL - 2022-08-25 19:59:03 --> Cannot use object of type App\Entities\Agendamentos as array
in APPPATH\Views\agendamentos\confirm.php on line 316.
 1 SYSTEMPATH\View\View.php(213): include()
 2 SYSTEMPATH\View\View.php(216): CodeIgniter\View\View->CodeIgniter\View\{closure}()
 3 SYSTEMPATH\Common.php(1137): CodeIgniter\View\View->render('/agendamentos/confirm.php', [], true)
 4 APPPATH\Controllers\AgendamentosController.php(39): view('/agendamentos/confirm.php', [...])
 5 SYSTEMPATH\CodeIgniter.php(898): App\Controllers\AgendamentosController->confirmar('1')
 6 SYSTEMPATH\CodeIgniter.php(457): CodeIgniter\CodeIgniter->runController(Object(App\Controllers\AgendamentosController))
 7 SYSTEMPATH\CodeIgniter.php(340): CodeIgniter\CodeIgniter->handleRequest(null, Object(Config\Cache), false)
 8 FCPATH\index.php(67): CodeIgniter\CodeIgniter->run()
 9 SYSTEMPATH\Commands\Server\rewrite.php(43): require_once('FCPATH\\index.php')
