CRITICAL - 2022-08-09 17:46:55 --> Object of class CodeIgniter\Database\MySQLi\Result could not be converted to string
in APPPATH\Views\view.php on line 6.
 1 SYSTEMPATH\View\View.php(213): include()
 2 SYSTEMPATH\View\View.php(216): CodeIgniter\View\View->CodeIgniter\View\{closure}()
 3 SYSTEMPATH\Common.php(1137): CodeIgniter\View\View->render('view', [], true)
 4 APPPATH\Controllers\View.php(9): view('view')
 5 SYSTEMPATH\CodeIgniter.php(898): App\Controllers\View->index()
 6 SYSTEMPATH\CodeIgniter.php(457): CodeIgniter\CodeIgniter->runController(Object(App\Controllers\View))
 7 SYSTEMPATH\CodeIgniter.php(340): CodeIgniter\CodeIgniter->handleRequest(null, Object(Config\Cache), false)
 8 FCPATH\index.php(67): CodeIgniter\CodeIgniter->run()
 9 SYSTEMPATH\Commands\Server\rewrite.php(43): require_once('FCPATH\\index.php')
CRITICAL - 2022-08-09 17:47:17 --> Object of class CodeIgniter\Database\MySQLi\Result could not be converted to string
in APPPATH\Views\view.php on line 6.
 1 SYSTEMPATH\View\View.php(213): include()
 2 SYSTEMPATH\View\View.php(216): CodeIgniter\View\View->CodeIgniter\View\{closure}()
 3 SYSTEMPATH\Common.php(1137): CodeIgniter\View\View->render('view', [], true)
 4 APPPATH\Controllers\View.php(9): view('view')
 5 SYSTEMPATH\CodeIgniter.php(898): App\Controllers\View->index()
 6 SYSTEMPATH\CodeIgniter.php(457): CodeIgniter\CodeIgniter->runController(Object(App\Controllers\View))
 7 SYSTEMPATH\CodeIgniter.php(340): CodeIgniter\CodeIgniter->handleRequest(null, Object(Config\Cache), false)
 8 FCPATH\index.php(67): CodeIgniter\CodeIgniter->run()
 9 SYSTEMPATH\Commands\Server\rewrite.php(43): require_once('FCPATH\\index.php')
CRITICAL - 2022-08-09 17:47:18 --> Object of class CodeIgniter\Database\MySQLi\Result could not be converted to string
in APPPATH\Views\view.php on line 6.
 1 SYSTEMPATH\View\View.php(213): include()
 2 SYSTEMPATH\View\View.php(216): CodeIgniter\View\View->CodeIgniter\View\{closure}()
 3 SYSTEMPATH\Common.php(1137): CodeIgniter\View\View->render('view', [], true)
 4 APPPATH\Controllers\View.php(9): view('view')
 5 SYSTEMPATH\CodeIgniter.php(898): App\Controllers\View->index()
 6 SYSTEMPATH\CodeIgniter.php(457): CodeIgniter\CodeIgniter->runController(Object(App\Controllers\View))
 7 SYSTEMPATH\CodeIgniter.php(340): CodeIgniter\CodeIgniter->handleRequest(null, Object(Config\Cache), false)
 8 FCPATH\index.php(67): CodeIgniter\CodeIgniter->run()
 9 SYSTEMPATH\Commands\Server\rewrite.php(43): require_once('FCPATH\\index.php')
CRITICAL - 2022-08-09 17:51:23 --> Call to undefined method CodeIgniter\Database\MySQLi\Result::fetch_assoc()
in APPPATH\Views\view.php on line 7.
 1 SYSTEMPATH\View\View.php(213): include()
 2 SYSTEMPATH\View\View.php(216): CodeIgniter\View\View->CodeIgniter\View\{closure}()
 3 SYSTEMPATH\Common.php(1137): CodeIgniter\View\View->render('view', [], true)
 4 APPPATH\Controllers\View.php(9): view('view')
 5 SYSTEMPATH\CodeIgniter.php(898): App\Controllers\View->index()
 6 SYSTEMPATH\CodeIgniter.php(457): CodeIgniter\CodeIgniter->runController(Object(App\Controllers\View))
 7 SYSTEMPATH\CodeIgniter.php(340): CodeIgniter\CodeIgniter->handleRequest(null, Object(Config\Cache), false)
 8 FCPATH\index.php(67): CodeIgniter\CodeIgniter->run()
 9 SYSTEMPATH\Commands\Server\rewrite.php(43): require_once('FCPATH\\index.php')
CRITICAL - 2022-08-09 17:52:07 --> Undefined variable $mysqli
in APPPATH\Views\view.php on line 5.
 1 APPPATH\Views\view.php(5): CodeIgniter\Debug\Exceptions->errorHandler(2, 'Undefined variable $mysqli', 'APPPATH\\Views\\view.php', 5)
 2 SYSTEMPATH\View\View.php(213): include('APPPATH\\Views\\view.php')
 3 SYSTEMPATH\View\View.php(216): CodeIgniter\View\View->CodeIgniter\View\{closure}()
 4 SYSTEMPATH\Common.php(1137): CodeIgniter\View\View->render('view', [], true)
 5 APPPATH\Controllers\View.php(9): view('view')
 6 SYSTEMPATH\CodeIgniter.php(898): App\Controllers\View->index()
 7 SYSTEMPATH\CodeIgniter.php(457): CodeIgniter\CodeIgniter->runController(Object(App\Controllers\View))
 8 SYSTEMPATH\CodeIgniter.php(340): CodeIgniter\CodeIgniter->handleRequest(null, Object(Config\Cache), false)
 9 FCPATH\index.php(67): CodeIgniter\CodeIgniter->run()
10 SYSTEMPATH\Commands\Server\rewrite.php(43): require_once('FCPATH\\index.php')
CRITICAL - 2022-08-09 17:52:30 --> Undefined variable $mysqli
in APPPATH\Views\view.php on line 5.
 1 APPPATH\Views\view.php(5): CodeIgniter\Debug\Exceptions->errorHandler(2, 'Undefined variable $mysqli', 'APPPATH\\Views\\view.php', 5)
 2 SYSTEMPATH\View\View.php(213): include('APPPATH\\Views\\view.php')
 3 SYSTEMPATH\View\View.php(216): CodeIgniter\View\View->CodeIgniter\View\{closure}()
 4 SYSTEMPATH\Common.php(1137): CodeIgniter\View\View->render('view', [], true)
 5 APPPATH\Controllers\View.php(9): view('view')
 6 SYSTEMPATH\CodeIgniter.php(898): App\Controllers\View->index()
 7 SYSTEMPATH\CodeIgniter.php(457): CodeIgniter\CodeIgniter->runController(Object(App\Controllers\View))
 8 SYSTEMPATH\CodeIgniter.php(340): CodeIgniter\CodeIgniter->handleRequest(null, Object(Config\Cache), false)
 9 FCPATH\index.php(67): CodeIgniter\CodeIgniter->run()
10 SYSTEMPATH\Commands\Server\rewrite.php(43): require_once('FCPATH\\index.php')
CRITICAL - 2022-08-09 17:52:31 --> Undefined variable $mysqli
in APPPATH\Views\view.php on line 5.
 1 APPPATH\Views\view.php(5): CodeIgniter\Debug\Exceptions->errorHandler(2, 'Undefined variable $mysqli', 'APPPATH\\Views\\view.php', 5)
 2 SYSTEMPATH\View\View.php(213): include('APPPATH\\Views\\view.php')
 3 SYSTEMPATH\View\View.php(216): CodeIgniter\View\View->CodeIgniter\View\{closure}()
 4 SYSTEMPATH\Common.php(1137): CodeIgniter\View\View->render('view', [], true)
 5 APPPATH\Controllers\View.php(9): view('view')
 6 SYSTEMPATH\CodeIgniter.php(898): App\Controllers\View->index()
 7 SYSTEMPATH\CodeIgniter.php(457): CodeIgniter\CodeIgniter->runController(Object(App\Controllers\View))
 8 SYSTEMPATH\CodeIgniter.php(340): CodeIgniter\CodeIgniter->handleRequest(null, Object(Config\Cache), false)
 9 FCPATH\index.php(67): CodeIgniter\CodeIgniter->run()
10 SYSTEMPATH\Commands\Server\rewrite.php(43): require_once('FCPATH\\index.php')
CRITICAL - 2022-08-09 17:52:51 --> Call to undefined method CodeIgniter\Database\MySQLi\Result::fetch_assoc()
in APPPATH\Views\view.php on line 7.
 1 SYSTEMPATH\View\View.php(213): include()
 2 SYSTEMPATH\View\View.php(216): CodeIgniter\View\View->CodeIgniter\View\{closure}()
 3 SYSTEMPATH\Common.php(1137): CodeIgniter\View\View->render('view', [], true)
 4 APPPATH\Controllers\View.php(9): view('view')
 5 SYSTEMPATH\CodeIgniter.php(898): App\Controllers\View->index()
 6 SYSTEMPATH\CodeIgniter.php(457): CodeIgniter\CodeIgniter->runController(Object(App\Controllers\View))
 7 SYSTEMPATH\CodeIgniter.php(340): CodeIgniter\CodeIgniter->handleRequest(null, Object(Config\Cache), false)
 8 FCPATH\index.php(67): CodeIgniter\CodeIgniter->run()
 9 SYSTEMPATH\Commands\Server\rewrite.php(43): require_once('FCPATH\\index.php')
CRITICAL - 2022-08-09 17:52:52 --> Call to undefined method CodeIgniter\Database\MySQLi\Result::fetch_assoc()
in APPPATH\Views\view.php on line 7.
 1 SYSTEMPATH\View\View.php(213): include()
 2 SYSTEMPATH\View\View.php(216): CodeIgniter\View\View->CodeIgniter\View\{closure}()
 3 SYSTEMPATH\Common.php(1137): CodeIgniter\View\View->render('view', [], true)
 4 APPPATH\Controllers\View.php(9): view('view')
 5 SYSTEMPATH\CodeIgniter.php(898): App\Controllers\View->index()
 6 SYSTEMPATH\CodeIgniter.php(457): CodeIgniter\CodeIgniter->runController(Object(App\Controllers\View))
 7 SYSTEMPATH\CodeIgniter.php(340): CodeIgniter\CodeIgniter->handleRequest(null, Object(Config\Cache), false)
 8 FCPATH\index.php(67): CodeIgniter\CodeIgniter->run()
 9 SYSTEMPATH\Commands\Server\rewrite.php(43): require_once('FCPATH\\index.php')
CRITICAL - 2022-08-09 17:54:52 --> Call to undefined method CodeIgniter\Database\MySQLi\Result::fetch_assoc()
in APPPATH\Views\view.php on line 7.
 1 SYSTEMPATH\View\View.php(213): include()
 2 SYSTEMPATH\View\View.php(216): CodeIgniter\View\View->CodeIgniter\View\{closure}()
 3 SYSTEMPATH\Common.php(1137): CodeIgniter\View\View->render('view', [], true)
 4 APPPATH\Controllers\View.php(9): view('view')
 5 SYSTEMPATH\CodeIgniter.php(898): App\Controllers\View->index()
 6 SYSTEMPATH\CodeIgniter.php(457): CodeIgniter\CodeIgniter->runController(Object(App\Controllers\View))
 7 SYSTEMPATH\CodeIgniter.php(340): CodeIgniter\CodeIgniter->handleRequest(null, Object(Config\Cache), false)
 8 FCPATH\index.php(67): CodeIgniter\CodeIgniter->run()
 9 SYSTEMPATH\Commands\Server\rewrite.php(43): require_once('FCPATH\\index.php')
CRITICAL - 2022-08-09 17:55:00 --> Call to undefined method CodeIgniter\Database\MySQLi\Result::fetch_assoc()
in APPPATH\Views\view.php on line 7.
 1 SYSTEMPATH\View\View.php(213): include()
 2 SYSTEMPATH\View\View.php(216): CodeIgniter\View\View->CodeIgniter\View\{closure}()
 3 SYSTEMPATH\Common.php(1137): CodeIgniter\View\View->render('view', [], true)
 4 APPPATH\Controllers\View.php(9): view('view')
 5 SYSTEMPATH\CodeIgniter.php(898): App\Controllers\View->index()
 6 SYSTEMPATH\CodeIgniter.php(457): CodeIgniter\CodeIgniter->runController(Object(App\Controllers\View))
 7 SYSTEMPATH\CodeIgniter.php(340): CodeIgniter\CodeIgniter->handleRequest(null, Object(Config\Cache), false)
 8 FCPATH\index.php(67): CodeIgniter\CodeIgniter->run()
 9 SYSTEMPATH\Commands\Server\rewrite.php(43): require_once('FCPATH\\index.php')
CRITICAL - 2022-08-09 17:55:02 --> Call to undefined method CodeIgniter\Database\MySQLi\Result::fetch_assoc()
in APPPATH\Views\view.php on line 7.
 1 SYSTEMPATH\View\View.php(213): include()
 2 SYSTEMPATH\View\View.php(216): CodeIgniter\View\View->CodeIgniter\View\{closure}()
 3 SYSTEMPATH\Common.php(1137): CodeIgniter\View\View->render('view', [], true)
 4 APPPATH\Controllers\View.php(9): view('view')
 5 SYSTEMPATH\CodeIgniter.php(898): App\Controllers\View->index()
 6 SYSTEMPATH\CodeIgniter.php(457): CodeIgniter\CodeIgniter->runController(Object(App\Controllers\View))
 7 SYSTEMPATH\CodeIgniter.php(340): CodeIgniter\CodeIgniter->handleRequest(null, Object(Config\Cache), false)
 8 FCPATH\index.php(67): CodeIgniter\CodeIgniter->run()
 9 SYSTEMPATH\Commands\Server\rewrite.php(43): require_once('FCPATH\\index.php')
CRITICAL - 2022-08-09 17:56:52 --> Call to undefined method CodeIgniter\Database\MySQLi\Result::fetch_assoc()
in APPPATH\Views\view.php on line 7.
 1 SYSTEMPATH\View\View.php(213): include()
 2 SYSTEMPATH\View\View.php(216): CodeIgniter\View\View->CodeIgniter\View\{closure}()
 3 SYSTEMPATH\Common.php(1137): CodeIgniter\View\View->render('view', [], true)
 4 APPPATH\Controllers\View.php(9): view('view')
 5 SYSTEMPATH\CodeIgniter.php(898): App\Controllers\View->index()
 6 SYSTEMPATH\CodeIgniter.php(457): CodeIgniter\CodeIgniter->runController(Object(App\Controllers\View))
 7 SYSTEMPATH\CodeIgniter.php(340): CodeIgniter\CodeIgniter->handleRequest(null, Object(Config\Cache), false)
 8 FCPATH\index.php(67): CodeIgniter\CodeIgniter->run()
 9 SYSTEMPATH\Commands\Server\rewrite.php(43): require_once('FCPATH\\index.php')
CRITICAL - 2022-08-09 17:57:01 --> Call to undefined method CodeIgniter\Database\MySQLi\Result::fetch_assoc()
in APPPATH\Views\view.php on line 7.
 1 SYSTEMPATH\View\View.php(213): include()
 2 SYSTEMPATH\View\View.php(216): CodeIgniter\View\View->CodeIgniter\View\{closure}()
 3 SYSTEMPATH\Common.php(1137): CodeIgniter\View\View->render('view', [], true)
 4 APPPATH\Controllers\View.php(9): view('view')
 5 SYSTEMPATH\CodeIgniter.php(898): App\Controllers\View->index()
 6 SYSTEMPATH\CodeIgniter.php(457): CodeIgniter\CodeIgniter->runController(Object(App\Controllers\View))
 7 SYSTEMPATH\CodeIgniter.php(340): CodeIgniter\CodeIgniter->handleRequest(null, Object(Config\Cache), false)
 8 FCPATH\index.php(67): CodeIgniter\CodeIgniter->run()
 9 SYSTEMPATH\Commands\Server\rewrite.php(43): require_once('FCPATH\\index.php')
CRITICAL - 2022-08-09 17:57:02 --> Call to undefined method CodeIgniter\Database\MySQLi\Result::fetch_assoc()
in APPPATH\Views\view.php on line 7.
 1 SYSTEMPATH\View\View.php(213): include()
 2 SYSTEMPATH\View\View.php(216): CodeIgniter\View\View->CodeIgniter\View\{closure}()
 3 SYSTEMPATH\Common.php(1137): CodeIgniter\View\View->render('view', [], true)
 4 APPPATH\Controllers\View.php(9): view('view')
 5 SYSTEMPATH\CodeIgniter.php(898): App\Controllers\View->index()
 6 SYSTEMPATH\CodeIgniter.php(457): CodeIgniter\CodeIgniter->runController(Object(App\Controllers\View))
 7 SYSTEMPATH\CodeIgniter.php(340): CodeIgniter\CodeIgniter->handleRequest(null, Object(Config\Cache), false)
 8 FCPATH\index.php(67): CodeIgniter\CodeIgniter->run()
 9 SYSTEMPATH\Commands\Server\rewrite.php(43): require_once('FCPATH\\index.php')
CRITICAL - 2022-08-09 17:57:03 --> Call to undefined method CodeIgniter\Database\MySQLi\Result::fetch_assoc()
in APPPATH\Views\view.php on line 7.
 1 SYSTEMPATH\View\View.php(213): include()
 2 SYSTEMPATH\View\View.php(216): CodeIgniter\View\View->CodeIgniter\View\{closure}()
 3 SYSTEMPATH\Common.php(1137): CodeIgniter\View\View->render('view', [], true)
 4 APPPATH\Controllers\View.php(9): view('view')
 5 SYSTEMPATH\CodeIgniter.php(898): App\Controllers\View->index()
 6 SYSTEMPATH\CodeIgniter.php(457): CodeIgniter\CodeIgniter->runController(Object(App\Controllers\View))
 7 SYSTEMPATH\CodeIgniter.php(340): CodeIgniter\CodeIgniter->handleRequest(null, Object(Config\Cache), false)
 8 FCPATH\index.php(67): CodeIgniter\CodeIgniter->run()
 9 SYSTEMPATH\Commands\Server\rewrite.php(43): require_once('FCPATH\\index.php')
CRITICAL - 2022-08-09 17:57:56 --> Call to undefined method CodeIgniter\Database\MySQLi\Result::fetch_assoc()
in APPPATH\Views\view.php on line 7.
 1 SYSTEMPATH\View\View.php(213): include()
 2 SYSTEMPATH\View\View.php(216): CodeIgniter\View\View->CodeIgniter\View\{closure}()
 3 SYSTEMPATH\Common.php(1137): CodeIgniter\View\View->render('view', [], true)
 4 APPPATH\Controllers\View.php(9): view('view')
 5 SYSTEMPATH\CodeIgniter.php(898): App\Controllers\View->index()
 6 SYSTEMPATH\CodeIgniter.php(457): CodeIgniter\CodeIgniter->runController(Object(App\Controllers\View))
 7 SYSTEMPATH\CodeIgniter.php(340): CodeIgniter\CodeIgniter->handleRequest(null, Object(Config\Cache), false)
 8 FCPATH\index.php(67): CodeIgniter\CodeIgniter->run()
 9 SYSTEMPATH\Commands\Server\rewrite.php(43): require_once('FCPATH\\index.php')
CRITICAL - 2022-08-09 17:57:57 --> Call to undefined method CodeIgniter\Database\MySQLi\Result::fetch_assoc()
in APPPATH\Views\view.php on line 7.
 1 SYSTEMPATH\View\View.php(213): include()
 2 SYSTEMPATH\View\View.php(216): CodeIgniter\View\View->CodeIgniter\View\{closure}()
 3 SYSTEMPATH\Common.php(1137): CodeIgniter\View\View->render('view', [], true)
 4 APPPATH\Controllers\View.php(9): view('view')
 5 SYSTEMPATH\CodeIgniter.php(898): App\Controllers\View->index()
 6 SYSTEMPATH\CodeIgniter.php(457): CodeIgniter\CodeIgniter->runController(Object(App\Controllers\View))
 7 SYSTEMPATH\CodeIgniter.php(340): CodeIgniter\CodeIgniter->handleRequest(null, Object(Config\Cache), false)
 8 FCPATH\index.php(67): CodeIgniter\CodeIgniter->run()
 9 SYSTEMPATH\Commands\Server\rewrite.php(43): require_once('FCPATH\\index.php')
CRITICAL - 2022-08-09 17:58:14 --> Call to undefined method CodeIgniter\Database\MySQLi\Result::fetch_assoc()
in APPPATH\Views\view.php on line 7.
 1 SYSTEMPATH\View\View.php(213): include()
 2 SYSTEMPATH\View\View.php(216): CodeIgniter\View\View->CodeIgniter\View\{closure}()
 3 SYSTEMPATH\Common.php(1137): CodeIgniter\View\View->render('view', [], true)
 4 APPPATH\Controllers\View.php(9): view('view')
 5 SYSTEMPATH\CodeIgniter.php(898): App\Controllers\View->index()
 6 SYSTEMPATH\CodeIgniter.php(457): CodeIgniter\CodeIgniter->runController(Object(App\Controllers\View))
 7 SYSTEMPATH\CodeIgniter.php(340): CodeIgniter\CodeIgniter->handleRequest(null, Object(Config\Cache), false)
 8 FCPATH\index.php(67): CodeIgniter\CodeIgniter->run()
 9 SYSTEMPATH\Commands\Server\rewrite.php(43): require_once('FCPATH\\index.php')
CRITICAL - 2022-08-09 17:58:32 --> Call to undefined method CodeIgniter\Database\MySQLi\Result::fetch_assoc()
in APPPATH\Views\view.php on line 7.
 1 SYSTEMPATH\View\View.php(213): include()
 2 SYSTEMPATH\View\View.php(216): CodeIgniter\View\View->CodeIgniter\View\{closure}()
 3 SYSTEMPATH\Common.php(1137): CodeIgniter\View\View->render('view', [], true)
 4 APPPATH\Controllers\View.php(9): view('view')
 5 SYSTEMPATH\CodeIgniter.php(898): App\Controllers\View->index()
 6 SYSTEMPATH\CodeIgniter.php(457): CodeIgniter\CodeIgniter->runController(Object(App\Controllers\View))
 7 SYSTEMPATH\CodeIgniter.php(340): CodeIgniter\CodeIgniter->handleRequest(null, Object(Config\Cache), false)
 8 FCPATH\index.php(67): CodeIgniter\CodeIgniter->run()
 9 SYSTEMPATH\Commands\Server\rewrite.php(43): require_once('FCPATH\\index.php')
CRITICAL - 2022-08-09 17:58:33 --> Call to undefined method CodeIgniter\Database\MySQLi\Result::fetch_assoc()
in APPPATH\Views\view.php on line 7.
 1 SYSTEMPATH\View\View.php(213): include()
 2 SYSTEMPATH\View\View.php(216): CodeIgniter\View\View->CodeIgniter\View\{closure}()
 3 SYSTEMPATH\Common.php(1137): CodeIgniter\View\View->render('view', [], true)
 4 APPPATH\Controllers\View.php(9): view('view')
 5 SYSTEMPATH\CodeIgniter.php(898): App\Controllers\View->index()
 6 SYSTEMPATH\CodeIgniter.php(457): CodeIgniter\CodeIgniter->runController(Object(App\Controllers\View))
 7 SYSTEMPATH\CodeIgniter.php(340): CodeIgniter\CodeIgniter->handleRequest(null, Object(Config\Cache), false)
 8 FCPATH\index.php(67): CodeIgniter\CodeIgniter->run()
 9 SYSTEMPATH\Commands\Server\rewrite.php(43): require_once('FCPATH\\index.php')
CRITICAL - 2022-08-09 17:58:35 --> Call to undefined method CodeIgniter\Database\MySQLi\Result::fetch_assoc()
in APPPATH\Views\view.php on line 7.
 1 SYSTEMPATH\View\View.php(213): include()
 2 SYSTEMPATH\View\View.php(216): CodeIgniter\View\View->CodeIgniter\View\{closure}()
 3 SYSTEMPATH\Common.php(1137): CodeIgniter\View\View->render('view', [], true)
 4 APPPATH\Controllers\View.php(9): view('view')
 5 SYSTEMPATH\CodeIgniter.php(898): App\Controllers\View->index()
 6 SYSTEMPATH\CodeIgniter.php(457): CodeIgniter\CodeIgniter->runController(Object(App\Controllers\View))
 7 SYSTEMPATH\CodeIgniter.php(340): CodeIgniter\CodeIgniter->handleRequest(null, Object(Config\Cache), false)
 8 FCPATH\index.php(67): CodeIgniter\CodeIgniter->run()
 9 SYSTEMPATH\Commands\Server\rewrite.php(43): require_once('FCPATH\\index.php')
CRITICAL - 2022-08-09 18:31:49 --> Undefined variable $dados
in APPPATH\Views\finalidades\list.php on line 104.
 1 APPPATH\Views\finalidades\list.php(104): CodeIgniter\Debug\Exceptions->errorHandler(2, 'Undefined variable $dados', 'APPPATH\\Views\\finalidades\\list.php', 104)
 2 SYSTEMPATH\View\View.php(213): include('APPPATH\\Views\\finalidades\\list.php')
 3 SYSTEMPATH\View\View.php(216): CodeIgniter\View\View->CodeIgniter\View\{closure}()
 4 SYSTEMPATH\Common.php(1137): CodeIgniter\View\View->render('/finalidades/list.php', [], true)
 5 APPPATH\Controllers\Finalidades.php(15): view('/finalidades/list.php')
 6 SYSTEMPATH\CodeIgniter.php(898): App\Controllers\Finalidades->listar()
 7 SYSTEMPATH\CodeIgniter.php(457): CodeIgniter\CodeIgniter->runController(Object(App\Controllers\Finalidades))
 8 SYSTEMPATH\CodeIgniter.php(340): CodeIgniter\CodeIgniter->handleRequest(null, Object(Config\Cache), false)
 9 FCPATH\index.php(67): CodeIgniter\CodeIgniter->run()
10 SYSTEMPATH\Commands\Server\rewrite.php(43): require_once('FCPATH\\index.php')
CRITICAL - 2022-08-09 18:32:06 --> Undefined variable $dados
in APPPATH\Views\finalidades\list.php on line 104.
 1 APPPATH\Views\finalidades\list.php(104): CodeIgniter\Debug\Exceptions->errorHandler(2, 'Undefined variable $dados', 'APPPATH\\Views\\finalidades\\list.php', 104)
 2 SYSTEMPATH\View\View.php(213): include('APPPATH\\Views\\finalidades\\list.php')
 3 SYSTEMPATH\View\View.php(216): CodeIgniter\View\View->CodeIgniter\View\{closure}()
 4 SYSTEMPATH\Common.php(1137): CodeIgniter\View\View->render('/finalidades/list.php', [], true)
 5 APPPATH\Controllers\Finalidades.php(15): view('/finalidades/list.php')
 6 SYSTEMPATH\CodeIgniter.php(898): App\Controllers\Finalidades->listar()
 7 SYSTEMPATH\CodeIgniter.php(457): CodeIgniter\CodeIgniter->runController(Object(App\Controllers\Finalidades))
 8 SYSTEMPATH\CodeIgniter.php(340): CodeIgniter\CodeIgniter->handleRequest(null, Object(Config\Cache), false)
 9 FCPATH\index.php(67): CodeIgniter\CodeIgniter->run()
10 SYSTEMPATH\Commands\Server\rewrite.php(43): require_once('FCPATH\\index.php')
