ERROR - 2022-09-20 12:51:14 --> Error connecting to the database: mysqli_sql_exception: Nenhuma conexão pôde ser feita porque a máquina de destino as recusou ativamente in D:\Backup\Arquivos\Faculdade\7Modulo\PIDC2\desenvolvimento\comum\Sprint-int01\system\Database\MySQLi\Connection.php:171
Stack trace:
#0 D:\Backup\Arquivos\Faculdade\7Modulo\PIDC2\desenvolvimento\comum\Sprint-int01\system\Database\MySQLi\Connection.php(171): mysqli->real_connect('localhost', 'root', '', 'omnimed', 3306, '', 0)
#1 D:\Backup\Arquivos\Faculdade\7Modulo\PIDC2\desenvolvimento\comum\Sprint-int01\system\Database\BaseConnection.php(382): CodeIgniter\Database\MySQLi\Connection->connect(false)
#2 D:\Backup\Arquivos\Faculdade\7Modulo\PIDC2\desenvolvimento\comum\Sprint-int01\system\Database\BaseConnection.php(588): CodeIgniter\Database\BaseConnection->initialize()
#3 D:\Backup\Arquivos\Faculdade\7Modulo\PIDC2\desenvolvimento\comum\Sprint-int01\app\Models\PacientesModel.php(106): CodeIgniter\Database\BaseConnection->query('SELECT * FROM p...')
#4 D:\Backup\Arquivos\Faculdade\7Modulo\PIDC2\desenvolvimento\comum\Sprint-int01\app\Models\PacientesModel.php(74): App\Models\PacientesModel->verificarEmail('maria_silva@hot...')
#5 D:\Backup\Arquivos\Faculdade\7Modulo\PIDC2\desenvolvimento\comum\Sprint-int01\app\Controllers\LoginController.php(62): App\Models\PacientesModel->logarPaciente('maria_silva@hot...', 'Omnimed@2022')
#6 D:\Backup\Arquivos\Faculdade\7Modulo\PIDC2\desenvolvimento\comum\Sprint-int01\system\CodeIgniter.php(898): App\Controllers\LoginController->logar()
#7 D:\Backup\Arquivos\Faculdade\7Modulo\PIDC2\desenvolvimento\comum\Sprint-int01\system\CodeIgniter.php(457): CodeIgniter\CodeIgniter->runController(Object(App\Controllers\LoginController))
#8 D:\Backup\Arquivos\Faculdade\7Modulo\PIDC2\desenvolvimento\comum\Sprint-int01\system\CodeIgniter.php(340): CodeIgniter\CodeIgniter->handleRequest(NULL, Object(Config\Cache), false)
#9 D:\Backup\Arquivos\Faculdade\7Modulo\PIDC2\desenvolvimento\comum\Sprint-int01\public\index.php(67): CodeIgniter\CodeIgniter->run()
#10 D:\Backup\Arquivos\Faculdade\7Modulo\PIDC2\desenvolvimento\comum\Sprint-int01\system\Commands\Server\rewrite.php(43): require_once('D:\\Backup\\Arqui...')
#11 {main}

Next CodeIgniter\Database\Exceptions\DatabaseException: Nenhuma conexão pôde ser feita porque a máquina de destino as recusou ativamente in D:\Backup\Arquivos\Faculdade\7Modulo\PIDC2\desenvolvimento\comum\Sprint-int01\system\Database\MySQLi\Connection.php:215
Stack trace:
#0 D:\Backup\Arquivos\Faculdade\7Modulo\PIDC2\desenvolvimento\comum\Sprint-int01\system\Database\BaseConnection.php(382): CodeIgniter\Database\MySQLi\Connection->connect(false)
#1 D:\Backup\Arquivos\Faculdade\7Modulo\PIDC2\desenvolvimento\comum\Sprint-int01\system\Database\BaseConnection.php(588): CodeIgniter\Database\BaseConnection->initialize()
#2 D:\Backup\Arquivos\Faculdade\7Modulo\PIDC2\desenvolvimento\comum\Sprint-int01\app\Models\PacientesModel.php(106): CodeIgniter\Database\BaseConnection->query('SELECT * FROM p...')
#3 D:\Backup\Arquivos\Faculdade\7Modulo\PIDC2\desenvolvimento\comum\Sprint-int01\app\Models\PacientesModel.php(74): App\Models\PacientesModel->verificarEmail('maria_silva@hot...')
#4 D:\Backup\Arquivos\Faculdade\7Modulo\PIDC2\desenvolvimento\comum\Sprint-int01\app\Controllers\LoginController.php(62): App\Models\PacientesModel->logarPaciente('maria_silva@hot...', 'Omnimed@2022')
#5 D:\Backup\Arquivos\Faculdade\7Modulo\PIDC2\desenvolvimento\comum\Sprint-int01\system\CodeIgniter.php(898): App\Controllers\LoginController->logar()
#6 D:\Backup\Arquivos\Faculdade\7Modulo\PIDC2\desenvolvimento\comum\Sprint-int01\system\CodeIgniter.php(457): CodeIgniter\CodeIgniter->runController(Object(App\Controllers\LoginController))
#7 D:\Backup\Arquivos\Faculdade\7Modulo\PIDC2\desenvolvimento\comum\Sprint-int01\system\CodeIgniter.php(340): CodeIgniter\CodeIgniter->handleRequest(NULL, Object(Config\Cache), false)
#8 D:\Backup\Arquivos\Faculdade\7Modulo\PIDC2\desenvolvimento\comum\Sprint-int01\public\index.php(67): CodeIgniter\CodeIgniter->run()
#9 D:\Backup\Arquivos\Faculdade\7Modulo\PIDC2\desenvolvimento\comum\Sprint-int01\system\Commands\Server\rewrite.php(43): require_once('D:\\Backup\\Arqui...')
#10 {main}
CRITICAL - 2022-09-20 12:51:14 --> Unable to connect to the database.
Main connection [MySQLi]: Nenhuma conexão pôde ser feita porque a máquina de destino as recusou ativamente
in SYSTEMPATH\Database\BaseConnection.php on line 418.
 1 SYSTEMPATH\Database\BaseConnection.php(588): CodeIgniter\Database\BaseConnection->initialize()
 2 APPPATH\Models\PacientesModel.php(106): CodeIgniter\Database\BaseConnection->query('SELECT * FROM pacientes WHERE PAC_EMAIL = "maria_silva@hotmail.com"')
 3 APPPATH\Models\PacientesModel.php(74): App\Models\PacientesModel->verificarEmail('maria_silva@hotmail.com')
 4 APPPATH\Controllers\LoginController.php(62): App\Models\PacientesModel->logarPaciente('maria_silva@hotmail.com', 'Omnimed@2022')
 5 SYSTEMPATH\CodeIgniter.php(898): App\Controllers\LoginController->logar()
 6 SYSTEMPATH\CodeIgniter.php(457): CodeIgniter\CodeIgniter->runController(Object(App\Controllers\LoginController))
 7 SYSTEMPATH\CodeIgniter.php(340): CodeIgniter\CodeIgniter->handleRequest(null, Object(Config\Cache), false)
 8 FCPATH\index.php(67): CodeIgniter\CodeIgniter->run()
 9 SYSTEMPATH\Commands\Server\rewrite.php(43): require_once('FCPATH\\index.php')
ERROR - 2022-09-20 12:51:33 --> Error connecting to the database: mysqli_sql_exception: Nenhuma conexão pôde ser feita porque a máquina de destino as recusou ativamente in D:\Backup\Arquivos\Faculdade\7Modulo\PIDC2\desenvolvimento\comum\Sprint-int01\system\Database\MySQLi\Connection.php:171
Stack trace:
#0 D:\Backup\Arquivos\Faculdade\7Modulo\PIDC2\desenvolvimento\comum\Sprint-int01\system\Database\MySQLi\Connection.php(171): mysqli->real_connect('localhost', 'root', '', 'omnimed', 3306, '', 0)
#1 D:\Backup\Arquivos\Faculdade\7Modulo\PIDC2\desenvolvimento\comum\Sprint-int01\system\Database\BaseConnection.php(382): CodeIgniter\Database\MySQLi\Connection->connect(false)
#2 D:\Backup\Arquivos\Faculdade\7Modulo\PIDC2\desenvolvimento\comum\Sprint-int01\system\Database\BaseConnection.php(588): CodeIgniter\Database\BaseConnection->initialize()
#3 D:\Backup\Arquivos\Faculdade\7Modulo\PIDC2\desenvolvimento\comum\Sprint-int01\app\Models\PacientesModel.php(106): CodeIgniter\Database\BaseConnection->query('SELECT * FROM p...')
#4 D:\Backup\Arquivos\Faculdade\7Modulo\PIDC2\desenvolvimento\comum\Sprint-int01\app\Models\PacientesModel.php(74): App\Models\PacientesModel->verificarEmail('maria_silva@hot...')
#5 D:\Backup\Arquivos\Faculdade\7Modulo\PIDC2\desenvolvimento\comum\Sprint-int01\app\Controllers\LoginController.php(62): App\Models\PacientesModel->logarPaciente('maria_silva@hot...', 'Omnimed2022@')
#6 D:\Backup\Arquivos\Faculdade\7Modulo\PIDC2\desenvolvimento\comum\Sprint-int01\system\CodeIgniter.php(898): App\Controllers\LoginController->logar()
#7 D:\Backup\Arquivos\Faculdade\7Modulo\PIDC2\desenvolvimento\comum\Sprint-int01\system\CodeIgniter.php(457): CodeIgniter\CodeIgniter->runController(Object(App\Controllers\LoginController))
#8 D:\Backup\Arquivos\Faculdade\7Modulo\PIDC2\desenvolvimento\comum\Sprint-int01\system\CodeIgniter.php(340): CodeIgniter\CodeIgniter->handleRequest(NULL, Object(Config\Cache), false)
#9 D:\Backup\Arquivos\Faculdade\7Modulo\PIDC2\desenvolvimento\comum\Sprint-int01\public\index.php(67): CodeIgniter\CodeIgniter->run()
#10 D:\Backup\Arquivos\Faculdade\7Modulo\PIDC2\desenvolvimento\comum\Sprint-int01\system\Commands\Server\rewrite.php(43): require_once('D:\\Backup\\Arqui...')
#11 {main}

Next CodeIgniter\Database\Exceptions\DatabaseException: Nenhuma conexão pôde ser feita porque a máquina de destino as recusou ativamente in D:\Backup\Arquivos\Faculdade\7Modulo\PIDC2\desenvolvimento\comum\Sprint-int01\system\Database\MySQLi\Connection.php:215
Stack trace:
#0 D:\Backup\Arquivos\Faculdade\7Modulo\PIDC2\desenvolvimento\comum\Sprint-int01\system\Database\BaseConnection.php(382): CodeIgniter\Database\MySQLi\Connection->connect(false)
#1 D:\Backup\Arquivos\Faculdade\7Modulo\PIDC2\desenvolvimento\comum\Sprint-int01\system\Database\BaseConnection.php(588): CodeIgniter\Database\BaseConnection->initialize()
#2 D:\Backup\Arquivos\Faculdade\7Modulo\PIDC2\desenvolvimento\comum\Sprint-int01\app\Models\PacientesModel.php(106): CodeIgniter\Database\BaseConnection->query('SELECT * FROM p...')
#3 D:\Backup\Arquivos\Faculdade\7Modulo\PIDC2\desenvolvimento\comum\Sprint-int01\app\Models\PacientesModel.php(74): App\Models\PacientesModel->verificarEmail('maria_silva@hot...')
#4 D:\Backup\Arquivos\Faculdade\7Modulo\PIDC2\desenvolvimento\comum\Sprint-int01\app\Controllers\LoginController.php(62): App\Models\PacientesModel->logarPaciente('maria_silva@hot...', 'Omnimed2022@')
#5 D:\Backup\Arquivos\Faculdade\7Modulo\PIDC2\desenvolvimento\comum\Sprint-int01\system\CodeIgniter.php(898): App\Controllers\LoginController->logar()
#6 D:\Backup\Arquivos\Faculdade\7Modulo\PIDC2\desenvolvimento\comum\Sprint-int01\system\CodeIgniter.php(457): CodeIgniter\CodeIgniter->runController(Object(App\Controllers\LoginController))
#7 D:\Backup\Arquivos\Faculdade\7Modulo\PIDC2\desenvolvimento\comum\Sprint-int01\system\CodeIgniter.php(340): CodeIgniter\CodeIgniter->handleRequest(NULL, Object(Config\Cache), false)
#8 D:\Backup\Arquivos\Faculdade\7Modulo\PIDC2\desenvolvimento\comum\Sprint-int01\public\index.php(67): CodeIgniter\CodeIgniter->run()
#9 D:\Backup\Arquivos\Faculdade\7Modulo\PIDC2\desenvolvimento\comum\Sprint-int01\system\Commands\Server\rewrite.php(43): require_once('D:\\Backup\\Arqui...')
#10 {main}
CRITICAL - 2022-09-20 12:51:33 --> Unable to connect to the database.
Main connection [MySQLi]: Nenhuma conexão pôde ser feita porque a máquina de destino as recusou ativamente
in SYSTEMPATH\Database\BaseConnection.php on line 418.
 1 SYSTEMPATH\Database\BaseConnection.php(588): CodeIgniter\Database\BaseConnection->initialize()
 2 APPPATH\Models\PacientesModel.php(106): CodeIgniter\Database\BaseConnection->query('SELECT * FROM pacientes WHERE PAC_EMAIL = "maria_silva@hotmail.com"')
 3 APPPATH\Models\PacientesModel.php(74): App\Models\PacientesModel->verificarEmail('maria_silva@hotmail.com')
 4 APPPATH\Controllers\LoginController.php(62): App\Models\PacientesModel->logarPaciente('maria_silva@hotmail.com', 'Omnimed2022@')
 5 SYSTEMPATH\CodeIgniter.php(898): App\Controllers\LoginController->logar()
 6 SYSTEMPATH\CodeIgniter.php(457): CodeIgniter\CodeIgniter->runController(Object(App\Controllers\LoginController))
 7 SYSTEMPATH\CodeIgniter.php(340): CodeIgniter\CodeIgniter->handleRequest(null, Object(Config\Cache), false)
 8 FCPATH\index.php(67): CodeIgniter\CodeIgniter->run()
 9 SYSTEMPATH\Commands\Server\rewrite.php(43): require_once('FCPATH\\index.php')
CRITICAL - 2022-09-20 15:02:07 --> Undefined array key "id"
in APPPATH\Views\agendamentos\create.php on line 4.
 1 APPPATH\Views\agendamentos\create.php(4): CodeIgniter\Debug\Exceptions->errorHandler(2, 'Undefined array key "id"', 'APPPATH\\Views\\agendamentos\\create.php', 4)
 2 SYSTEMPATH\View\View.php(213): include('APPPATH\\Views\\agendamentos\\create.php')
 3 SYSTEMPATH\View\View.php(216): CodeIgniter\View\View->CodeIgniter\View\{closure}()
 4 SYSTEMPATH\Common.php(1137): CodeIgniter\View\View->render('/agendamentos/create.php', [], true)
 5 APPPATH\Controllers\AgendamentosController.php(17): view('/agendamentos/create.php')
 6 SYSTEMPATH\CodeIgniter.php(898): App\Controllers\AgendamentosController->novo()
 7 SYSTEMPATH\CodeIgniter.php(457): CodeIgniter\CodeIgniter->runController(Object(App\Controllers\AgendamentosController))
 8 SYSTEMPATH\CodeIgniter.php(340): CodeIgniter\CodeIgniter->handleRequest(null, Object(Config\Cache), false)
 9 FCPATH\index.php(67): CodeIgniter\CodeIgniter->run()
10 SYSTEMPATH\Commands\Server\rewrite.php(43): require_once('FCPATH\\index.php')
ERROR - 2022-09-20 15:03:32 --> mysqli_sql_exception: Unknown column 'AGD_TRIAGEM_REALIZADA' in 'field list' in C:\Users\Thiago\Documents\ProjetoOMNIMED\desenvolvimento\comum\Sprint-int01\system\Database\MySQLi\Connection.php:292
Stack trace:
#0 C:\Users\Thiago\Documents\ProjetoOMNIMED\desenvolvimento\comum\Sprint-int01\system\Database\MySQLi\Connection.php(292): mysqli->query('INSERT INTO `ag...', 0)
#1 C:\Users\Thiago\Documents\ProjetoOMNIMED\desenvolvimento\comum\Sprint-int01\system\Database\BaseConnection.php(693): CodeIgniter\Database\MySQLi\Connection->execute('INSERT INTO `ag...')
#2 C:\Users\Thiago\Documents\ProjetoOMNIMED\desenvolvimento\comum\Sprint-int01\system\Database\BaseConnection.php(620): CodeIgniter\Database\BaseConnection->simpleQuery('INSERT INTO `ag...')
#3 C:\Users\Thiago\Documents\ProjetoOMNIMED\desenvolvimento\comum\Sprint-int01\system\Database\BaseBuilder.php(1916): CodeIgniter\Database\BaseConnection->query('INSERT INTO `ag...', Array, false)
#4 C:\Users\Thiago\Documents\ProjetoOMNIMED\desenvolvimento\comum\Sprint-int01\system\Model.php(278): CodeIgniter\Database\BaseBuilder->insert()
#5 C:\Users\Thiago\Documents\ProjetoOMNIMED\desenvolvimento\comum\Sprint-int01\system\BaseModel.php(738): CodeIgniter\Model->doInsert(Array)
#6 C:\Users\Thiago\Documents\ProjetoOMNIMED\desenvolvimento\comum\Sprint-int01\system\Model.php(666): CodeIgniter\BaseModel->insert(Array, false)
#7 C:\Users\Thiago\Documents\ProjetoOMNIMED\desenvolvimento\comum\Sprint-int01\system\BaseModel.php(658): CodeIgniter\Model->insert(Object(App\Entities\Agendamentos), false)
#8 C:\Users\Thiago\Documents\ProjetoOMNIMED\desenvolvimento\comum\Sprint-int01\app\Controllers\AgendamentosController.php(72): CodeIgniter\BaseModel->save(Object(App\Entities\Agendamentos))
#9 C:\Users\Thiago\Documents\ProjetoOMNIMED\desenvolvimento\comum\Sprint-int01\system\CodeIgniter.php(898): App\Controllers\AgendamentosController->salvar()
#10 C:\Users\Thiago\Documents\ProjetoOMNIMED\desenvolvimento\comum\Sprint-int01\system\CodeIgniter.php(457): CodeIgniter\CodeIgniter->runController(Object(App\Controllers\AgendamentosController))
#11 C:\Users\Thiago\Documents\ProjetoOMNIMED\desenvolvimento\comum\Sprint-int01\system\CodeIgniter.php(340): CodeIgniter\CodeIgniter->handleRequest(NULL, Object(Config\Cache), false)
#12 C:\Users\Thiago\Documents\ProjetoOMNIMED\desenvolvimento\comum\Sprint-int01\public\index.php(67): CodeIgniter\CodeIgniter->run()
#13 C:\Users\Thiago\Documents\ProjetoOMNIMED\desenvolvimento\comum\Sprint-int01\system\Commands\Server\rewrite.php(43): require_once('C:\\Users\\Thiago...')
#14 {main}
CRITICAL - 2022-09-20 15:03:32 --> Unknown column 'AGD_TRIAGEM_REALIZADA' in 'field list'
in SYSTEMPATH\Database\MySQLi\Connection.php on line 292.
 1 SYSTEMPATH\Database\MySQLi\Connection.php(292): mysqli->query('INSERT INTO `agendamentos` (`AGD_STATUS`, `AGD_ENCAMINHAMENTOS`, `AGD_DATA`, `AGD_HORARIO`, `AGD_MEET_LINK`, `FK_PACIENTES_PAC_ID`, `FK_PACIENTES_FK_USUARIO_COMUM_USC_ID`, `FK_MEDICOS_MED_ID`, `FK_MEDICOS_FK_FUNCIONARIOS_FUN_ID`, `FK_MEDICOS_FK_FUNCIONARIOS_FK_USUARIO_COMUM_USC_ID`, `FK_ESPECIALIDADES_MEDICAS_ESM_ID`, `AGD_TRIAGEM_REALIZADA`, `AGD_RETORNO`) VALUES (\'1\', \'1\', \'2022-09-20\', \'1663704191\', \'\', \'1\', \'1\', \'1\', \'1\', \'2\', \'3\', \'0\', \'0\')', 0)
 2 SYSTEMPATH\Database\BaseConnection.php(693): CodeIgniter\Database\MySQLi\Connection->execute('INSERT INTO `agendamentos` (`AGD_STATUS`, `AGD_ENCAMINHAMENTOS`, `AGD_DATA`, `AGD_HORARIO`, `AGD_MEET_LINK`, `FK_PACIENTES_PAC_ID`, `FK_PACIENTES_FK_USUARIO_COMUM_USC_ID`, `FK_MEDICOS_MED_ID`, `FK_MEDICOS_FK_FUNCIONARIOS_FUN_ID`, `FK_MEDICOS_FK_FUNCIONARIOS_FK_USUARIO_COMUM_USC_ID`, `FK_ESPECIALIDADES_MEDICAS_ESM_ID`, `AGD_TRIAGEM_REALIZADA`, `AGD_RETORNO`) VALUES (\'1\', \'1\', \'2022-09-20\', \'1663704191\', \'\', \'1\', \'1\', \'1\', \'1\', \'2\', \'3\', \'0\', \'0\')')
 3 SYSTEMPATH\Database\BaseConnection.php(620): CodeIgniter\Database\BaseConnection->simpleQuery('INSERT INTO `agendamentos` (`AGD_STATUS`, `AGD_ENCAMINHAMENTOS`, `AGD_DATA`, `AGD_HORARIO`, `AGD_MEET_LINK`, `FK_PACIENTES_PAC_ID`, `FK_PACIENTES_FK_USUARIO_COMUM_USC_ID`, `FK_MEDICOS_MED_ID`, `FK_MEDICOS_FK_FUNCIONARIOS_FUN_ID`, `FK_MEDICOS_FK_FUNCIONARIOS_FK_USUARIO_COMUM_USC_ID`, `FK_ESPECIALIDADES_MEDICAS_ESM_ID`, `AGD_TRIAGEM_REALIZADA`, `AGD_RETORNO`) VALUES (\'1\', \'1\', \'2022-09-20\', \'1663704191\', \'\', \'1\', \'1\', \'1\', \'1\', \'2\', \'3\', \'0\', \'0\')')
 4 SYSTEMPATH\Database\BaseBuilder.php(1916): CodeIgniter\Database\BaseConnection->query('INSERT INTO `agendamentos` (`AGD_STATUS`, `AGD_ENCAMINHAMENTOS`, `AGD_DATA`, `AGD_HORARIO`, `AGD_MEET_LINK`, `FK_PACIENTES_PAC_ID`, `FK_PACIENTES_FK_USUARIO_COMUM_USC_ID`, `FK_MEDICOS_MED_ID`, `FK_MEDICOS_FK_FUNCIONARIOS_FUN_ID`, `FK_MEDICOS_FK_FUNCIONARIOS_FK_USUARIO_COMUM_USC_ID`, `FK_ESPECIALIDADES_MEDICAS_ESM_ID`, `AGD_TRIAGEM_REALIZADA`, `AGD_RETORNO`) VALUES (:AGD_STATUS:, :AGD_ENCAMINHAMENTOS:, :AGD_DATA:, :AGD_HORARIO:, :AGD_MEET_LINK:, :FK_PACIENTES_PAC_ID:, :FK_PACIENTES_FK_USUARIO_COMUM_USC_ID:, :FK_MEDICOS_MED_ID:, :FK_MEDICOS_FK_FUNCIONARIOS_FUN_ID:, :FK_MEDICOS_FK_FUNCIONARIOS_FK_USUARIO_COMUM_USC_ID:, :FK_ESPECIALIDADES_MEDICAS_ESM_ID:, :AGD_TRIAGEM_REALIZADA:, :AGD_RETORNO:)', [...], false)
 5 SYSTEMPATH\Model.php(278): CodeIgniter\Database\BaseBuilder->insert()
 6 SYSTEMPATH\BaseModel.php(738): CodeIgniter\Model->doInsert([...])
 7 SYSTEMPATH\Model.php(666): CodeIgniter\BaseModel->insert([...], false)
 8 SYSTEMPATH\BaseModel.php(658): CodeIgniter\Model->insert(Object(App\Entities\Agendamentos), false)
 9 APPPATH\Controllers\AgendamentosController.php(72): CodeIgniter\BaseModel->save(Object(App\Entities\Agendamentos))
10 SYSTEMPATH\CodeIgniter.php(898): App\Controllers\AgendamentosController->salvar()
11 SYSTEMPATH\CodeIgniter.php(457): CodeIgniter\CodeIgniter->runController(Object(App\Controllers\AgendamentosController))
12 SYSTEMPATH\CodeIgniter.php(340): CodeIgniter\CodeIgniter->handleRequest(null, Object(Config\Cache), false)
13 FCPATH\index.php(67): CodeIgniter\CodeIgniter->run()
14 SYSTEMPATH\Commands\Server\rewrite.php(43): require_once('FCPATH\\index.php')
<<<<<<< .mine
CRITICAL - 2022-09-20 17:20:08 --> Invalid file: /usuarios_comum/create.php
in SYSTEMPATH\Exceptions\FrameworkException.php on line 33.
 1 SYSTEMPATH\View\View.php(201): CodeIgniter\Exceptions\FrameworkException::forInvalidFile('/usuarios_comum/create.php')
 2 SYSTEMPATH\Common.php(1137): CodeIgniter\View\View->render('/usuarios_comum/create.php', [], true)
 3 APPPATH\Controllers\UsuarioComumController.php(13): view('/usuarios_comum/create.php')
 4 SYSTEMPATH\CodeIgniter.php(898): App\Controllers\UsuarioComumController->novo()
 5 SYSTEMPATH\CodeIgniter.php(457): CodeIgniter\CodeIgniter->runController(Object(App\Controllers\UsuarioComumController))
 6 SYSTEMPATH\CodeIgniter.php(340): CodeIgniter\CodeIgniter->handleRequest(null, Object(Config\Cache), false)
 7 FCPATH\index.php(67): CodeIgniter\CodeIgniter->run()
 8 SYSTEMPATH\Commands\Server\rewrite.php(43): require_once('FCPATH\\index.php')
||||||| .r799
=======
CRITICAL - 2022-09-20 17:06:44 --> Class "App\Entities\Consultas" not found
in APPPATH\Views\consulta\list_patient.php on line 6.
 1 SYSTEMPATH\View\View.php(213): include()
 2 SYSTEMPATH\View\View.php(216): CodeIgniter\View\View->CodeIgniter\View\{closure}()
 3 SYSTEMPATH\Common.php(1137): CodeIgniter\View\View->render('/consulta/list_patient.php', [], true)
 4 APPPATH\Controllers\ConsultaController.php(16): view('/consulta/list_patient.php')
 5 SYSTEMPATH\CodeIgniter.php(898): App\Controllers\ConsultaController->listagem()
 6 SYSTEMPATH\CodeIgniter.php(457): CodeIgniter\CodeIgniter->runController(Object(App\Controllers\ConsultaController))
 7 SYSTEMPATH\CodeIgniter.php(340): CodeIgniter\CodeIgniter->handleRequest(null, Object(Config\Cache), false)
 8 FCPATH\index.php(67): CodeIgniter\CodeIgniter->run()
 9 SYSTEMPATH\Commands\Server\rewrite.php(43): require_once('FCPATH\\index.php')
CRITICAL - 2022-09-20 17:07:05 --> Class "Consultas" not found
in APPPATH\Views\consulta\list_patient.php on line 6.
 1 SYSTEMPATH\View\View.php(213): include()
 2 SYSTEMPATH\View\View.php(216): CodeIgniter\View\View->CodeIgniter\View\{closure}()
 3 SYSTEMPATH\Common.php(1137): CodeIgniter\View\View->render('/consulta/list_patient.php', [], true)
 4 APPPATH\Controllers\ConsultaController.php(16): view('/consulta/list_patient.php')
 5 SYSTEMPATH\CodeIgniter.php(898): App\Controllers\ConsultaController->listagem()
 6 SYSTEMPATH\CodeIgniter.php(457): CodeIgniter\CodeIgniter->runController(Object(App\Controllers\ConsultaController))
 7 SYSTEMPATH\CodeIgniter.php(340): CodeIgniter\CodeIgniter->handleRequest(null, Object(Config\Cache), false)
 8 FCPATH\index.php(67): CodeIgniter\CodeIgniter->run()
 9 SYSTEMPATH\Commands\Server\rewrite.php(43): require_once('FCPATH\\index.php')
CRITICAL - 2022-09-20 17:07:26 --> Class "Consultas" not found
in APPPATH\Views\consulta\list_patient.php on line 6.
 1 SYSTEMPATH\View\View.php(213): include()
 2 SYSTEMPATH\View\View.php(216): CodeIgniter\View\View->CodeIgniter\View\{closure}()
 3 SYSTEMPATH\Common.php(1137): CodeIgniter\View\View->render('/consulta/list_patient.php', [], true)
 4 APPPATH\Controllers\ConsultaController.php(16): view('/consulta/list_patient.php')
 5 SYSTEMPATH\CodeIgniter.php(898): App\Controllers\ConsultaController->listagem()
 6 SYSTEMPATH\CodeIgniter.php(457): CodeIgniter\CodeIgniter->runController(Object(App\Controllers\ConsultaController))
 7 SYSTEMPATH\CodeIgniter.php(340): CodeIgniter\CodeIgniter->handleRequest(null, Object(Config\Cache), false)
 8 FCPATH\index.php(67): CodeIgniter\CodeIgniter->run()
 9 SYSTEMPATH\Commands\Server\rewrite.php(43): require_once('FCPATH\\index.php')
CRITICAL - 2022-09-20 17:07:32 --> Class "App\Models\ConsultasModel" not found
in APPPATH\Views\consulta\list_patient.php on line 7.
 1 SYSTEMPATH\View\View.php(213): include()
 2 SYSTEMPATH\View\View.php(216): CodeIgniter\View\View->CodeIgniter\View\{closure}()
 3 SYSTEMPATH\Common.php(1137): CodeIgniter\View\View->render('/consulta/list_patient.php', [], true)
 4 APPPATH\Controllers\ConsultaController.php(16): view('/consulta/list_patient.php')
 5 SYSTEMPATH\CodeIgniter.php(898): App\Controllers\ConsultaController->listagem()
 6 SYSTEMPATH\CodeIgniter.php(457): CodeIgniter\CodeIgniter->runController(Object(App\Controllers\ConsultaController))
 7 SYSTEMPATH\CodeIgniter.php(340): CodeIgniter\CodeIgniter->handleRequest(null, Object(Config\Cache), false)
 8 FCPATH\index.php(67): CodeIgniter\CodeIgniter->run()
 9 SYSTEMPATH\Commands\Server\rewrite.php(43): require_once('FCPATH\\index.php')
CRITICAL - 2022-09-20 17:08:01 --> Class "ConsultasOnlineModel" not found
in APPPATH\Views\consulta\list_patient.php on line 7.
 1 SYSTEMPATH\View\View.php(213): include()
 2 SYSTEMPATH\View\View.php(216): CodeIgniter\View\View->CodeIgniter\View\{closure}()
 3 SYSTEMPATH\Common.php(1137): CodeIgniter\View\View->render('/consulta/list_patient.php', [], true)
 4 APPPATH\Controllers\ConsultaController.php(16): view('/consulta/list_patient.php')
 5 SYSTEMPATH\CodeIgniter.php(898): App\Controllers\ConsultaController->listagem()
 6 SYSTEMPATH\CodeIgniter.php(457): CodeIgniter\CodeIgniter->runController(Object(App\Controllers\ConsultaController))
 7 SYSTEMPATH\CodeIgniter.php(340): CodeIgniter\CodeIgniter->handleRequest(null, Object(Config\Cache), false)
 8 FCPATH\index.php(67): CodeIgniter\CodeIgniter->run()
 9 SYSTEMPATH\Commands\Server\rewrite.php(43): require_once('FCPATH\\index.php')
CRITICAL - 2022-09-20 17:08:36 --> mysqli_result::fetch_object(): Argument #1 ($class) must be a valid class name, App\Entities\ConsultaOnline given
in SYSTEMPATH\Database\MySQLi\Result.php on line 148.
 1 SYSTEMPATH\Database\MySQLi\Result.php(148): mysqli_result->fetch_object('App\\Entities\\ConsultaOnline')
 2 SYSTEMPATH\Database\BaseResult.php(149): CodeIgniter\Database\MySQLi\Result->fetchObject('App\\Entities\\ConsultaOnline')
 3 SYSTEMPATH\Database\BaseResult.php(106): CodeIgniter\Database\BaseResult->getCustomResultObject('App\\Entities\\ConsultaOnline')
 4 SYSTEMPATH\Model.php(223): CodeIgniter\Database\BaseResult->getResult('App\\Entities\\ConsultaOnline')
 5 SYSTEMPATH\BaseModel.php(584): CodeIgniter\Model->doFindAll(0, 0)
 6 APPPATH\Views\consulta\list_patient.php(10): CodeIgniter\BaseModel->findAll()
 7 SYSTEMPATH\View\View.php(213): include('APPPATH\\Views\\consulta\\list_patient.php')
 8 SYSTEMPATH\View\View.php(216): CodeIgniter\View\View->CodeIgniter\View\{closure}()
 9 SYSTEMPATH\Common.php(1137): CodeIgniter\View\View->render('/consulta/list_patient.php', [], true)
10 APPPATH\Controllers\ConsultaController.php(16): view('/consulta/list_patient.php')
11 SYSTEMPATH\CodeIgniter.php(898): App\Controllers\ConsultaController->listagem()
12 SYSTEMPATH\CodeIgniter.php(457): CodeIgniter\CodeIgniter->runController(Object(App\Controllers\ConsultaController))
13 SYSTEMPATH\CodeIgniter.php(340): CodeIgniter\CodeIgniter->handleRequest(null, Object(Config\Cache), false)
14 FCPATH\index.php(67): CodeIgniter\CodeIgniter->run()
15 SYSTEMPATH\Commands\Server\rewrite.php(43): require_once('FCPATH\\index.php')
CRITICAL - 2022-09-20 17:13:32 --> mysqli_result::fetch_object(): Argument #1 ($class) must be a valid class name, App\Entities\ConsultaOnline given
in SYSTEMPATH\Database\MySQLi\Result.php on line 148.
 1 SYSTEMPATH\Database\MySQLi\Result.php(148): mysqli_result->fetch_object('App\\Entities\\ConsultaOnline')
 2 SYSTEMPATH\Database\BaseResult.php(149): CodeIgniter\Database\MySQLi\Result->fetchObject('App\\Entities\\ConsultaOnline')
 3 SYSTEMPATH\Database\BaseResult.php(106): CodeIgniter\Database\BaseResult->getCustomResultObject('App\\Entities\\ConsultaOnline')
 4 SYSTEMPATH\Model.php(223): CodeIgniter\Database\BaseResult->getResult('App\\Entities\\ConsultaOnline')
 5 SYSTEMPATH\BaseModel.php(584): CodeIgniter\Model->doFindAll(0, 0)
 6 APPPATH\Views\consulta\list_patient.php(10): CodeIgniter\BaseModel->findAll()
 7 SYSTEMPATH\View\View.php(213): include('APPPATH\\Views\\consulta\\list_patient.php')
 8 SYSTEMPATH\View\View.php(216): CodeIgniter\View\View->CodeIgniter\View\{closure}()
 9 SYSTEMPATH\Common.php(1137): CodeIgniter\View\View->render('/consulta/list_patient.php', [], true)
10 APPPATH\Controllers\ConsultaController.php(16): view('/consulta/list_patient.php')
11 SYSTEMPATH\CodeIgniter.php(898): App\Controllers\ConsultaController->listagem()
12 SYSTEMPATH\CodeIgniter.php(457): CodeIgniter\CodeIgniter->runController(Object(App\Controllers\ConsultaController))
13 SYSTEMPATH\CodeIgniter.php(340): CodeIgniter\CodeIgniter->handleRequest(null, Object(Config\Cache), false)
14 FCPATH\index.php(67): CodeIgniter\CodeIgniter->run()
15 SYSTEMPATH\Commands\Server\rewrite.php(43): require_once('FCPATH\\index.php')
CRITICAL - 2022-09-20 17:18:25 --> Undefined variable $db
in APPPATH\Models\ConsultasOnlineModel.php on line 74.
 1 APPPATH\Models\ConsultasOnlineModel.php(74): CodeIgniter\Debug\Exceptions->errorHandler(2, 'Undefined variable $db', 'APPPATH\\Models\\ConsultasOnlineModel.php', 74)
 2 APPPATH\Views\consulta\list_patient.php(10): App\Models\ConsultasOnlineModel->listar()
 3 SYSTEMPATH\View\View.php(213): include('APPPATH\\Views\\consulta\\list_patient.php')
 4 SYSTEMPATH\View\View.php(216): CodeIgniter\View\View->CodeIgniter\View\{closure}()
 5 SYSTEMPATH\Common.php(1137): CodeIgniter\View\View->render('/consulta/list_patient.php', [], true)
 6 APPPATH\Controllers\ConsultaController.php(16): view('/consulta/list_patient.php')
 7 SYSTEMPATH\CodeIgniter.php(898): App\Controllers\ConsultaController->listagem()
 8 SYSTEMPATH\CodeIgniter.php(457): CodeIgniter\CodeIgniter->runController(Object(App\Controllers\ConsultaController))
 9 SYSTEMPATH\CodeIgniter.php(340): CodeIgniter\CodeIgniter->handleRequest(null, Object(Config\Cache), false)
10 FCPATH\index.php(67): CodeIgniter\CodeIgniter->run()
11 SYSTEMPATH\Commands\Server\rewrite.php(43): require_once('FCPATH\\index.php')
CRITICAL - 2022-09-20 17:18:51 --> Undefined property: stdClass::$CNS_ANOTAÇÕES
in APPPATH\Views\consulta\list_patient.php on line 144.
 1 APPPATH\Views\consulta\list_patient.php(144): CodeIgniter\Debug\Exceptions->errorHandler(2, 'Undefined property: stdClass::$CNS_ANOTAÇÕES', 'APPPATH\\Views\\consulta\\list_patient.php', 144)
 2 SYSTEMPATH\View\View.php(213): include('APPPATH\\Views\\consulta\\list_patient.php')
 3 SYSTEMPATH\View\View.php(216): CodeIgniter\View\View->CodeIgniter\View\{closure}()
 4 SYSTEMPATH\Common.php(1137): CodeIgniter\View\View->render('/consulta/list_patient.php', [], true)
 5 APPPATH\Controllers\ConsultaController.php(16): view('/consulta/list_patient.php')
 6 SYSTEMPATH\CodeIgniter.php(898): App\Controllers\ConsultaController->listagem()
 7 SYSTEMPATH\CodeIgniter.php(457): CodeIgniter\CodeIgniter->runController(Object(App\Controllers\ConsultaController))
 8 SYSTEMPATH\CodeIgniter.php(340): CodeIgniter\CodeIgniter->handleRequest(null, Object(Config\Cache), false)
 9 FCPATH\index.php(67): CodeIgniter\CodeIgniter->run()
10 SYSTEMPATH\Commands\Server\rewrite.php(43): require_once('FCPATH\\index.php')
CRITICAL - 2022-09-20 17:55:01 --> Class "ConultasOnlineModel" not found
in APPPATH\Views\consulta\detail.php on line 7.
 1 SYSTEMPATH\View\View.php(213): include()
 2 SYSTEMPATH\View\View.php(216): CodeIgniter\View\View->CodeIgniter\View\{closure}()
 3 SYSTEMPATH\Common.php(1137): CodeIgniter\View\View->render('/consulta/detail.php', [], true)
 4 APPPATH\Controllers\ConsultaController.php(16): view('/consulta/detail.php', [...])
 5 SYSTEMPATH\CodeIgniter.php(898): App\Controllers\ConsultaController->detalhar('1')
 6 SYSTEMPATH\CodeIgniter.php(457): CodeIgniter\CodeIgniter->runController(Object(App\Controllers\ConsultaController))
 7 SYSTEMPATH\CodeIgniter.php(340): CodeIgniter\CodeIgniter->handleRequest(null, Object(Config\Cache), false)
 8 FCPATH\index.php(67): CodeIgniter\CodeIgniter->run()
 9 SYSTEMPATH\Commands\Server\rewrite.php(43): require_once('FCPATH\\index.php')
CRITICAL - 2022-09-20 17:55:35 --> Undefined property: stdClass::$ADM_ID
in APPPATH\Models\ConsultasOnlineModel.php on line 65.
 1 APPPATH\Models\ConsultasOnlineModel.php(65): CodeIgniter\Debug\Exceptions->errorHandler(2, 'Undefined property: stdClass::$ADM_ID', 'APPPATH\\Models\\ConsultasOnlineModel.php', 65)
 2 APPPATH\Views\consulta\detail.php(10): App\Models\ConsultasOnlineModel->obterConsultaPorId(1)
 3 SYSTEMPATH\View\View.php(213): include('APPPATH\\Views\\consulta\\detail.php')
 4 SYSTEMPATH\View\View.php(216): CodeIgniter\View\View->CodeIgniter\View\{closure}()
 5 SYSTEMPATH\Common.php(1137): CodeIgniter\View\View->render('/consulta/detail.php', [], true)
 6 APPPATH\Controllers\ConsultaController.php(16): view('/consulta/detail.php', [...])
 7 SYSTEMPATH\CodeIgniter.php(898): App\Controllers\ConsultaController->detalhar('1')
 8 SYSTEMPATH\CodeIgniter.php(457): CodeIgniter\CodeIgniter->runController(Object(App\Controllers\ConsultaController))
 9 SYSTEMPATH\CodeIgniter.php(340): CodeIgniter\CodeIgniter->handleRequest(null, Object(Config\Cache), false)
10 FCPATH\index.php(67): CodeIgniter\CodeIgniter->run()
11 SYSTEMPATH\Commands\Server\rewrite.php(43): require_once('FCPATH\\index.php')
CRITICAL - 2022-09-20 17:56:03 --> Attempt to read property "CNS_DATA" on array
in APPPATH\Views\consulta\detail.php on line 117.
 1 APPPATH\Views\consulta\detail.php(117): CodeIgniter\Debug\Exceptions->errorHandler(2, 'Attempt to read property "CNS_DATA" on array', 'APPPATH\\Views\\consulta\\detail.php', 117)
 2 SYSTEMPATH\View\View.php(213): include('APPPATH\\Views\\consulta\\detail.php')
 3 SYSTEMPATH\View\View.php(216): CodeIgniter\View\View->CodeIgniter\View\{closure}()
 4 SYSTEMPATH\Common.php(1137): CodeIgniter\View\View->render('/consulta/detail.php', [], true)
 5 APPPATH\Controllers\ConsultaController.php(16): view('/consulta/detail.php', [...])
 6 SYSTEMPATH\CodeIgniter.php(898): App\Controllers\ConsultaController->detalhar('1')
 7 SYSTEMPATH\CodeIgniter.php(457): CodeIgniter\CodeIgniter->runController(Object(App\Controllers\ConsultaController))
 8 SYSTEMPATH\CodeIgniter.php(340): CodeIgniter\CodeIgniter->handleRequest(null, Object(Config\Cache), false)
 9 FCPATH\index.php(67): CodeIgniter\CodeIgniter->run()
10 SYSTEMPATH\Commands\Server\rewrite.php(43): require_once('FCPATH\\index.php')
CRITICAL - 2022-09-20 17:56:32 --> Attempt to read property "CNS_DATA" on array
in APPPATH\Views\consulta\detail.php on line 117.
 1 APPPATH\Views\consulta\detail.php(117): CodeIgniter\Debug\Exceptions->errorHandler(2, 'Attempt to read property "CNS_DATA" on array', 'APPPATH\\Views\\consulta\\detail.php', 117)
 2 SYSTEMPATH\View\View.php(213): include('APPPATH\\Views\\consulta\\detail.php')
 3 SYSTEMPATH\View\View.php(216): CodeIgniter\View\View->CodeIgniter\View\{closure}()
 4 SYSTEMPATH\Common.php(1137): CodeIgniter\View\View->render('/consulta/detail.php', [], true)
 5 APPPATH\Controllers\ConsultaController.php(16): view('/consulta/detail.php', [...])
 6 SYSTEMPATH\CodeIgniter.php(898): App\Controllers\ConsultaController->detalhar('1')
 7 SYSTEMPATH\CodeIgniter.php(457): CodeIgniter\CodeIgniter->runController(Object(App\Controllers\ConsultaController))
 8 SYSTEMPATH\CodeIgniter.php(340): CodeIgniter\CodeIgniter->handleRequest(null, Object(Config\Cache), false)
 9 FCPATH\index.php(67): CodeIgniter\CodeIgniter->run()
10 SYSTEMPATH\Commands\Server\rewrite.php(43): require_once('FCPATH\\index.php')
CRITICAL - 2022-09-20 17:56:44 --> Attempt to read property "CNS_DATA" on array
in APPPATH\Views\consulta\detail.php on line 117.
 1 APPPATH\Views\consulta\detail.php(117): CodeIgniter\Debug\Exceptions->errorHandler(2, 'Attempt to read property "CNS_DATA" on array', 'APPPATH\\Views\\consulta\\detail.php', 117)
 2 SYSTEMPATH\View\View.php(213): include('APPPATH\\Views\\consulta\\detail.php')
 3 SYSTEMPATH\View\View.php(216): CodeIgniter\View\View->CodeIgniter\View\{closure}()
 4 SYSTEMPATH\Common.php(1137): CodeIgniter\View\View->render('/consulta/detail.php', [], true)
 5 APPPATH\Controllers\ConsultaController.php(16): view('/consulta/detail.php', [...])
 6 SYSTEMPATH\CodeIgniter.php(898): App\Controllers\ConsultaController->detalhar('1')
 7 SYSTEMPATH\CodeIgniter.php(457): CodeIgniter\CodeIgniter->runController(Object(App\Controllers\ConsultaController))
 8 SYSTEMPATH\CodeIgniter.php(340): CodeIgniter\CodeIgniter->handleRequest(null, Object(Config\Cache), false)
 9 FCPATH\index.php(67): CodeIgniter\CodeIgniter->run()
10 SYSTEMPATH\Commands\Server\rewrite.php(43): require_once('FCPATH\\index.php')
CRITICAL - 2022-09-20 17:56:45 --> Attempt to read property "CNS_DATA" on array
in APPPATH\Views\consulta\detail.php on line 117.
 1 APPPATH\Views\consulta\detail.php(117): CodeIgniter\Debug\Exceptions->errorHandler(2, 'Attempt to read property "CNS_DATA" on array', 'APPPATH\\Views\\consulta\\detail.php', 117)
 2 SYSTEMPATH\View\View.php(213): include('APPPATH\\Views\\consulta\\detail.php')
 3 SYSTEMPATH\View\View.php(216): CodeIgniter\View\View->CodeIgniter\View\{closure}()
 4 SYSTEMPATH\Common.php(1137): CodeIgniter\View\View->render('/consulta/detail.php', [], true)
 5 APPPATH\Controllers\ConsultaController.php(16): view('/consulta/detail.php', [...])
 6 SYSTEMPATH\CodeIgniter.php(898): App\Controllers\ConsultaController->detalhar('1')
 7 SYSTEMPATH\CodeIgniter.php(457): CodeIgniter\CodeIgniter->runController(Object(App\Controllers\ConsultaController))
 8 SYSTEMPATH\CodeIgniter.php(340): CodeIgniter\CodeIgniter->handleRequest(null, Object(Config\Cache), false)
 9 FCPATH\index.php(67): CodeIgniter\CodeIgniter->run()
10 SYSTEMPATH\Commands\Server\rewrite.php(43): require_once('FCPATH\\index.php')
CRITICAL - 2022-09-20 17:56:45 --> Attempt to read property "CNS_DATA" on array
in APPPATH\Views\consulta\detail.php on line 117.
 1 APPPATH\Views\consulta\detail.php(117): CodeIgniter\Debug\Exceptions->errorHandler(2, 'Attempt to read property "CNS_DATA" on array', 'APPPATH\\Views\\consulta\\detail.php', 117)
 2 SYSTEMPATH\View\View.php(213): include('APPPATH\\Views\\consulta\\detail.php')
 3 SYSTEMPATH\View\View.php(216): CodeIgniter\View\View->CodeIgniter\View\{closure}()
 4 SYSTEMPATH\Common.php(1137): CodeIgniter\View\View->render('/consulta/detail.php', [], true)
 5 APPPATH\Controllers\ConsultaController.php(16): view('/consulta/detail.php', [...])
 6 SYSTEMPATH\CodeIgniter.php(898): App\Controllers\ConsultaController->detalhar('1')
 7 SYSTEMPATH\CodeIgniter.php(457): CodeIgniter\CodeIgniter->runController(Object(App\Controllers\ConsultaController))
 8 SYSTEMPATH\CodeIgniter.php(340): CodeIgniter\CodeIgniter->handleRequest(null, Object(Config\Cache), false)
 9 FCPATH\index.php(67): CodeIgniter\CodeIgniter->run()
10 SYSTEMPATH\Commands\Server\rewrite.php(43): require_once('FCPATH\\index.php')
CRITICAL - 2022-09-20 17:56:46 --> Attempt to read property "CNS_DATA" on array
in APPPATH\Views\consulta\detail.php on line 117.
 1 APPPATH\Views\consulta\detail.php(117): CodeIgniter\Debug\Exceptions->errorHandler(2, 'Attempt to read property "CNS_DATA" on array', 'APPPATH\\Views\\consulta\\detail.php', 117)
 2 SYSTEMPATH\View\View.php(213): include('APPPATH\\Views\\consulta\\detail.php')
 3 SYSTEMPATH\View\View.php(216): CodeIgniter\View\View->CodeIgniter\View\{closure}()
 4 SYSTEMPATH\Common.php(1137): CodeIgniter\View\View->render('/consulta/detail.php', [], true)
 5 APPPATH\Controllers\ConsultaController.php(16): view('/consulta/detail.php', [...])
 6 SYSTEMPATH\CodeIgniter.php(898): App\Controllers\ConsultaController->detalhar('1')
 7 SYSTEMPATH\CodeIgniter.php(457): CodeIgniter\CodeIgniter->runController(Object(App\Controllers\ConsultaController))
 8 SYSTEMPATH\CodeIgniter.php(340): CodeIgniter\CodeIgniter->handleRequest(null, Object(Config\Cache), false)
 9 FCPATH\index.php(67): CodeIgniter\CodeIgniter->run()
10 SYSTEMPATH\Commands\Server\rewrite.php(43): require_once('FCPATH\\index.php')
CRITICAL - 2022-09-20 17:58:13 --> Attempt to read property "CNS_DATA" on array
in APPPATH\Views\consulta\detail.php on line 117.
 1 APPPATH\Views\consulta\detail.php(117): CodeIgniter\Debug\Exceptions->errorHandler(2, 'Attempt to read property "CNS_DATA" on array', 'APPPATH\\Views\\consulta\\detail.php', 117)
 2 SYSTEMPATH\View\View.php(213): include('APPPATH\\Views\\consulta\\detail.php')
 3 SYSTEMPATH\View\View.php(216): CodeIgniter\View\View->CodeIgniter\View\{closure}()
 4 SYSTEMPATH\Common.php(1137): CodeIgniter\View\View->render('/consulta/detail.php', [], true)
 5 APPPATH\Controllers\ConsultaController.php(16): view('/consulta/detail.php', [...])
 6 SYSTEMPATH\CodeIgniter.php(898): App\Controllers\ConsultaController->detalhar('1')
 7 SYSTEMPATH\CodeIgniter.php(457): CodeIgniter\CodeIgniter->runController(Object(App\Controllers\ConsultaController))
 8 SYSTEMPATH\CodeIgniter.php(340): CodeIgniter\CodeIgniter->handleRequest(null, Object(Config\Cache), false)
 9 FCPATH\index.php(67): CodeIgniter\CodeIgniter->run()
10 SYSTEMPATH\Commands\Server\rewrite.php(43): require_once('FCPATH\\index.php')
CRITICAL - 2022-09-20 17:58:52 --> Attempt to read property "CNS_ID" on array
in APPPATH\Views\consulta\detail.php on line 141.
 1 APPPATH\Views\consulta\detail.php(141): CodeIgniter\Debug\Exceptions->errorHandler(2, 'Attempt to read property "CNS_ID" on array', 'APPPATH\\Views\\consulta\\detail.php', 141)
 2 SYSTEMPATH\View\View.php(213): include('APPPATH\\Views\\consulta\\detail.php')
 3 SYSTEMPATH\View\View.php(216): CodeIgniter\View\View->CodeIgniter\View\{closure}()
 4 SYSTEMPATH\Common.php(1137): CodeIgniter\View\View->render('/consulta/detail.php', [], true)
 5 APPPATH\Controllers\ConsultaController.php(16): view('/consulta/detail.php', [...])
 6 SYSTEMPATH\CodeIgniter.php(898): App\Controllers\ConsultaController->detalhar('1')
 7 SYSTEMPATH\CodeIgniter.php(457): CodeIgniter\CodeIgniter->runController(Object(App\Controllers\ConsultaController))
 8 SYSTEMPATH\CodeIgniter.php(340): CodeIgniter\CodeIgniter->handleRequest(null, Object(Config\Cache), false)
 9 FCPATH\index.php(67): CodeIgniter\CodeIgniter->run()
10 SYSTEMPATH\Commands\Server\rewrite.php(43): require_once('FCPATH\\index.php')
CRITICAL - 2022-09-20 17:59:54 --> Undefined variable $funcionarios
in APPPATH\Views\consulta\detail.php on line 140.
 1 APPPATH\Views\consulta\detail.php(140): CodeIgniter\Debug\Exceptions->errorHandler(2, 'Undefined variable $funcionarios', 'APPPATH\\Views\\consulta\\detail.php', 140)
 2 SYSTEMPATH\View\View.php(213): include('APPPATH\\Views\\consulta\\detail.php')
 3 SYSTEMPATH\View\View.php(216): CodeIgniter\View\View->CodeIgniter\View\{closure}()
 4 SYSTEMPATH\Common.php(1137): CodeIgniter\View\View->render('/consulta/detail.php', [], true)
 5 APPPATH\Controllers\ConsultaController.php(16): view('/consulta/detail.php', [...])
 6 SYSTEMPATH\CodeIgniter.php(898): App\Controllers\ConsultaController->detalhar('1')
 7 SYSTEMPATH\CodeIgniter.php(457): CodeIgniter\CodeIgniter->runController(Object(App\Controllers\ConsultaController))
 8 SYSTEMPATH\CodeIgniter.php(340): CodeIgniter\CodeIgniter->handleRequest(null, Object(Config\Cache), false)
 9 FCPATH\index.php(67): CodeIgniter\CodeIgniter->run()
10 SYSTEMPATH\Commands\Server\rewrite.php(43): require_once('FCPATH\\index.php')
CRITICAL - 2022-09-20 18:12:07 --> Class "Public\Assets\Vendor\Tcpdf" not found
in APPPATH\Views\prescricoes\list.php on line 10.
 1 SYSTEMPATH\View\View.php(213): include()
 2 SYSTEMPATH\View\View.php(216): CodeIgniter\View\View->CodeIgniter\View\{closure}()
 3 SYSTEMPATH\Common.php(1137): CodeIgniter\View\View->render('/prescricoes/list.php', [], true)
 4 APPPATH\Controllers\PrescricoesController.php(18): view('/prescricoes/list.php')
 5 SYSTEMPATH\CodeIgniter.php(898): App\Controllers\PrescricoesController->listagem()
 6 SYSTEMPATH\CodeIgniter.php(457): CodeIgniter\CodeIgniter->runController(Object(App\Controllers\PrescricoesController))
 7 SYSTEMPATH\CodeIgniter.php(340): CodeIgniter\CodeIgniter->handleRequest(null, Object(Config\Cache), false)
 8 FCPATH\index.php(67): CodeIgniter\CodeIgniter->run()
 9 SYSTEMPATH\Commands\Server\rewrite.php(43): require_once('FCPATH\\index.php')
CRITICAL - 2022-09-20 18:22:40 --> Class "Assets\vendor\tcpdf" not found
in APPPATH\Views\prescricoes\list.php on line 10.
 1 SYSTEMPATH\View\View.php(213): include()
 2 SYSTEMPATH\View\View.php(216): CodeIgniter\View\View->CodeIgniter\View\{closure}()
 3 SYSTEMPATH\Common.php(1137): CodeIgniter\View\View->render('/prescricoes/list.php', [], true)
 4 APPPATH\Controllers\PrescricoesController.php(18): view('/prescricoes/list.php')
 5 SYSTEMPATH\CodeIgniter.php(898): App\Controllers\PrescricoesController->listagem()
 6 SYSTEMPATH\CodeIgniter.php(457): CodeIgniter\CodeIgniter->runController(Object(App\Controllers\PrescricoesController))
 7 SYSTEMPATH\CodeIgniter.php(340): CodeIgniter\CodeIgniter->handleRequest(null, Object(Config\Cache), false)
 8 FCPATH\index.php(67): CodeIgniter\CodeIgniter->run()
 9 SYSTEMPATH\Commands\Server\rewrite.php(43): require_once('FCPATH\\index.php')
CRITICAL - 2022-09-20 18:29:48 --> Class "TCPDF" not found
in APPPATH\Views\prescricoes\list.php on line 11.
 1 SYSTEMPATH\View\View.php(213): include()
 2 SYSTEMPATH\View\View.php(216): CodeIgniter\View\View->CodeIgniter\View\{closure}()
 3 SYSTEMPATH\Common.php(1137): CodeIgniter\View\View->render('/prescricoes/list.php', [], true)
 4 APPPATH\Controllers\PrescricoesController.php(18): view('/prescricoes/list.php')
 5 SYSTEMPATH\CodeIgniter.php(898): App\Controllers\PrescricoesController->listagem()
 6 SYSTEMPATH\CodeIgniter.php(457): CodeIgniter\CodeIgniter->runController(Object(App\Controllers\PrescricoesController))
 7 SYSTEMPATH\CodeIgniter.php(340): CodeIgniter\CodeIgniter->handleRequest(null, Object(Config\Cache), false)
 8 FCPATH\index.php(67): CodeIgniter\CodeIgniter->run()
 9 SYSTEMPATH\Commands\Server\rewrite.php(43): require_once('FCPATH\\index.php')
CRITICAL - 2022-09-20 18:30:50 --> Object of class TCPDF could not be converted to string
in APPPATH\Views\prescricoes\list.php on line 12.
 1 SYSTEMPATH\View\View.php(213): include()
 2 SYSTEMPATH\View\View.php(216): CodeIgniter\View\View->CodeIgniter\View\{closure}()
 3 SYSTEMPATH\Common.php(1137): CodeIgniter\View\View->render('/prescricoes/list.php', [], true)
 4 APPPATH\Controllers\PrescricoesController.php(18): view('/prescricoes/list.php')
 5 SYSTEMPATH\CodeIgniter.php(898): App\Controllers\PrescricoesController->listagem()
 6 SYSTEMPATH\CodeIgniter.php(457): CodeIgniter\CodeIgniter->runController(Object(App\Controllers\PrescricoesController))
 7 SYSTEMPATH\CodeIgniter.php(340): CodeIgniter\CodeIgniter->handleRequest(null, Object(Config\Cache), false)
 8 FCPATH\index.php(67): CodeIgniter\CodeIgniter->run()
 9 SYSTEMPATH\Commands\Server\rewrite.php(43): require_once('FCPATH\\index.php')
CRITICAL - 2022-09-20 18:31:15 --> Class "RemedioPrescricoes" not found
in APPPATH\Views\prescricoes\list.php on line 32.
 1 SYSTEMPATH\View\View.php(213): include()
 2 SYSTEMPATH\View\View.php(216): CodeIgniter\View\View->CodeIgniter\View\{closure}()
 3 SYSTEMPATH\Common.php(1137): CodeIgniter\View\View->render('/prescricoes/list.php', [], true)
 4 APPPATH\Controllers\PrescricoesController.php(18): view('/prescricoes/list.php')
 5 SYSTEMPATH\CodeIgniter.php(898): App\Controllers\PrescricoesController->listagem()
 6 SYSTEMPATH\CodeIgniter.php(457): CodeIgniter\CodeIgniter->runController(Object(App\Controllers\PrescricoesController))
 7 SYSTEMPATH\CodeIgniter.php(340): CodeIgniter\CodeIgniter->handleRequest(null, Object(Config\Cache), false)
 8 FCPATH\index.php(67): CodeIgniter\CodeIgniter->run()
 9 SYSTEMPATH\Commands\Server\rewrite.php(43): require_once('FCPATH\\index.php')
CRITICAL - 2022-09-20 18:32:59 --> Class "RemedioPrescricoes" not found
in APPPATH\Views\prescricoes\list.php on line 32.
 1 SYSTEMPATH\View\View.php(213): include()
 2 SYSTEMPATH\View\View.php(216): CodeIgniter\View\View->CodeIgniter\View\{closure}()
 3 SYSTEMPATH\Common.php(1137): CodeIgniter\View\View->render('/prescricoes/list.php', [], true)
 4 APPPATH\Controllers\PrescricoesController.php(18): view('/prescricoes/list.php')
 5 SYSTEMPATH\CodeIgniter.php(898): App\Controllers\PrescricoesController->listagem()
 6 SYSTEMPATH\CodeIgniter.php(457): CodeIgniter\CodeIgniter->runController(Object(App\Controllers\PrescricoesController))
 7 SYSTEMPATH\CodeIgniter.php(340): CodeIgniter\CodeIgniter->handleRequest(null, Object(Config\Cache), false)
 8 FCPATH\index.php(67): CodeIgniter\CodeIgniter->run()
 9 SYSTEMPATH\Commands\Server\rewrite.php(43): require_once('FCPATH\\index.php')
CRITICAL - 2022-09-20 18:33:09 --> Class "PrescricoesModel" not found
in APPPATH\Views\prescricoes\list.php on line 34.
 1 SYSTEMPATH\View\View.php(213): include()
 2 SYSTEMPATH\View\View.php(216): CodeIgniter\View\View->CodeIgniter\View\{closure}()
 3 SYSTEMPATH\Common.php(1137): CodeIgniter\View\View->render('/prescricoes/list.php', [], true)
 4 APPPATH\Controllers\PrescricoesController.php(18): view('/prescricoes/list.php')
 5 SYSTEMPATH\CodeIgniter.php(898): App\Controllers\PrescricoesController->listagem()
 6 SYSTEMPATH\CodeIgniter.php(457): CodeIgniter\CodeIgniter->runController(Object(App\Controllers\PrescricoesController))
 7 SYSTEMPATH\CodeIgniter.php(340): CodeIgniter\CodeIgniter->handleRequest(null, Object(Config\Cache), false)
 8 FCPATH\index.php(67): CodeIgniter\CodeIgniter->run()
 9 SYSTEMPATH\Commands\Server\rewrite.php(43): require_once('FCPATH\\index.php')
CRITICAL - 2022-09-20 18:33:56 --> Class "App\Entities\PrescricoesModel" not found
in APPPATH\Views\prescricoes\list.php on line 39.
 1 SYSTEMPATH\View\View.php(213): include()
 2 SYSTEMPATH\View\View.php(216): CodeIgniter\View\View->CodeIgniter\View\{closure}()
 3 SYSTEMPATH\Common.php(1137): CodeIgniter\View\View->render('/prescricoes/list.php', [], true)
 4 APPPATH\Controllers\PrescricoesController.php(18): view('/prescricoes/list.php')
 5 SYSTEMPATH\CodeIgniter.php(898): App\Controllers\PrescricoesController->listagem()
 6 SYSTEMPATH\CodeIgniter.php(457): CodeIgniter\CodeIgniter->runController(Object(App\Controllers\PrescricoesController))
 7 SYSTEMPATH\CodeIgniter.php(340): CodeIgniter\CodeIgniter->handleRequest(null, Object(Config\Cache), false)
 8 FCPATH\index.php(67): CodeIgniter\CodeIgniter->run()
 9 SYSTEMPATH\Commands\Server\rewrite.php(43): require_once('FCPATH\\index.php')
CRITICAL - 2022-09-20 18:34:42 --> Class "App\Model\PrescricoesModel" not found
in APPPATH\Views\prescricoes\list.php on line 39.
 1 SYSTEMPATH\View\View.php(213): include()
 2 SYSTEMPATH\View\View.php(216): CodeIgniter\View\View->CodeIgniter\View\{closure}()
 3 SYSTEMPATH\Common.php(1137): CodeIgniter\View\View->render('/prescricoes/list.php', [], true)
 4 APPPATH\Controllers\PrescricoesController.php(18): view('/prescricoes/list.php')
 5 SYSTEMPATH\CodeIgniter.php(898): App\Controllers\PrescricoesController->listagem()
 6 SYSTEMPATH\CodeIgniter.php(457): CodeIgniter\CodeIgniter->runController(Object(App\Controllers\PrescricoesController))
 7 SYSTEMPATH\CodeIgniter.php(340): CodeIgniter\CodeIgniter->handleRequest(null, Object(Config\Cache), false)
 8 FCPATH\index.php(67): CodeIgniter\CodeIgniter->run()
 9 SYSTEMPATH\Commands\Server\rewrite.php(43): require_once('FCPATH\\index.php')
CRITICAL - 2022-09-20 22:23:04 --> Invalid file: /consulta/list_patient.php
in SYSTEMPATH\Exceptions\FrameworkException.php on line 33.
 1 SYSTEMPATH\View\View.php(201): CodeIgniter\Exceptions\FrameworkException::forInvalidFile('/consulta/list_patient.php')
 2 SYSTEMPATH\Common.php(1137): CodeIgniter\View\View->render('/consulta/list_patient.php', [], true)
 3 APPPATH\Controllers\ConsultaController.php(20): view('/consulta/list_patient.php')
 4 SYSTEMPATH\CodeIgniter.php(898): App\Controllers\ConsultaController->listagem_paciente()
 5 SYSTEMPATH\CodeIgniter.php(457): CodeIgniter\CodeIgniter->runController(Object(App\Controllers\ConsultaController))
 6 SYSTEMPATH\CodeIgniter.php(340): CodeIgniter\CodeIgniter->handleRequest(null, Object(Config\Cache), false)
 7 FCPATH\index.php(67): CodeIgniter\CodeIgniter->run()
 8 SYSTEMPATH\Commands\Server\rewrite.php(43): require_once('FCPATH\\index.php')
CRITICAL - 2022-09-20 22:24:50 --> Class "TCPDF" not found
in APPPATH\Views\prescricoes\list.php on line 16.
 1 SYSTEMPATH\View\View.php(213): include()
 2 SYSTEMPATH\View\View.php(216): CodeIgniter\View\View->CodeIgniter\View\{closure}()
 3 SYSTEMPATH\Common.php(1137): CodeIgniter\View\View->render('/prescricoes/list.php', [], true)
 4 APPPATH\Controllers\PrescricoesController.php(18): view('/prescricoes/list.php')
 5 SYSTEMPATH\CodeIgniter.php(898): App\Controllers\PrescricoesController->listagem()
 6 SYSTEMPATH\CodeIgniter.php(457): CodeIgniter\CodeIgniter->runController(Object(App\Controllers\PrescricoesController))
 7 SYSTEMPATH\CodeIgniter.php(340): CodeIgniter\CodeIgniter->handleRequest(null, Object(Config\Cache), false)
 8 FCPATH\index.php(67): CodeIgniter\CodeIgniter->run()
 9 SYSTEMPATH\Commands\Server\rewrite.php(43): require_once('FCPATH\\index.php')
CRITICAL - 2022-09-20 22:28:08 --> Class "App\Libraries\Tcpdf" not found
in APPPATH\Views\prescricoes\list.php on line 17.
 1 SYSTEMPATH\View\View.php(213): include()
 2 SYSTEMPATH\View\View.php(216): CodeIgniter\View\View->CodeIgniter\View\{closure}()
 3 SYSTEMPATH\Common.php(1137): CodeIgniter\View\View->render('/prescricoes/list.php', [], true)
 4 APPPATH\Controllers\PrescricoesController.php(18): view('/prescricoes/list.php')
 5 SYSTEMPATH\CodeIgniter.php(898): App\Controllers\PrescricoesController->listagem()
 6 SYSTEMPATH\CodeIgniter.php(457): CodeIgniter\CodeIgniter->runController(Object(App\Controllers\PrescricoesController))
 7 SYSTEMPATH\CodeIgniter.php(340): CodeIgniter\CodeIgniter->handleRequest(null, Object(Config\Cache), false)
 8 FCPATH\index.php(67): CodeIgniter\CodeIgniter->run()
 9 SYSTEMPATH\Commands\Server\rewrite.php(43): require_once('FCPATH\\index.php')
CRITICAL - 2022-09-20 22:28:27 --> Class "app\Libraries\tcpdf" not found
in APPPATH\Views\prescricoes\list.php on line 17.
 1 SYSTEMPATH\View\View.php(213): include()
 2 SYSTEMPATH\View\View.php(216): CodeIgniter\View\View->CodeIgniter\View\{closure}()
 3 SYSTEMPATH\Common.php(1137): CodeIgniter\View\View->render('/prescricoes/list.php', [], true)
 4 APPPATH\Controllers\PrescricoesController.php(18): view('/prescricoes/list.php')
 5 SYSTEMPATH\CodeIgniter.php(898): App\Controllers\PrescricoesController->listagem()
 6 SYSTEMPATH\CodeIgniter.php(457): CodeIgniter\CodeIgniter->runController(Object(App\Controllers\PrescricoesController))
 7 SYSTEMPATH\CodeIgniter.php(340): CodeIgniter\CodeIgniter->handleRequest(null, Object(Config\Cache), false)
 8 FCPATH\index.php(67): CodeIgniter\CodeIgniter->run()
 9 SYSTEMPATH\Commands\Server\rewrite.php(43): require_once('FCPATH\\index.php')
CRITICAL - 2022-09-20 22:28:46 --> Class "TCPDF" not found
in APPPATH\Views\prescricoes\list.php on line 16.
 1 SYSTEMPATH\View\View.php(213): include()
 2 SYSTEMPATH\View\View.php(216): CodeIgniter\View\View->CodeIgniter\View\{closure}()
 3 SYSTEMPATH\Common.php(1137): CodeIgniter\View\View->render('/prescricoes/list.php', [], true)
 4 APPPATH\Controllers\PrescricoesController.php(18): view('/prescricoes/list.php')
 5 SYSTEMPATH\CodeIgniter.php(898): App\Controllers\PrescricoesController->listagem()
 6 SYSTEMPATH\CodeIgniter.php(457): CodeIgniter\CodeIgniter->runController(Object(App\Controllers\PrescricoesController))
 7 SYSTEMPATH\CodeIgniter.php(340): CodeIgniter\CodeIgniter->handleRequest(null, Object(Config\Cache), false)
 8 FCPATH\index.php(67): CodeIgniter\CodeIgniter->run()
 9 SYSTEMPATH\Commands\Server\rewrite.php(43): require_once('FCPATH\\index.php')
CRITICAL - 2022-09-20 22:29:24 --> Class "App\Model\PrescricoesModel" not found
in APPPATH\Views\prescricoes\list.php on line 39.
 1 SYSTEMPATH\View\View.php(213): include()
 2 SYSTEMPATH\View\View.php(216): CodeIgniter\View\View->CodeIgniter\View\{closure}()
 3 SYSTEMPATH\Common.php(1137): CodeIgniter\View\View->render('/prescricoes/list.php', [], true)
 4 APPPATH\Controllers\PrescricoesController.php(18): view('/prescricoes/list.php')
 5 SYSTEMPATH\CodeIgniter.php(898): App\Controllers\PrescricoesController->listagem()
 6 SYSTEMPATH\CodeIgniter.php(457): CodeIgniter\CodeIgniter->runController(Object(App\Controllers\PrescricoesController))
 7 SYSTEMPATH\CodeIgniter.php(340): CodeIgniter\CodeIgniter->handleRequest(null, Object(Config\Cache), false)
 8 FCPATH\index.php(67): CodeIgniter\CodeIgniter->run()
 9 SYSTEMPATH\Commands\Server\rewrite.php(43): require_once('FCPATH\\index.php')
CRITICAL - 2022-09-20 22:30:42 --> Class "PacienteModel" not found
in APPPATH\Views\prescricoes\list.php on line 41.
 1 SYSTEMPATH\View\View.php(213): include()
 2 SYSTEMPATH\View\View.php(216): CodeIgniter\View\View->CodeIgniter\View\{closure}()
 3 SYSTEMPATH\Common.php(1137): CodeIgniter\View\View->render('/prescricoes/list.php', [], true)
 4 APPPATH\Controllers\PrescricoesController.php(18): view('/prescricoes/list.php')
 5 SYSTEMPATH\CodeIgniter.php(898): App\Controllers\PrescricoesController->listagem()
 6 SYSTEMPATH\CodeIgniter.php(457): CodeIgniter\CodeIgniter->runController(Object(App\Controllers\PrescricoesController))
 7 SYSTEMPATH\CodeIgniter.php(340): CodeIgniter\CodeIgniter->handleRequest(null, Object(Config\Cache), false)
 8 FCPATH\index.php(67): CodeIgniter\CodeIgniter->run()
 9 SYSTEMPATH\Commands\Server\rewrite.php(43): require_once('FCPATH\\index.php')
ERROR - 2022-09-20 22:32:36 --> Error connecting to the database: mysqli_sql_exception: Nenhuma conexão pôde ser feita porque a máquina de destino as recusou ativamente in C:\Users\Webster Dias Wolak\Desktop\Documentos\IFSP\PIDC\SVN-PIDC-Webster\desenvolvimento\comum\Sprint-int01\system\Database\MySQLi\Connection.php:171
Stack trace:
#0 C:\Users\Webster Dias Wolak\Desktop\Documentos\IFSP\PIDC\SVN-PIDC-Webster\desenvolvimento\comum\Sprint-int01\system\Database\MySQLi\Connection.php(171): mysqli->real_connect('localhost', 'root', '', 'omnimed', 3306, '', 0)
#1 C:\Users\Webster Dias Wolak\Desktop\Documentos\IFSP\PIDC\SVN-PIDC-Webster\desenvolvimento\comum\Sprint-int01\system\Database\BaseConnection.php(382): CodeIgniter\Database\MySQLi\Connection->connect(false)
#2 C:\Users\Webster Dias Wolak\Desktop\Documentos\IFSP\PIDC\SVN-PIDC-Webster\desenvolvimento\comum\Sprint-int01\system\Database\BaseConnection.php(588): CodeIgniter\Database\BaseConnection->initialize()
#3 C:\Users\Webster Dias Wolak\Desktop\Documentos\IFSP\PIDC\SVN-PIDC-Webster\desenvolvimento\comum\Sprint-int01\system\Database\BaseBuilder.php(1585): CodeIgniter\Database\BaseConnection->query('SELECT *\nFROM `...', Array, false)
#4 C:\Users\Webster Dias Wolak\Desktop\Documentos\IFSP\PIDC\SVN-PIDC-Webster\desenvolvimento\comum\Sprint-int01\system\Model.php(181): CodeIgniter\Database\BaseBuilder->get()
#5 C:\Users\Webster Dias Wolak\Desktop\Documentos\IFSP\PIDC\SVN-PIDC-Webster\desenvolvimento\comum\Sprint-int01\system\BaseModel.php(523): CodeIgniter\Model->doFind(true, 1)
#6 C:\Users\Webster Dias Wolak\Desktop\Documentos\IFSP\PIDC\SVN-PIDC-Webster\desenvolvimento\comum\Sprint-int01\app\Views\prescricoes\list.php(45): CodeIgniter\BaseModel->find(1)
#7 C:\Users\Webster Dias Wolak\Desktop\Documentos\IFSP\PIDC\SVN-PIDC-Webster\desenvolvimento\comum\Sprint-int01\system\View\View.php(213): include('C:\\Users\\Webste...')
#8 C:\Users\Webster Dias Wolak\Desktop\Documentos\IFSP\PIDC\SVN-PIDC-Webster\desenvolvimento\comum\Sprint-int01\system\View\View.php(216): CodeIgniter\View\View->CodeIgniter\View\{closure}()
#9 C:\Users\Webster Dias Wolak\Desktop\Documentos\IFSP\PIDC\SVN-PIDC-Webster\desenvolvimento\comum\Sprint-int01\system\Common.php(1137): CodeIgniter\View\View->render('/prescricoes/li...', Array, true)
#10 C:\Users\Webster Dias Wolak\Desktop\Documentos\IFSP\PIDC\SVN-PIDC-Webster\desenvolvimento\comum\Sprint-int01\app\Controllers\PrescricoesController.php(18): view('/prescricoes/li...')
#11 C:\Users\Webster Dias Wolak\Desktop\Documentos\IFSP\PIDC\SVN-PIDC-Webster\desenvolvimento\comum\Sprint-int01\system\CodeIgniter.php(898): App\Controllers\PrescricoesController->listagem()
#12 C:\Users\Webster Dias Wolak\Desktop\Documentos\IFSP\PIDC\SVN-PIDC-Webster\desenvolvimento\comum\Sprint-int01\system\CodeIgniter.php(457): CodeIgniter\CodeIgniter->runController(Object(App\Controllers\PrescricoesController))
#13 C:\Users\Webster Dias Wolak\Desktop\Documentos\IFSP\PIDC\SVN-PIDC-Webster\desenvolvimento\comum\Sprint-int01\system\CodeIgniter.php(340): CodeIgniter\CodeIgniter->handleRequest(NULL, Object(Config\Cache), false)
#14 C:\Users\Webster Dias Wolak\Desktop\Documentos\IFSP\PIDC\SVN-PIDC-Webster\desenvolvimento\comum\Sprint-int01\public\index.php(67): CodeIgniter\CodeIgniter->run()
#15 C:\Users\Webster Dias Wolak\Desktop\Documentos\IFSP\PIDC\SVN-PIDC-Webster\desenvolvimento\comum\Sprint-int01\system\Commands\Server\rewrite.php(43): require_once('C:\\Users\\Webste...')
#16 {main}

Next CodeIgniter\Database\Exceptions\DatabaseException: Nenhuma conexão pôde ser feita porque a máquina de destino as recusou ativamente in C:\Users\Webster Dias Wolak\Desktop\Documentos\IFSP\PIDC\SVN-PIDC-Webster\desenvolvimento\comum\Sprint-int01\system\Database\MySQLi\Connection.php:215
Stack trace:
#0 C:\Users\Webster Dias Wolak\Desktop\Documentos\IFSP\PIDC\SVN-PIDC-Webster\desenvolvimento\comum\Sprint-int01\system\Database\BaseConnection.php(382): CodeIgniter\Database\MySQLi\Connection->connect(false)
#1 C:\Users\Webster Dias Wolak\Desktop\Documentos\IFSP\PIDC\SVN-PIDC-Webster\desenvolvimento\comum\Sprint-int01\system\Database\BaseConnection.php(588): CodeIgniter\Database\BaseConnection->initialize()
#2 C:\Users\Webster Dias Wolak\Desktop\Documentos\IFSP\PIDC\SVN-PIDC-Webster\desenvolvimento\comum\Sprint-int01\system\Database\BaseBuilder.php(1585): CodeIgniter\Database\BaseConnection->query('SELECT *\nFROM `...', Array, false)
#3 C:\Users\Webster Dias Wolak\Desktop\Documentos\IFSP\PIDC\SVN-PIDC-Webster\desenvolvimento\comum\Sprint-int01\system\Model.php(181): CodeIgniter\Database\BaseBuilder->get()
#4 C:\Users\Webster Dias Wolak\Desktop\Documentos\IFSP\PIDC\SVN-PIDC-Webster\desenvolvimento\comum\Sprint-int01\system\BaseModel.php(523): CodeIgniter\Model->doFind(true, 1)
#5 C:\Users\Webster Dias Wolak\Desktop\Documentos\IFSP\PIDC\SVN-PIDC-Webster\desenvolvimento\comum\Sprint-int01\app\Views\prescricoes\list.php(45): CodeIgniter\BaseModel->find(1)
#6 C:\Users\Webster Dias Wolak\Desktop\Documentos\IFSP\PIDC\SVN-PIDC-Webster\desenvolvimento\comum\Sprint-int01\system\View\View.php(213): include('C:\\Users\\Webste...')
#7 C:\Users\Webster Dias Wolak\Desktop\Documentos\IFSP\PIDC\SVN-PIDC-Webster\desenvolvimento\comum\Sprint-int01\system\View\View.php(216): CodeIgniter\View\View->CodeIgniter\View\{closure}()
#8 C:\Users\Webster Dias Wolak\Desktop\Documentos\IFSP\PIDC\SVN-PIDC-Webster\desenvolvimento\comum\Sprint-int01\system\Common.php(1137): CodeIgniter\View\View->render('/prescricoes/li...', Array, true)
#9 C:\Users\Webster Dias Wolak\Desktop\Documentos\IFSP\PIDC\SVN-PIDC-Webster\desenvolvimento\comum\Sprint-int01\app\Controllers\PrescricoesController.php(18): view('/prescricoes/li...')
#10 C:\Users\Webster Dias Wolak\Desktop\Documentos\IFSP\PIDC\SVN-PIDC-Webster\desenvolvimento\comum\Sprint-int01\system\CodeIgniter.php(898): App\Controllers\PrescricoesController->listagem()
#11 C:\Users\Webster Dias Wolak\Desktop\Documentos\IFSP\PIDC\SVN-PIDC-Webster\desenvolvimento\comum\Sprint-int01\system\CodeIgniter.php(457): CodeIgniter\CodeIgniter->runController(Object(App\Controllers\PrescricoesController))
#12 C:\Users\Webster Dias Wolak\Desktop\Documentos\IFSP\PIDC\SVN-PIDC-Webster\desenvolvimento\comum\Sprint-int01\system\CodeIgniter.php(340): CodeIgniter\CodeIgniter->handleRequest(NULL, Object(Config\Cache), false)
#13 C:\Users\Webster Dias Wolak\Desktop\Documentos\IFSP\PIDC\SVN-PIDC-Webster\desenvolvimento\comum\Sprint-int01\public\index.php(67): CodeIgniter\CodeIgniter->run()
#14 C:\Users\Webster Dias Wolak\Desktop\Documentos\IFSP\PIDC\SVN-PIDC-Webster\desenvolvimento\comum\Sprint-int01\system\Commands\Server\rewrite.php(43): require_once('C:\\Users\\Webste...')
#15 {main}
CRITICAL - 2022-09-20 22:32:36 --> Unable to connect to the database.
Main connection [MySQLi]: Nenhuma conexão pôde ser feita porque a máquina de destino as recusou ativamente
in SYSTEMPATH\Database\BaseConnection.php on line 418.
 1 SYSTEMPATH\Database\BaseConnection.php(588): CodeIgniter\Database\BaseConnection->initialize()
 2 SYSTEMPATH\Database\BaseBuilder.php(1585): CodeIgniter\Database\BaseConnection->query('SELECT *
FROM `prescricoes`
WHERE `prescricoes`.`PRC_ID` = :prescricoes.PRC_ID:', [...], false)
 3 SYSTEMPATH\Model.php(181): CodeIgniter\Database\BaseBuilder->get()
 4 SYSTEMPATH\BaseModel.php(523): CodeIgniter\Model->doFind(true, 1)
 5 APPPATH\Views\prescricoes\list.php(45): CodeIgniter\BaseModel->find(1)
 6 SYSTEMPATH\View\View.php(213): include('APPPATH\\Views\\prescricoes\\list.php')
 7 SYSTEMPATH\View\View.php(216): CodeIgniter\View\View->CodeIgniter\View\{closure}()
 8 SYSTEMPATH\Common.php(1137): CodeIgniter\View\View->render('/prescricoes/list.php', [], true)
 9 APPPATH\Controllers\PrescricoesController.php(18): view('/prescricoes/list.php')
10 SYSTEMPATH\CodeIgniter.php(898): App\Controllers\PrescricoesController->listagem()
11 SYSTEMPATH\CodeIgniter.php(457): CodeIgniter\CodeIgniter->runController(Object(App\Controllers\PrescricoesController))
12 SYSTEMPATH\CodeIgniter.php(340): CodeIgniter\CodeIgniter->handleRequest(null, Object(Config\Cache), false)
13 FCPATH\index.php(67): CodeIgniter\CodeIgniter->run()
14 SYSTEMPATH\Commands\Server\rewrite.php(43): require_once('FCPATH\\index.php')
CRITICAL - 2022-09-20 22:34:48 --> Undefined variable $medicamentos
in APPPATH\Views\prescricoes\list.php on line 63.
 1 APPPATH\Views\prescricoes\list.php(63): CodeIgniter\Debug\Exceptions->errorHandler(2, 'Undefined variable $medicamentos', 'APPPATH\\Views\\prescricoes\\list.php', 63)
 2 SYSTEMPATH\View\View.php(213): include('APPPATH\\Views\\prescricoes\\list.php')
 3 SYSTEMPATH\View\View.php(216): CodeIgniter\View\View->CodeIgniter\View\{closure}()
 4 SYSTEMPATH\Common.php(1137): CodeIgniter\View\View->render('/prescricoes/list.php', [], true)
 5 APPPATH\Controllers\PrescricoesController.php(18): view('/prescricoes/list.php')
 6 SYSTEMPATH\CodeIgniter.php(898): App\Controllers\PrescricoesController->listagem()
 7 SYSTEMPATH\CodeIgniter.php(457): CodeIgniter\CodeIgniter->runController(Object(App\Controllers\PrescricoesController))
 8 SYSTEMPATH\CodeIgniter.php(340): CodeIgniter\CodeIgniter->handleRequest(null, Object(Config\Cache), false)
 9 FCPATH\index.php(67): CodeIgniter\CodeIgniter->run()
10 SYSTEMPATH\Commands\Server\rewrite.php(43): require_once('FCPATH\\index.php')
CRITICAL - 2022-09-20 23:19:54 --> Undefined variable $medicamentos
in APPPATH\Views\prescricoes\list.php on line 64.
 1 APPPATH\Views\prescricoes\list.php(64): CodeIgniter\Debug\Exceptions->errorHandler(2, 'Undefined variable $medicamentos', 'APPPATH\\Views\\prescricoes\\list.php', 64)
 2 SYSTEMPATH\View\View.php(213): include('APPPATH\\Views\\prescricoes\\list.php')
 3 SYSTEMPATH\View\View.php(216): CodeIgniter\View\View->CodeIgniter\View\{closure}()
 4 SYSTEMPATH\Common.php(1137): CodeIgniter\View\View->render('/prescricoes/list.php', [], true)
 5 APPPATH\Controllers\PrescricoesController.php(18): view('/prescricoes/list.php')
 6 SYSTEMPATH\CodeIgniter.php(898): App\Controllers\PrescricoesController->listagem()
 7 SYSTEMPATH\CodeIgniter.php(457): CodeIgniter\CodeIgniter->runController(Object(App\Controllers\PrescricoesController))
 8 SYSTEMPATH\CodeIgniter.php(340): CodeIgniter\CodeIgniter->handleRequest(null, Object(Config\Cache), false)
 9 FCPATH\index.php(67): CodeIgniter\CodeIgniter->run()
10 SYSTEMPATH\Commands\Server\rewrite.php(43): require_once('FCPATH\\index.php')
>>>>>>> .r823
