CRITICAL - 2022-08-29 00:04:03 --> Undefined array key "USC_HASH_REC"
in APPPATH\Controllers\EmailController.php on line 118.
 1 APPPATH\Controllers\EmailController.php(118): CodeIgniter\Debug\Exceptions->errorHandler(2, 'Undefined array key "USC_HASH_REC"', 'APPPATH\\Controllers\\EmailController.php', 118)
 2 SYSTEMPATH\CodeIgniter.php(898): App\Controllers\EmailController->envioRecuperar()
 3 SYSTEMPATH\CodeIgniter.php(457): CodeIgniter\CodeIgniter->runController(Object(App\Controllers\EmailController))
 4 SYSTEMPATH\CodeIgniter.php(340): CodeIgniter\CodeIgniter->handleRequest(null, Object(Config\Cache), false)
 5 FCPATH\index.php(67): CodeIgniter\CodeIgniter->run()
 6 SYSTEMPATH\Commands\Server\rewrite.php(43): require_once('FCPATH\\index.php')
CRITICAL - 2022-08-29 00:04:07 --> Undefined array key "USC_HASH_REC"
in APPPATH\Controllers\EmailController.php on line 118.
 1 APPPATH\Controllers\EmailController.php(118): CodeIgniter\Debug\Exceptions->errorHandler(2, 'Undefined array key "USC_HASH_REC"', 'APPPATH\\Controllers\\EmailController.php', 118)
 2 SYSTEMPATH\CodeIgniter.php(898): App\Controllers\EmailController->envioRecuperar()
 3 SYSTEMPATH\CodeIgniter.php(457): CodeIgniter\CodeIgniter->runController(Object(App\Controllers\EmailController))
 4 SYSTEMPATH\CodeIgniter.php(340): CodeIgniter\CodeIgniter->handleRequest(null, Object(Config\Cache), false)
 5 FCPATH\index.php(67): CodeIgniter\CodeIgniter->run()
 6 SYSTEMPATH\Commands\Server\rewrite.php(43): require_once('FCPATH\\index.php')
CRITICAL - 2022-08-29 00:04:33 --> Undefined array key "USC_HASH_REC"
in APPPATH\Controllers\EmailController.php on line 118.
 1 APPPATH\Controllers\EmailController.php(118): CodeIgniter\Debug\Exceptions->errorHandler(2, 'Undefined array key "USC_HASH_REC"', 'APPPATH\\Controllers\\EmailController.php', 118)
 2 SYSTEMPATH\CodeIgniter.php(898): App\Controllers\EmailController->envioRecuperar()
 3 SYSTEMPATH\CodeIgniter.php(457): CodeIgniter\CodeIgniter->runController(Object(App\Controllers\EmailController))
 4 SYSTEMPATH\CodeIgniter.php(340): CodeIgniter\CodeIgniter->handleRequest(null, Object(Config\Cache), false)
 5 FCPATH\index.php(67): CodeIgniter\CodeIgniter->run()
 6 SYSTEMPATH\Commands\Server\rewrite.php(43): require_once('FCPATH\\index.php')
CRITICAL - 2022-08-29 00:05:04 --> Undefined array key "USC_HASH_REC"
in APPPATH\Controllers\EmailController.php on line 119.
 1 APPPATH\Controllers\EmailController.php(119): CodeIgniter\Debug\Exceptions->errorHandler(2, 'Undefined array key "USC_HASH_REC"', 'APPPATH\\Controllers\\EmailController.php', 119)
 2 SYSTEMPATH\CodeIgniter.php(898): App\Controllers\EmailController->envioRecuperar()
 3 SYSTEMPATH\CodeIgniter.php(457): CodeIgniter\CodeIgniter->runController(Object(App\Controllers\EmailController))
 4 SYSTEMPATH\CodeIgniter.php(340): CodeIgniter\CodeIgniter->handleRequest(null, Object(Config\Cache), false)
 5 FCPATH\index.php(67): CodeIgniter\CodeIgniter->run()
 6 SYSTEMPATH\Commands\Server\rewrite.php(43): require_once('FCPATH\\index.php')
CRITICAL - 2022-08-29 00:05:17 --> Undefined array key "USC_HASH_REC"
in APPPATH\Controllers\EmailController.php on line 119.
 1 APPPATH\Controllers\EmailController.php(119): CodeIgniter\Debug\Exceptions->errorHandler(2, 'Undefined array key "USC_HASH_REC"', 'APPPATH\\Controllers\\EmailController.php', 119)
 2 SYSTEMPATH\CodeIgniter.php(898): App\Controllers\EmailController->envioRecuperar()
 3 SYSTEMPATH\CodeIgniter.php(457): CodeIgniter\CodeIgniter->runController(Object(App\Controllers\EmailController))
 4 SYSTEMPATH\CodeIgniter.php(340): CodeIgniter\CodeIgniter->handleRequest(null, Object(Config\Cache), false)
 5 FCPATH\index.php(67): CodeIgniter\CodeIgniter->run()
 6 SYSTEMPATH\Commands\Server\rewrite.php(43): require_once('FCPATH\\index.php')
CRITICAL - 2022-08-29 00:05:38 --> Undefined array key "USC_HASH_REC"
in APPPATH\Controllers\EmailController.php on line 119.
 1 APPPATH\Controllers\EmailController.php(119): CodeIgniter\Debug\Exceptions->errorHandler(2, 'Undefined array key "USC_HASH_REC"', 'APPPATH\\Controllers\\EmailController.php', 119)
 2 SYSTEMPATH\CodeIgniter.php(898): App\Controllers\EmailController->envioRecuperar()
 3 SYSTEMPATH\CodeIgniter.php(457): CodeIgniter\CodeIgniter->runController(Object(App\Controllers\EmailController))
 4 SYSTEMPATH\CodeIgniter.php(340): CodeIgniter\CodeIgniter->handleRequest(null, Object(Config\Cache), false)
 5 FCPATH\index.php(67): CodeIgniter\CodeIgniter->run()
 6 SYSTEMPATH\Commands\Server\rewrite.php(43): require_once('FCPATH\\index.php')
CRITICAL - 2022-08-29 00:05:53 --> Undefined array key "USC_HASH_REC"
in APPPATH\Controllers\EmailController.php on line 119.
 1 APPPATH\Controllers\EmailController.php(119): CodeIgniter\Debug\Exceptions->errorHandler(2, 'Undefined array key "USC_HASH_REC"', 'APPPATH\\Controllers\\EmailController.php', 119)
 2 SYSTEMPATH\CodeIgniter.php(898): App\Controllers\EmailController->envioRecuperar()
 3 SYSTEMPATH\CodeIgniter.php(457): CodeIgniter\CodeIgniter->runController(Object(App\Controllers\EmailController))
 4 SYSTEMPATH\CodeIgniter.php(340): CodeIgniter\CodeIgniter->handleRequest(null, Object(Config\Cache), false)
 5 FCPATH\index.php(67): CodeIgniter\CodeIgniter->run()
 6 SYSTEMPATH\Commands\Server\rewrite.php(43): require_once('FCPATH\\index.php')
CRITICAL - 2022-08-29 00:06:18 --> Undefined array key "USC_HASH_REC"
in APPPATH\Controllers\EmailController.php on line 119.
 1 APPPATH\Controllers\EmailController.php(119): CodeIgniter\Debug\Exceptions->errorHandler(2, 'Undefined array key "USC_HASH_REC"', 'APPPATH\\Controllers\\EmailController.php', 119)
 2 SYSTEMPATH\CodeIgniter.php(898): App\Controllers\EmailController->envioRecuperar()
 3 SYSTEMPATH\CodeIgniter.php(457): CodeIgniter\CodeIgniter->runController(Object(App\Controllers\EmailController))
 4 SYSTEMPATH\CodeIgniter.php(340): CodeIgniter\CodeIgniter->handleRequest(null, Object(Config\Cache), false)
 5 FCPATH\index.php(67): CodeIgniter\CodeIgniter->run()
 6 SYSTEMPATH\Commands\Server\rewrite.php(43): require_once('FCPATH\\index.php')
CRITICAL - 2022-08-29 00:06:39 --> Undefined array key "USC_HASH_REC"
in APPPATH\Controllers\EmailController.php on line 119.
 1 APPPATH\Controllers\EmailController.php(119): CodeIgniter\Debug\Exceptions->errorHandler(2, 'Undefined array key "USC_HASH_REC"', 'APPPATH\\Controllers\\EmailController.php', 119)
 2 SYSTEMPATH\CodeIgniter.php(898): App\Controllers\EmailController->envioRecuperar()
 3 SYSTEMPATH\CodeIgniter.php(457): CodeIgniter\CodeIgniter->runController(Object(App\Controllers\EmailController))
 4 SYSTEMPATH\CodeIgniter.php(340): CodeIgniter\CodeIgniter->handleRequest(null, Object(Config\Cache), false)
 5 FCPATH\index.php(67): CodeIgniter\CodeIgniter->run()
 6 SYSTEMPATH\Commands\Server\rewrite.php(43): require_once('FCPATH\\index.php')
CRITICAL - 2022-08-29 00:08:04 --> Undefined array key "USC_HASH_REC"
in APPPATH\Controllers\EmailController.php on line 119.
 1 APPPATH\Controllers\EmailController.php(119): CodeIgniter\Debug\Exceptions->errorHandler(2, 'Undefined array key "USC_HASH_REC"', 'APPPATH\\Controllers\\EmailController.php', 119)
 2 SYSTEMPATH\CodeIgniter.php(898): App\Controllers\EmailController->envioRecuperar()
 3 SYSTEMPATH\CodeIgniter.php(457): CodeIgniter\CodeIgniter->runController(Object(App\Controllers\EmailController))
 4 SYSTEMPATH\CodeIgniter.php(340): CodeIgniter\CodeIgniter->handleRequest(null, Object(Config\Cache), false)
 5 FCPATH\index.php(67): CodeIgniter\CodeIgniter->run()
 6 SYSTEMPATH\Commands\Server\rewrite.php(43): require_once('FCPATH\\index.php')
CRITICAL - 2022-08-29 00:10:41 --> Undefined array key "USC_HASH_REC"
in APPPATH\Controllers\EmailController.php on line 119.
 1 APPPATH\Controllers\EmailController.php(119): CodeIgniter\Debug\Exceptions->errorHandler(2, 'Undefined array key "USC_HASH_REC"', 'APPPATH\\Controllers\\EmailController.php', 119)
 2 SYSTEMPATH\CodeIgniter.php(898): App\Controllers\EmailController->envioRecuperar()
 3 SYSTEMPATH\CodeIgniter.php(457): CodeIgniter\CodeIgniter->runController(Object(App\Controllers\EmailController))
 4 SYSTEMPATH\CodeIgniter.php(340): CodeIgniter\CodeIgniter->handleRequest(null, Object(Config\Cache), false)
 5 FCPATH\index.php(67): CodeIgniter\CodeIgniter->run()
 6 SYSTEMPATH\Commands\Server\rewrite.php(43): require_once('FCPATH\\index.php')
CRITICAL - 2022-08-29 00:10:50 --> Undefined array key "USC_HASH_REC"
in APPPATH\Controllers\EmailController.php on line 119.
 1 APPPATH\Controllers\EmailController.php(119): CodeIgniter\Debug\Exceptions->errorHandler(2, 'Undefined array key "USC_HASH_REC"', 'APPPATH\\Controllers\\EmailController.php', 119)
 2 SYSTEMPATH\CodeIgniter.php(898): App\Controllers\EmailController->envioRecuperar()
 3 SYSTEMPATH\CodeIgniter.php(457): CodeIgniter\CodeIgniter->runController(Object(App\Controllers\EmailController))
 4 SYSTEMPATH\CodeIgniter.php(340): CodeIgniter\CodeIgniter->handleRequest(null, Object(Config\Cache), false)
 5 FCPATH\index.php(67): CodeIgniter\CodeIgniter->run()
 6 SYSTEMPATH\Commands\Server\rewrite.php(43): require_once('FCPATH\\index.php')
CRITICAL - 2022-08-29 00:11:11 --> Undefined array key "USC_HASH_REC"
in APPPATH\Controllers\EmailController.php on line 119.
 1 APPPATH\Controllers\EmailController.php(119): CodeIgniter\Debug\Exceptions->errorHandler(2, 'Undefined array key "USC_HASH_REC"', 'APPPATH\\Controllers\\EmailController.php', 119)
 2 SYSTEMPATH\CodeIgniter.php(898): App\Controllers\EmailController->envioRecuperar()
 3 SYSTEMPATH\CodeIgniter.php(457): CodeIgniter\CodeIgniter->runController(Object(App\Controllers\EmailController))
 4 SYSTEMPATH\CodeIgniter.php(340): CodeIgniter\CodeIgniter->handleRequest(null, Object(Config\Cache), false)
 5 FCPATH\index.php(67): CodeIgniter\CodeIgniter->run()
 6 SYSTEMPATH\Commands\Server\rewrite.php(43): require_once('FCPATH\\index.php')
CRITICAL - 2022-08-29 00:11:42 --> Undefined array key "USC_HASH_REC"
in APPPATH\Controllers\EmailController.php on line 119.
 1 APPPATH\Controllers\EmailController.php(119): CodeIgniter\Debug\Exceptions->errorHandler(2, 'Undefined array key "USC_HASH_REC"', 'APPPATH\\Controllers\\EmailController.php', 119)
 2 SYSTEMPATH\CodeIgniter.php(898): App\Controllers\EmailController->envioRecuperar()
 3 SYSTEMPATH\CodeIgniter.php(457): CodeIgniter\CodeIgniter->runController(Object(App\Controllers\EmailController))
 4 SYSTEMPATH\CodeIgniter.php(340): CodeIgniter\CodeIgniter->handleRequest(null, Object(Config\Cache), false)
 5 FCPATH\index.php(67): CodeIgniter\CodeIgniter->run()
 6 SYSTEMPATH\Commands\Server\rewrite.php(43): require_once('FCPATH\\index.php')
CRITICAL - 2022-08-29 00:12:17 --> Undefined array key "USC_HASH_REC"
in APPPATH\Controllers\EmailController.php on line 118.
 1 APPPATH\Controllers\EmailController.php(118): CodeIgniter\Debug\Exceptions->errorHandler(2, 'Undefined array key "USC_HASH_REC"', 'APPPATH\\Controllers\\EmailController.php', 118)
 2 SYSTEMPATH\CodeIgniter.php(898): App\Controllers\EmailController->envioRecuperar()
 3 SYSTEMPATH\CodeIgniter.php(457): CodeIgniter\CodeIgniter->runController(Object(App\Controllers\EmailController))
 4 SYSTEMPATH\CodeIgniter.php(340): CodeIgniter\CodeIgniter->handleRequest(null, Object(Config\Cache), false)
 5 FCPATH\index.php(67): CodeIgniter\CodeIgniter->run()
 6 SYSTEMPATH\Commands\Server\rewrite.php(43): require_once('FCPATH\\index.php')
ERROR - 2022-08-29 00:32:21 --> Email: sendWithMail throwed ErrorException: mail(): Failed to connect to mailserver at &quot;localhost&quot; port 25, verify your &quot;SMTP&quot; and &quot;smtp_port&quot; setting in php.ini or use ini_set() in C:\xampp\htdocs\Projeto\desenvolvimento\comum\Sprint-int01\system\Email\Email.php:1717
Stack trace:
#0 [internal function]: CodeIgniter\Debug\Exceptions->errorHandler(2, 'mail(): Failed ...', 'C:\\xampp\\htdocs...', 1717)
#1 C:\xampp\htdocs\Projeto\desenvolvimento\comum\Sprint-int01\system\Email\Email.php(1717): mail('maria_silva@hot...', '=?UTF-8?Q?Link=...', 'Ol\xC3\xA1 Maria da S...', 'Date: Mon, 29 A...', '-f omnimed.tele...')
#2 C:\xampp\htdocs\Projeto\desenvolvimento\comum\Sprint-int01\system\Email\Email.php(1654): CodeIgniter\Email\Email->sendWithMail()
#3 C:\xampp\htdocs\Projeto\desenvolvimento\comum\Sprint-int01\system\Email\Email.php(1552): CodeIgniter\Email\Email->spoolEmail()
#4 C:\xampp\htdocs\Projeto\desenvolvimento\comum\Sprint-int01\app\Controllers\EmailController.php(108): CodeIgniter\Email\Email->send()
#5 C:\xampp\htdocs\Projeto\desenvolvimento\comum\Sprint-int01\system\CodeIgniter.php(898): App\Controllers\EmailController->envioRecuperar()
#6 C:\xampp\htdocs\Projeto\desenvolvimento\comum\Sprint-int01\system\CodeIgniter.php(457): CodeIgniter\CodeIgniter->runController(Object(App\Controllers\EmailController))
#7 C:\xampp\htdocs\Projeto\desenvolvimento\comum\Sprint-int01\system\CodeIgniter.php(340): CodeIgniter\CodeIgniter->handleRequest(NULL, Object(Config\Cache), false)
#8 C:\xampp\htdocs\Projeto\desenvolvimento\comum\Sprint-int01\public\index.php(67): CodeIgniter\CodeIgniter->run()
#9 C:\xampp\htdocs\Projeto\desenvolvimento\comum\Sprint-int01\system\Commands\Server\rewrite.php(43): require_once('C:\\xampp\\htdocs...')
#10 {main}
ERROR - 2022-08-29 00:33:58 --> Email: sendWithMail throwed ErrorException: mail(): Failed to connect to mailserver at &quot;localhost&quot; port 25, verify your &quot;SMTP&quot; and &quot;smtp_port&quot; setting in php.ini or use ini_set() in C:\xampp\htdocs\Projeto\desenvolvimento\comum\Sprint-int01\system\Email\Email.php:1717
Stack trace:
#0 [internal function]: CodeIgniter\Debug\Exceptions->errorHandler(2, 'mail(): Failed ...', 'C:\\xampp\\htdocs...', 1717)
#1 C:\xampp\htdocs\Projeto\desenvolvimento\comum\Sprint-int01\system\Email\Email.php(1717): mail('emerson.zika@ou...', '=?UTF-8?Q?Link=...', 'Ol\xC3\xA1 Maria da S...', 'Date: Mon, 29 A...', '-f omnimed.tele...')
#2 C:\xampp\htdocs\Projeto\desenvolvimento\comum\Sprint-int01\system\Email\Email.php(1654): CodeIgniter\Email\Email->sendWithMail()
#3 C:\xampp\htdocs\Projeto\desenvolvimento\comum\Sprint-int01\system\Email\Email.php(1552): CodeIgniter\Email\Email->spoolEmail()
#4 C:\xampp\htdocs\Projeto\desenvolvimento\comum\Sprint-int01\app\Controllers\EmailController.php(108): CodeIgniter\Email\Email->send()
#5 C:\xampp\htdocs\Projeto\desenvolvimento\comum\Sprint-int01\system\CodeIgniter.php(898): App\Controllers\EmailController->envioRecuperar()
#6 C:\xampp\htdocs\Projeto\desenvolvimento\comum\Sprint-int01\system\CodeIgniter.php(457): CodeIgniter\CodeIgniter->runController(Object(App\Controllers\EmailController))
#7 C:\xampp\htdocs\Projeto\desenvolvimento\comum\Sprint-int01\system\CodeIgniter.php(340): CodeIgniter\CodeIgniter->handleRequest(NULL, Object(Config\Cache), false)
#8 C:\xampp\htdocs\Projeto\desenvolvimento\comum\Sprint-int01\public\index.php(67): CodeIgniter\CodeIgniter->run()
#9 C:\xampp\htdocs\Projeto\desenvolvimento\comum\Sprint-int01\system\Commands\Server\rewrite.php(43): require_once('C:\\xampp\\htdocs...')
#10 {main}
ERROR - 2022-08-29 00:34:48 --> Email: sendWithMail throwed ErrorException: mail(): Failed to connect to mailserver at &quot;localhost&quot; port 25, verify your &quot;SMTP&quot; and &quot;smtp_port&quot; setting in php.ini or use ini_set() in C:\xampp\htdocs\Projeto\desenvolvimento\comum\Sprint-int01\system\Email\Email.php:1717
Stack trace:
#0 [internal function]: CodeIgniter\Debug\Exceptions->errorHandler(2, 'mail(): Failed ...', 'C:\\xampp\\htdocs...', 1717)
#1 C:\xampp\htdocs\Projeto\desenvolvimento\comum\Sprint-int01\system\Email\Email.php(1717): mail('emerson.zika@ou...', '=?UTF-8?Q?Link=...', 'Ol\xC3\xA1 Maria da S...', 'Date: Mon, 29 A...', '-f omnimed.tele...')
#2 C:\xampp\htdocs\Projeto\desenvolvimento\comum\Sprint-int01\system\Email\Email.php(1654): CodeIgniter\Email\Email->sendWithMail()
#3 C:\xampp\htdocs\Projeto\desenvolvimento\comum\Sprint-int01\system\Email\Email.php(1552): CodeIgniter\Email\Email->spoolEmail()
#4 C:\xampp\htdocs\Projeto\desenvolvimento\comum\Sprint-int01\app\Controllers\EmailController.php(108): CodeIgniter\Email\Email->send()
#5 C:\xampp\htdocs\Projeto\desenvolvimento\comum\Sprint-int01\system\CodeIgniter.php(898): App\Controllers\EmailController->envioRecuperar()
#6 C:\xampp\htdocs\Projeto\desenvolvimento\comum\Sprint-int01\system\CodeIgniter.php(457): CodeIgniter\CodeIgniter->runController(Object(App\Controllers\EmailController))
#7 C:\xampp\htdocs\Projeto\desenvolvimento\comum\Sprint-int01\system\CodeIgniter.php(340): CodeIgniter\CodeIgniter->handleRequest(NULL, Object(Config\Cache), false)
#8 C:\xampp\htdocs\Projeto\desenvolvimento\comum\Sprint-int01\public\index.php(67): CodeIgniter\CodeIgniter->run()
#9 C:\xampp\htdocs\Projeto\desenvolvimento\comum\Sprint-int01\system\Commands\Server\rewrite.php(43): require_once('C:\\xampp\\htdocs...')
#10 {main}
ERROR - 2022-08-29 00:40:38 --> Email: sendWithSmtp throwed ErrorException: fwrite(): SSL operation failed with code 1. OpenSSL Error messages:
error:1420C0CF:SSL routines:ssl_write_internal:protocol is shutdown in C:\xampp\htdocs\Projeto\desenvolvimento\comum\Sprint-int01\system\Email\Email.php:2020
Stack trace:
#0 [internal function]: CodeIgniter\Debug\Exceptions->errorHandler(2, 'fwrite(): SSL o...', 'C:\\xampp\\htdocs...', 2020)
#1 C:\xampp\htdocs\Projeto\desenvolvimento\comum\Sprint-int01\system\Email\Email.php(2020): fwrite(Resource id #130, 'QUIT\r\n')
#2 C:\xampp\htdocs\Projeto\desenvolvimento\comum\Sprint-int01\system\Email\Email.php(1930): CodeIgniter\Email\Email->sendData('QUIT\r\n')
#3 C:\xampp\htdocs\Projeto\desenvolvimento\comum\Sprint-int01\system\Email\Email.php(2148): CodeIgniter\Email\Email->sendCommand('quit')
#4 [internal function]: CodeIgniter\Email\Email->__destruct()
#5 {main}
CRITICAL - 2022-08-29 00:48:02 --> Class "PHPMailer\PHPMailer\Exception" not found
in APPPATH\PHPMailer-6.6.4\src\PHPMailer.php on line 1553.
 1 APPPATH\PHPMailer-6.6.4\src\PHPMailer.php(1496): PHPMailer\PHPMailer\PHPMailer->preSend()
 2 APPPATH\Controllers\EmailController.php(106): PHPMailer\PHPMailer\PHPMailer->send()
 3 SYSTEMPATH\CodeIgniter.php(898): App\Controllers\EmailController->envioRecuperar()
 4 SYSTEMPATH\CodeIgniter.php(457): CodeIgniter\CodeIgniter->runController(Object(App\Controllers\EmailController))
 5 SYSTEMPATH\CodeIgniter.php(340): CodeIgniter\CodeIgniter->handleRequest(null, Object(Config\Cache), false)
 6 FCPATH\index.php(67): CodeIgniter\CodeIgniter->run()
 7 SYSTEMPATH\Commands\Server\rewrite.php(43): require_once('FCPATH\\index.php')
CRITICAL - 2022-08-29 00:48:05 --> Class "PHPMailer\PHPMailer\Exception" not found
in APPPATH\PHPMailer-6.6.4\src\PHPMailer.php on line 1553.
 1 APPPATH\PHPMailer-6.6.4\src\PHPMailer.php(1496): PHPMailer\PHPMailer\PHPMailer->preSend()
 2 APPPATH\Controllers\EmailController.php(106): PHPMailer\PHPMailer\PHPMailer->send()
 3 SYSTEMPATH\CodeIgniter.php(898): App\Controllers\EmailController->envioRecuperar()
 4 SYSTEMPATH\CodeIgniter.php(457): CodeIgniter\CodeIgniter->runController(Object(App\Controllers\EmailController))
 5 SYSTEMPATH\CodeIgniter.php(340): CodeIgniter\CodeIgniter->handleRequest(null, Object(Config\Cache), false)
 6 FCPATH\index.php(67): CodeIgniter\CodeIgniter->run()
 7 SYSTEMPATH\Commands\Server\rewrite.php(43): require_once('FCPATH\\index.php')
CRITICAL - 2022-08-29 00:48:05 --> Class "PHPMailer\PHPMailer\Exception" not found
in APPPATH\PHPMailer-6.6.4\src\PHPMailer.php on line 1553.
 1 APPPATH\PHPMailer-6.6.4\src\PHPMailer.php(1496): PHPMailer\PHPMailer\PHPMailer->preSend()
 2 APPPATH\Controllers\EmailController.php(106): PHPMailer\PHPMailer\PHPMailer->send()
 3 SYSTEMPATH\CodeIgniter.php(898): App\Controllers\EmailController->envioRecuperar()
 4 SYSTEMPATH\CodeIgniter.php(457): CodeIgniter\CodeIgniter->runController(Object(App\Controllers\EmailController))
 5 SYSTEMPATH\CodeIgniter.php(340): CodeIgniter\CodeIgniter->handleRequest(null, Object(Config\Cache), false)
 6 FCPATH\index.php(67): CodeIgniter\CodeIgniter->run()
 7 SYSTEMPATH\Commands\Server\rewrite.php(43): require_once('FCPATH\\index.php')
CRITICAL - 2022-08-29 00:48:05 --> Class "PHPMailer\PHPMailer\Exception" not found
in APPPATH\PHPMailer-6.6.4\src\PHPMailer.php on line 1553.
 1 APPPATH\PHPMailer-6.6.4\src\PHPMailer.php(1496): PHPMailer\PHPMailer\PHPMailer->preSend()
 2 APPPATH\Controllers\EmailController.php(106): PHPMailer\PHPMailer\PHPMailer->send()
 3 SYSTEMPATH\CodeIgniter.php(898): App\Controllers\EmailController->envioRecuperar()
 4 SYSTEMPATH\CodeIgniter.php(457): CodeIgniter\CodeIgniter->runController(Object(App\Controllers\EmailController))
 5 SYSTEMPATH\CodeIgniter.php(340): CodeIgniter\CodeIgniter->handleRequest(null, Object(Config\Cache), false)
 6 FCPATH\index.php(67): CodeIgniter\CodeIgniter->run()
 7 SYSTEMPATH\Commands\Server\rewrite.php(43): require_once('FCPATH\\index.php')
CRITICAL - 2022-08-29 00:48:06 --> Class "PHPMailer\PHPMailer\Exception" not found
in APPPATH\PHPMailer-6.6.4\src\PHPMailer.php on line 1553.
 1 APPPATH\PHPMailer-6.6.4\src\PHPMailer.php(1496): PHPMailer\PHPMailer\PHPMailer->preSend()
 2 APPPATH\Controllers\EmailController.php(106): PHPMailer\PHPMailer\PHPMailer->send()
 3 SYSTEMPATH\CodeIgniter.php(898): App\Controllers\EmailController->envioRecuperar()
 4 SYSTEMPATH\CodeIgniter.php(457): CodeIgniter\CodeIgniter->runController(Object(App\Controllers\EmailController))
 5 SYSTEMPATH\CodeIgniter.php(340): CodeIgniter\CodeIgniter->handleRequest(null, Object(Config\Cache), false)
 6 FCPATH\index.php(67): CodeIgniter\CodeIgniter->run()
 7 SYSTEMPATH\Commands\Server\rewrite.php(43): require_once('FCPATH\\index.php')
CRITICAL - 2022-08-29 00:48:06 --> Class "PHPMailer\PHPMailer\Exception" not found
in APPPATH\PHPMailer-6.6.4\src\PHPMailer.php on line 1553.
 1 APPPATH\PHPMailer-6.6.4\src\PHPMailer.php(1496): PHPMailer\PHPMailer\PHPMailer->preSend()
 2 APPPATH\Controllers\EmailController.php(106): PHPMailer\PHPMailer\PHPMailer->send()
 3 SYSTEMPATH\CodeIgniter.php(898): App\Controllers\EmailController->envioRecuperar()
 4 SYSTEMPATH\CodeIgniter.php(457): CodeIgniter\CodeIgniter->runController(Object(App\Controllers\EmailController))
 5 SYSTEMPATH\CodeIgniter.php(340): CodeIgniter\CodeIgniter->handleRequest(null, Object(Config\Cache), false)
 6 FCPATH\index.php(67): CodeIgniter\CodeIgniter->run()
 7 SYSTEMPATH\Commands\Server\rewrite.php(43): require_once('FCPATH\\index.php')
CRITICAL - 2022-08-29 00:48:06 --> Class "PHPMailer\PHPMailer\Exception" not found
in APPPATH\PHPMailer-6.6.4\src\PHPMailer.php on line 1553.
 1 APPPATH\PHPMailer-6.6.4\src\PHPMailer.php(1496): PHPMailer\PHPMailer\PHPMailer->preSend()
 2 APPPATH\Controllers\EmailController.php(106): PHPMailer\PHPMailer\PHPMailer->send()
 3 SYSTEMPATH\CodeIgniter.php(898): App\Controllers\EmailController->envioRecuperar()
 4 SYSTEMPATH\CodeIgniter.php(457): CodeIgniter\CodeIgniter->runController(Object(App\Controllers\EmailController))
 5 SYSTEMPATH\CodeIgniter.php(340): CodeIgniter\CodeIgniter->handleRequest(null, Object(Config\Cache), false)
 6 FCPATH\index.php(67): CodeIgniter\CodeIgniter->run()
 7 SYSTEMPATH\Commands\Server\rewrite.php(43): require_once('FCPATH\\index.php')
CRITICAL - 2022-08-29 00:48:06 --> Class "PHPMailer\PHPMailer\Exception" not found
in APPPATH\PHPMailer-6.6.4\src\PHPMailer.php on line 1553.
 1 APPPATH\PHPMailer-6.6.4\src\PHPMailer.php(1496): PHPMailer\PHPMailer\PHPMailer->preSend()
 2 APPPATH\Controllers\EmailController.php(106): PHPMailer\PHPMailer\PHPMailer->send()
 3 SYSTEMPATH\CodeIgniter.php(898): App\Controllers\EmailController->envioRecuperar()
 4 SYSTEMPATH\CodeIgniter.php(457): CodeIgniter\CodeIgniter->runController(Object(App\Controllers\EmailController))
 5 SYSTEMPATH\CodeIgniter.php(340): CodeIgniter\CodeIgniter->handleRequest(null, Object(Config\Cache), false)
 6 FCPATH\index.php(67): CodeIgniter\CodeIgniter->run()
 7 SYSTEMPATH\Commands\Server\rewrite.php(43): require_once('FCPATH\\index.php')
CRITICAL - 2022-08-29 00:48:23 --> Class "PHPMailer\PHPMailer\Exception" not found
in APPPATH\PHPMailer-6.6.4\src\PHPMailer.php on line 1553.
 1 APPPATH\PHPMailer-6.6.4\src\PHPMailer.php(1496): PHPMailer\PHPMailer\PHPMailer->preSend()
 2 APPPATH\Controllers\EmailController.php(106): PHPMailer\PHPMailer\PHPMailer->send()
 3 SYSTEMPATH\CodeIgniter.php(898): App\Controllers\EmailController->envioRecuperar()
 4 SYSTEMPATH\CodeIgniter.php(457): CodeIgniter\CodeIgniter->runController(Object(App\Controllers\EmailController))
 5 SYSTEMPATH\CodeIgniter.php(340): CodeIgniter\CodeIgniter->handleRequest(null, Object(Config\Cache), false)
 6 FCPATH\index.php(67): CodeIgniter\CodeIgniter->run()
 7 SYSTEMPATH\Commands\Server\rewrite.php(43): require_once('FCPATH\\index.php')
CRITICAL - 2022-08-29 00:48:32 --> Class "PHPMailer\PHPMailer\Exception" not found
in APPPATH\PHPMailer-6.6.4\src\PHPMailer.php on line 1553.
 1 APPPATH\PHPMailer-6.6.4\src\PHPMailer.php(1496): PHPMailer\PHPMailer\PHPMailer->preSend()
 2 APPPATH\Controllers\EmailController.php(106): PHPMailer\PHPMailer\PHPMailer->send()
 3 SYSTEMPATH\CodeIgniter.php(898): App\Controllers\EmailController->envioRecuperar()
 4 SYSTEMPATH\CodeIgniter.php(457): CodeIgniter\CodeIgniter->runController(Object(App\Controllers\EmailController))
 5 SYSTEMPATH\CodeIgniter.php(340): CodeIgniter\CodeIgniter->handleRequest(null, Object(Config\Cache), false)
 6 FCPATH\index.php(67): CodeIgniter\CodeIgniter->run()
 7 SYSTEMPATH\Commands\Server\rewrite.php(43): require_once('FCPATH\\index.php')
CRITICAL - 2022-08-29 00:49:40 --> Class "PHPMailer\PHPMailer\Exception" not found
in APPPATH\PHPMailer-6.6.4\src\PHPMailer.php on line 1553.
 1 APPPATH\PHPMailer-6.6.4\src\PHPMailer.php(1496): PHPMailer\PHPMailer\PHPMailer->preSend()
 2 APPPATH\Controllers\EmailController.php(106): PHPMailer\PHPMailer\PHPMailer->send()
 3 SYSTEMPATH\CodeIgniter.php(898): App\Controllers\EmailController->envioRecuperar()
 4 SYSTEMPATH\CodeIgniter.php(457): CodeIgniter\CodeIgniter->runController(Object(App\Controllers\EmailController))
 5 SYSTEMPATH\CodeIgniter.php(340): CodeIgniter\CodeIgniter->handleRequest(null, Object(Config\Cache), false)
 6 FCPATH\index.php(67): CodeIgniter\CodeIgniter->run()
 7 SYSTEMPATH\Commands\Server\rewrite.php(43): require_once('FCPATH\\index.php')
CRITICAL - 2022-08-29 00:49:58 --> Class "PHPMailer\PHPMailer\Exception" not found
in APPPATH\PHPMailer-6.6.4\src\PHPMailer.php on line 1553.
 1 APPPATH\PHPMailer-6.6.4\src\PHPMailer.php(1496): PHPMailer\PHPMailer\PHPMailer->preSend()
 2 APPPATH\Controllers\EmailController.php(106): PHPMailer\PHPMailer\PHPMailer->send()
 3 SYSTEMPATH\CodeIgniter.php(898): App\Controllers\EmailController->envioRecuperar()
 4 SYSTEMPATH\CodeIgniter.php(457): CodeIgniter\CodeIgniter->runController(Object(App\Controllers\EmailController))
 5 SYSTEMPATH\CodeIgniter.php(340): CodeIgniter\CodeIgniter->handleRequest(null, Object(Config\Cache), false)
 6 FCPATH\index.php(67): CodeIgniter\CodeIgniter->run()
 7 SYSTEMPATH\Commands\Server\rewrite.php(43): require_once('FCPATH\\index.php')
CRITICAL - 2022-08-29 00:51:04 --> Class "PHPMailer\PHPMailer\Exception" not found
in APPPATH\PHPMailer-6.6.4\src\PHPMailer.php on line 1553.
 1 APPPATH\PHPMailer-6.6.4\src\PHPMailer.php(1496): PHPMailer\PHPMailer\PHPMailer->preSend()
 2 APPPATH\Controllers\EmailController.php(106): PHPMailer\PHPMailer\PHPMailer->send()
 3 SYSTEMPATH\CodeIgniter.php(898): App\Controllers\EmailController->envioRecuperar()
 4 SYSTEMPATH\CodeIgniter.php(457): CodeIgniter\CodeIgniter->runController(Object(App\Controllers\EmailController))
 5 SYSTEMPATH\CodeIgniter.php(340): CodeIgniter\CodeIgniter->handleRequest(null, Object(Config\Cache), false)
 6 FCPATH\index.php(67): CodeIgniter\CodeIgniter->run()
 7 SYSTEMPATH\Commands\Server\rewrite.php(43): require_once('FCPATH\\index.php')
CRITICAL - 2022-08-29 00:51:48 --> Class "PHPMailer\PHPMailer\Exception" not found
in APPPATH\PHPMailer-6.6.4\src\PHPMailer.php on line 1553.
 1 APPPATH\PHPMailer-6.6.4\src\PHPMailer.php(1496): PHPMailer\PHPMailer\PHPMailer->preSend()
 2 APPPATH\Controllers\EmailController.php(106): PHPMailer\PHPMailer\PHPMailer->send()
 3 SYSTEMPATH\CodeIgniter.php(898): App\Controllers\EmailController->envioRecuperar()
 4 SYSTEMPATH\CodeIgniter.php(457): CodeIgniter\CodeIgniter->runController(Object(App\Controllers\EmailController))
 5 SYSTEMPATH\CodeIgniter.php(340): CodeIgniter\CodeIgniter->handleRequest(null, Object(Config\Cache), false)
 6 FCPATH\index.php(67): CodeIgniter\CodeIgniter->run()
 7 SYSTEMPATH\Commands\Server\rewrite.php(43): require_once('FCPATH\\index.php')
CRITICAL - 2022-08-29 00:54:45 --> Class "PHPMailer\PHPMailer\Exception" not found
in APPPATH\PHPMailer-6.6.4\src\PHPMailer.php on line 1553.
 1 APPPATH\PHPMailer-6.6.4\src\PHPMailer.php(1496): PHPMailer\PHPMailer\PHPMailer->preSend()
 2 APPPATH\Controllers\EmailController.php(105): PHPMailer\PHPMailer\PHPMailer->send()
 3 SYSTEMPATH\CodeIgniter.php(898): App\Controllers\EmailController->envioRecuperar()
 4 SYSTEMPATH\CodeIgniter.php(457): CodeIgniter\CodeIgniter->runController(Object(App\Controllers\EmailController))
 5 SYSTEMPATH\CodeIgniter.php(340): CodeIgniter\CodeIgniter->handleRequest(null, Object(Config\Cache), false)
 6 FCPATH\index.php(67): CodeIgniter\CodeIgniter->run()
 7 SYSTEMPATH\Commands\Server\rewrite.php(43): require_once('FCPATH\\index.php')
CRITICAL - 2022-08-29 00:55:41 --> Class "PHPMailer\PHPMailer\Exception" not found
in APPPATH\PHPMailer-6.6.4\src\PHPMailer.php on line 1553.
 1 APPPATH\PHPMailer-6.6.4\src\PHPMailer.php(1496): PHPMailer\PHPMailer\PHPMailer->preSend()
 2 APPPATH\Controllers\EmailController.php(105): PHPMailer\PHPMailer\PHPMailer->send()
 3 SYSTEMPATH\CodeIgniter.php(898): App\Controllers\EmailController->envioRecuperar()
 4 SYSTEMPATH\CodeIgniter.php(457): CodeIgniter\CodeIgniter->runController(Object(App\Controllers\EmailController))
 5 SYSTEMPATH\CodeIgniter.php(340): CodeIgniter\CodeIgniter->handleRequest(null, Object(Config\Cache), false)
 6 FCPATH\index.php(67): CodeIgniter\CodeIgniter->run()
 7 SYSTEMPATH\Commands\Server\rewrite.php(43): require_once('FCPATH\\index.php')
CRITICAL - 2022-08-29 10:52:54 --> Array to string conversion
in APPPATH\Views\pacientes\view_pacienteLogado.php on line 3.
 1 APPPATH\Views\pacientes\view_pacienteLogado.php(3): CodeIgniter\Debug\Exceptions->errorHandler(2, 'Array to string conversion', 'APPPATH\\Views\\pacientes\\view_pacienteLogado.php', 3)
 2 SYSTEMPATH\View\View.php(213): include('APPPATH\\Views\\pacientes\\view_pacienteLogado.php')
 3 SYSTEMPATH\View\View.php(216): CodeIgniter\View\View->CodeIgniter\View\{closure}()
 4 SYSTEMPATH\Common.php(1137): CodeIgniter\View\View->render('/pacientes/view_pacienteLogado.php', [], true)
 5 APPPATH\Controllers\PacientesController.php(21): view('/pacientes/view_pacienteLogado.php')
 6 SYSTEMPATH\CodeIgniter.php(898): App\Controllers\PacientesController->logado()
 7 SYSTEMPATH\CodeIgniter.php(457): CodeIgniter\CodeIgniter->runController(Object(App\Controllers\PacientesController))
 8 SYSTEMPATH\CodeIgniter.php(340): CodeIgniter\CodeIgniter->handleRequest(null, Object(Config\Cache), false)
 9 FCPATH\index.php(67): CodeIgniter\CodeIgniter->run()
10 SYSTEMPATH\Commands\Server\rewrite.php(43): require_once('FCPATH\\index.php')
CRITICAL - 2022-08-29 10:54:31 --> Undefined array key "email"
in APPPATH\Views\pacientes\view_pacienteLogado.php on line 76.
 1 APPPATH\Views\pacientes\view_pacienteLogado.php(76): CodeIgniter\Debug\Exceptions->errorHandler(2, 'Undefined array key "email"', 'APPPATH\\Views\\pacientes\\view_pacienteLogado.php', 76)
 2 SYSTEMPATH\View\View.php(213): include('APPPATH\\Views\\pacientes\\view_pacienteLogado.php')
 3 SYSTEMPATH\View\View.php(216): CodeIgniter\View\View->CodeIgniter\View\{closure}()
 4 SYSTEMPATH\Common.php(1137): CodeIgniter\View\View->render('/pacientes/view_pacienteLogado.php', [], true)
 5 APPPATH\Controllers\PacientesController.php(21): view('/pacientes/view_pacienteLogado.php')
 6 SYSTEMPATH\CodeIgniter.php(898): App\Controllers\PacientesController->logado()
 7 SYSTEMPATH\CodeIgniter.php(457): CodeIgniter\CodeIgniter->runController(Object(App\Controllers\PacientesController))
 8 SYSTEMPATH\CodeIgniter.php(340): CodeIgniter\CodeIgniter->handleRequest(null, Object(Config\Cache), false)
 9 FCPATH\index.php(67): CodeIgniter\CodeIgniter->run()
10 SYSTEMPATH\Commands\Server\rewrite.php(43): require_once('FCPATH\\index.php')
CRITICAL - 2022-08-29 10:54:58 --> Undefined array key "email"
in APPPATH\Views\pacientes\view_pacienteLogado.php on line 76.
 1 APPPATH\Views\pacientes\view_pacienteLogado.php(76): CodeIgniter\Debug\Exceptions->errorHandler(2, 'Undefined array key "email"', 'APPPATH\\Views\\pacientes\\view_pacienteLogado.php', 76)
 2 SYSTEMPATH\View\View.php(213): include('APPPATH\\Views\\pacientes\\view_pacienteLogado.php')
 3 SYSTEMPATH\View\View.php(216): CodeIgniter\View\View->CodeIgniter\View\{closure}()
 4 SYSTEMPATH\Common.php(1137): CodeIgniter\View\View->render('/pacientes/view_pacienteLogado.php', [], true)
 5 APPPATH\Controllers\PacientesController.php(21): view('/pacientes/view_pacienteLogado.php')
 6 SYSTEMPATH\CodeIgniter.php(898): App\Controllers\PacientesController->logado()
 7 SYSTEMPATH\CodeIgniter.php(457): CodeIgniter\CodeIgniter->runController(Object(App\Controllers\PacientesController))
 8 SYSTEMPATH\CodeIgniter.php(340): CodeIgniter\CodeIgniter->handleRequest(null, Object(Config\Cache), false)
 9 FCPATH\index.php(67): CodeIgniter\CodeIgniter->run()
10 SYSTEMPATH\Commands\Server\rewrite.php(43): require_once('FCPATH\\index.php')
CRITICAL - 2022-08-29 10:55:22 --> Undefined array key 0
in APPPATH\Views\pacientes\view_pacienteLogado.php on line 76.
 1 APPPATH\Views\pacientes\view_pacienteLogado.php(76): CodeIgniter\Debug\Exceptions->errorHandler(2, 'Undefined array key 0', 'APPPATH\\Views\\pacientes\\view_pacienteLogado.php', 76)
 2 SYSTEMPATH\View\View.php(213): include('APPPATH\\Views\\pacientes\\view_pacienteLogado.php')
 3 SYSTEMPATH\View\View.php(216): CodeIgniter\View\View->CodeIgniter\View\{closure}()
 4 SYSTEMPATH\Common.php(1137): CodeIgniter\View\View->render('/pacientes/view_pacienteLogado.php', [], true)
 5 APPPATH\Controllers\PacientesController.php(21): view('/pacientes/view_pacienteLogado.php')
 6 SYSTEMPATH\CodeIgniter.php(898): App\Controllers\PacientesController->logado()
 7 SYSTEMPATH\CodeIgniter.php(457): CodeIgniter\CodeIgniter->runController(Object(App\Controllers\PacientesController))
 8 SYSTEMPATH\CodeIgniter.php(340): CodeIgniter\CodeIgniter->handleRequest(null, Object(Config\Cache), false)
 9 FCPATH\index.php(67): CodeIgniter\CodeIgniter->run()
10 SYSTEMPATH\Commands\Server\rewrite.php(43): require_once('FCPATH\\index.php')
CRITICAL - 2022-08-29 10:55:39 --> Undefined array key 0
in APPPATH\Views\pacientes\view_pacienteLogado.php on line 76.
 1 APPPATH\Views\pacientes\view_pacienteLogado.php(76): CodeIgniter\Debug\Exceptions->errorHandler(2, 'Undefined array key 0', 'APPPATH\\Views\\pacientes\\view_pacienteLogado.php', 76)
 2 SYSTEMPATH\View\View.php(213): include('APPPATH\\Views\\pacientes\\view_pacienteLogado.php')
 3 SYSTEMPATH\View\View.php(216): CodeIgniter\View\View->CodeIgniter\View\{closure}()
 4 SYSTEMPATH\Common.php(1137): CodeIgniter\View\View->render('/pacientes/view_pacienteLogado.php', [], true)
 5 APPPATH\Controllers\PacientesController.php(21): view('/pacientes/view_pacienteLogado.php')
 6 SYSTEMPATH\CodeIgniter.php(898): App\Controllers\PacientesController->logado()
 7 SYSTEMPATH\CodeIgniter.php(457): CodeIgniter\CodeIgniter->runController(Object(App\Controllers\PacientesController))
 8 SYSTEMPATH\CodeIgniter.php(340): CodeIgniter\CodeIgniter->handleRequest(null, Object(Config\Cache), false)
 9 FCPATH\index.php(67): CodeIgniter\CodeIgniter->run()
10 SYSTEMPATH\Commands\Server\rewrite.php(43): require_once('FCPATH\\index.php')
CRITICAL - 2022-08-29 10:55:47 --> Undefined array key 0
in APPPATH\Views\pacientes\view_pacienteLogado.php on line 76.
 1 APPPATH\Views\pacientes\view_pacienteLogado.php(76): CodeIgniter\Debug\Exceptions->errorHandler(2, 'Undefined array key 0', 'APPPATH\\Views\\pacientes\\view_pacienteLogado.php', 76)
 2 SYSTEMPATH\View\View.php(213): include('APPPATH\\Views\\pacientes\\view_pacienteLogado.php')
 3 SYSTEMPATH\View\View.php(216): CodeIgniter\View\View->CodeIgniter\View\{closure}()
 4 SYSTEMPATH\Common.php(1137): CodeIgniter\View\View->render('/pacientes/view_pacienteLogado.php', [], true)
 5 APPPATH\Controllers\PacientesController.php(21): view('/pacientes/view_pacienteLogado.php')
 6 SYSTEMPATH\CodeIgniter.php(898): App\Controllers\PacientesController->logado()
 7 SYSTEMPATH\CodeIgniter.php(457): CodeIgniter\CodeIgniter->runController(Object(App\Controllers\PacientesController))
 8 SYSTEMPATH\CodeIgniter.php(340): CodeIgniter\CodeIgniter->handleRequest(null, Object(Config\Cache), false)
 9 FCPATH\index.php(67): CodeIgniter\CodeIgniter->run()
10 SYSTEMPATH\Commands\Server\rewrite.php(43): require_once('FCPATH\\index.php')
<<<<<<< .mine
CRITICAL - 2022-08-29 22:28:28 --> Call to undefined function form_open()
in APPPATH\Views\recuperar_senha\novaSenha.php on line 119.
 1 SYSTEMPATH\View\View.php(213): include()
 2 SYSTEMPATH\View\View.php(216): CodeIgniter\View\View->CodeIgniter\View\{closure}()
 3 SYSTEMPATH\Common.php(1137): CodeIgniter\View\View->render('/recuperar_senha/novaSenha.php', [], true)
 4 APPPATH\Controllers\EmailController.php(37): view('/recuperar_senha/novaSenha.php', [])
 5 SYSTEMPATH\CodeIgniter.php(898): App\Controllers\EmailController->novaSenha('65rt1')
 6 SYSTEMPATH\CodeIgniter.php(457): CodeIgniter\CodeIgniter->runController(Object(App\Controllers\EmailController))
 7 SYSTEMPATH\CodeIgniter.php(340): CodeIgniter\CodeIgniter->handleRequest(null, Object(Config\Cache), false)
 8 FCPATH\index.php(67): CodeIgniter\CodeIgniter->run()
 9 SYSTEMPATH\Commands\Server\rewrite.php(43): require_once('FCPATH\\index.php')
CRITICAL - 2022-08-29 22:29:46 --> Call to undefined function form_open()
in APPPATH\Views\recuperar_senha\novaSenha.php on line 119.
 1 SYSTEMPATH\View\View.php(213): include()
 2 SYSTEMPATH\View\View.php(216): CodeIgniter\View\View->CodeIgniter\View\{closure}()
 3 SYSTEMPATH\Common.php(1137): CodeIgniter\View\View->render('/recuperar_senha/novaSenha.php', [], true)
 4 APPPATH\Controllers\EmailController.php(37): view('/recuperar_senha/novaSenha.php', [])
 5 SYSTEMPATH\CodeIgniter.php(898): App\Controllers\EmailController->novaSenha('65rt1')
 6 SYSTEMPATH\CodeIgniter.php(457): CodeIgniter\CodeIgniter->runController(Object(App\Controllers\EmailController))
 7 SYSTEMPATH\CodeIgniter.php(340): CodeIgniter\CodeIgniter->handleRequest(null, Object(Config\Cache), false)
 8 FCPATH\index.php(67): CodeIgniter\CodeIgniter->run()
 9 SYSTEMPATH\Commands\Server\rewrite.php(43): require_once('FCPATH\\index.php')
CRITICAL - 2022-08-29 22:29:47 --> Call to undefined function form_open()
in APPPATH\Views\recuperar_senha\novaSenha.php on line 119.
 1 SYSTEMPATH\View\View.php(213): include()
 2 SYSTEMPATH\View\View.php(216): CodeIgniter\View\View->CodeIgniter\View\{closure}()
 3 SYSTEMPATH\Common.php(1137): CodeIgniter\View\View->render('/recuperar_senha/novaSenha.php', [], true)
 4 APPPATH\Controllers\EmailController.php(37): view('/recuperar_senha/novaSenha.php', [])
 5 SYSTEMPATH\CodeIgniter.php(898): App\Controllers\EmailController->novaSenha('65rt1')
 6 SYSTEMPATH\CodeIgniter.php(457): CodeIgniter\CodeIgniter->runController(Object(App\Controllers\EmailController))
 7 SYSTEMPATH\CodeIgniter.php(340): CodeIgniter\CodeIgniter->handleRequest(null, Object(Config\Cache), false)
 8 FCPATH\index.php(67): CodeIgniter\CodeIgniter->run()
 9 SYSTEMPATH\Commands\Server\rewrite.php(43): require_once('FCPATH\\index.php')
CRITICAL - 2022-08-29 22:32:51 --> Undefined property: CodeIgniter\View\View::$load
in APPPATH\Views\recuperar_senha\novaSenha.php on line 2.
 1 APPPATH\Views\recuperar_senha\novaSenha.php(2): CodeIgniter\Debug\Exceptions->errorHandler(2, 'Undefined property: CodeIgniter\\View\\View::$load', 'APPPATH\\Views\\recuperar_senha\\novaSenha.php', 2)
 2 SYSTEMPATH\View\View.php(213): include('APPPATH\\Views\\recuperar_senha\\novaSenha.php')
 3 SYSTEMPATH\View\View.php(216): CodeIgniter\View\View->CodeIgniter\View\{closure}()
 4 SYSTEMPATH\Common.php(1137): CodeIgniter\View\View->render('/recuperar_senha/novaSenha.php', [], true)
 5 APPPATH\Controllers\EmailController.php(37): view('/recuperar_senha/novaSenha.php', [])
 6 SYSTEMPATH\CodeIgniter.php(898): App\Controllers\EmailController->novaSenha('65rt1')
 7 SYSTEMPATH\CodeIgniter.php(457): CodeIgniter\CodeIgniter->runController(Object(App\Controllers\EmailController))
 8 SYSTEMPATH\CodeIgniter.php(340): CodeIgniter\CodeIgniter->handleRequest(null, Object(Config\Cache), false)
 9 FCPATH\index.php(67): CodeIgniter\CodeIgniter->run()
10 SYSTEMPATH\Commands\Server\rewrite.php(43): require_once('FCPATH\\index.php')
||||||| .r739
=======
CRITICAL - 2022-08-29 16:18:18 --> Undefined variable $FK_PACIENTE_PAC_ID
in APPPATH\Views\agendamentos\create.php on line 12.
 1 APPPATH\Views\agendamentos\create.php(12): CodeIgniter\Debug\Exceptions->errorHandler(2, 'Undefined variable $FK_PACIENTE_PAC_ID', 'APPPATH\\Views\\agendamentos\\create.php', 12)
 2 SYSTEMPATH\View\View.php(213): include('APPPATH\\Views\\agendamentos\\create.php')
 3 SYSTEMPATH\View\View.php(216): CodeIgniter\View\View->CodeIgniter\View\{closure}()
 4 SYSTEMPATH\Common.php(1137): CodeIgniter\View\View->render('/agendamentos/create.php', [], true)
 5 APPPATH\Controllers\AgendamentosController.php(17): view('/agendamentos/create.php')
 6 SYSTEMPATH\CodeIgniter.php(898): App\Controllers\AgendamentosController->novo()
 7 SYSTEMPATH\CodeIgniter.php(457): CodeIgniter\CodeIgniter->runController(Object(App\Controllers\AgendamentosController))
 8 SYSTEMPATH\CodeIgniter.php(340): CodeIgniter\CodeIgniter->handleRequest(null, Object(Config\Cache), false)
 9 FCPATH\index.php(67): CodeIgniter\CodeIgniter->run()
10 SYSTEMPATH\Commands\Server\rewrite.php(43): require_once('FCPATH\\index.php')
>>>>>>> .r742
