CRITICAL - 2022-10-21 21:50:56 --> Invalid file: /medicos/list.php
in SYSTEMPATH\Exceptions\FrameworkException.php on line 33.
 1 SYSTEMPATH\View\View.php(201): CodeIgniter\Exceptions\FrameworkException::forInvalidFile('/medicos/list.php')
 2 SYSTEMPATH\Common.php(1137): CodeIgniter\View\View->render('/medicos/list.php', [], true)
 3 APPPATH\Controllers\MedicosController.php(17): view('/medicos/list.php')
 4 SYSTEMPATH\CodeIgniter.php(898): App\Controllers\MedicosController->listagem()
 5 SYSTEMPATH\CodeIgniter.php(457): CodeIgniter\CodeIgniter->runController(Object(App\Controllers\MedicosController))
 6 SYSTEMPATH\CodeIgniter.php(340): CodeIgniter\CodeIgniter->handleRequest(null, Object(Config\Cache), false)
 7 FCPATH\index.php(67): CodeIgniter\CodeIgniter->run()
 8 SYSTEMPATH\Commands\Server\rewrite.php(43): require_once('FCPATH\\index.php')
CRITICAL - 2022-10-21 21:53:10 --> Invalid file: /medicos/list.php
in SYSTEMPATH\Exceptions\FrameworkException.php on line 33.
 1 SYSTEMPATH\View\View.php(201): CodeIgniter\Exceptions\FrameworkException::forInvalidFile('/medicos/list.php')
 2 SYSTEMPATH\Common.php(1137): CodeIgniter\View\View->render('/medicos/list.php', [], true)
 3 APPPATH\Controllers\MedicosController.php(17): view('/medicos/list.php')
 4 SYSTEMPATH\CodeIgniter.php(898): App\Controllers\MedicosController->listagem()
 5 SYSTEMPATH\CodeIgniter.php(457): CodeIgniter\CodeIgniter->runController(Object(App\Controllers\MedicosController))
 6 SYSTEMPATH\CodeIgniter.php(340): CodeIgniter\CodeIgniter->handleRequest(null, Object(Config\Cache), false)
 7 FCPATH\index.php(67): CodeIgniter\CodeIgniter->run()
 8 SYSTEMPATH\Commands\Server\rewrite.php(43): require_once('FCPATH\\index.php')
CRITICAL - 2022-10-21 22:12:36 --> Invalid file: /medicos/list.php
in SYSTEMPATH\Exceptions\FrameworkException.php on line 33.
 1 SYSTEMPATH\View\View.php(201): CodeIgniter\Exceptions\FrameworkException::forInvalidFile('/medicos/list.php')
 2 SYSTEMPATH\Common.php(1137): CodeIgniter\View\View->render('/medicos/list.php', [], true)
 3 APPPATH\Controllers\MedicosController.php(17): view('/medicos/list.php')
 4 SYSTEMPATH\CodeIgniter.php(898): App\Controllers\MedicosController->listagem()
 5 SYSTEMPATH\CodeIgniter.php(457): CodeIgniter\CodeIgniter->runController(Object(App\Controllers\MedicosController))
 6 SYSTEMPATH\CodeIgniter.php(340): CodeIgniter\CodeIgniter->handleRequest(null, Object(Config\Cache), false)
 7 FCPATH\index.php(67): CodeIgniter\CodeIgniter->run()
 8 SYSTEMPATH\Commands\Server\rewrite.php(43): require_once('FCPATH\\index.php')
CRITICAL - 2022-10-21 22:13:06 --> Call to undefined method App\Models\MedicosModel::dadosDeTodosPacientes
in SYSTEMPATH\Model.php on line 773.
 1 APPPATH\Views\pagamentos\list_medicos.php(27): CodeIgniter\Model->__call('dadosDeTodosPacientes', [])
 2 SYSTEMPATH\View\View.php(213): include('APPPATH\\Views\\pagamentos\\list_medicos.php')
 3 SYSTEMPATH\View\View.php(216): CodeIgniter\View\View->CodeIgniter\View\{closure}()
 4 SYSTEMPATH\Common.php(1137): CodeIgniter\View\View->render('/pagamentos/list_medicos.php', [], true)
 5 APPPATH\Controllers\PagamentosController.php(31): view('/pagamentos/list_medicos.php')
 6 SYSTEMPATH\CodeIgniter.php(898): App\Controllers\PagamentosController->listarMedicos()
 7 SYSTEMPATH\CodeIgniter.php(457): CodeIgniter\CodeIgniter->runController(Object(App\Controllers\PagamentosController))
 8 SYSTEMPATH\CodeIgniter.php(340): CodeIgniter\CodeIgniter->handleRequest(null, Object(Config\Cache), false)
 9 FCPATH\index.php(67): CodeIgniter\CodeIgniter->run()
10 SYSTEMPATH\Commands\Server\rewrite.php(43): require_once('FCPATH\\index.php')
CRITICAL - 2022-10-21 22:14:17 --> Call to undefined method App\Models\MedicosModel::dadosDeTodosPacientes
in SYSTEMPATH\Model.php on line 773.
 1 APPPATH\Views\pagamentos\list_medicos.php(27): CodeIgniter\Model->__call('dadosDeTodosPacientes', [])
 2 SYSTEMPATH\View\View.php(213): include('APPPATH\\Views\\pagamentos\\list_medicos.php')
 3 SYSTEMPATH\View\View.php(216): CodeIgniter\View\View->CodeIgniter\View\{closure}()
 4 SYSTEMPATH\Common.php(1137): CodeIgniter\View\View->render('/pagamentos/list_medicos.php', [], true)
 5 APPPATH\Controllers\PagamentosController.php(31): view('/pagamentos/list_medicos.php')
 6 SYSTEMPATH\CodeIgniter.php(898): App\Controllers\PagamentosController->listarMedicos()
 7 SYSTEMPATH\CodeIgniter.php(457): CodeIgniter\CodeIgniter->runController(Object(App\Controllers\PagamentosController))
 8 SYSTEMPATH\CodeIgniter.php(340): CodeIgniter\CodeIgniter->handleRequest(null, Object(Config\Cache), false)
 9 FCPATH\index.php(67): CodeIgniter\CodeIgniter->run()
10 SYSTEMPATH\Commands\Server\rewrite.php(43): require_once('FCPATH\\index.php')
ERROR - 2022-10-21 22:23:58 --> mysqli_sql_exception: Unknown column 'medicos.FUN_PRONTUARIO' in 'field list' in D:\Conteúdo da Faculdade\Sétimo Semestre\Breno Lisi Romano\SVN-PIDC7-Felipe José\desenvolvimento\comum\Sprint-int01\system\Database\MySQLi\Connection.php:292
Stack trace:
#0 D:\Conteúdo da Faculdade\Sétimo Semestre\Breno Lisi Romano\SVN-PIDC7-Felipe José\desenvolvimento\comum\Sprint-int01\system\Database\MySQLi\Connection.php(292): mysqli->query('SELECT \r\n      ...', 0)
#1 D:\Conteúdo da Faculdade\Sétimo Semestre\Breno Lisi Romano\SVN-PIDC7-Felipe José\desenvolvimento\comum\Sprint-int01\system\Database\BaseConnection.php(693): CodeIgniter\Database\MySQLi\Connection->execute('SELECT \r\n      ...')
#2 D:\Conteúdo da Faculdade\Sétimo Semestre\Breno Lisi Romano\SVN-PIDC7-Felipe José\desenvolvimento\comum\Sprint-int01\system\Database\BaseConnection.php(620): CodeIgniter\Database\BaseConnection->simpleQuery('SELECT \r\n      ...')
#3 D:\Conteúdo da Faculdade\Sétimo Semestre\Breno Lisi Romano\SVN-PIDC7-Felipe José\desenvolvimento\comum\Sprint-int01\app\Models\MedicosModel.php(91): CodeIgniter\Database\BaseConnection->query('SELECT \r\n      ...')
#4 D:\Conteúdo da Faculdade\Sétimo Semestre\Breno Lisi Romano\SVN-PIDC7-Felipe José\desenvolvimento\comum\Sprint-int01\app\Views\pagamentos\list_medicos.php(27): App\Models\MedicosModel->dadosDeTodosMedicos()
#5 D:\Conteúdo da Faculdade\Sétimo Semestre\Breno Lisi Romano\SVN-PIDC7-Felipe José\desenvolvimento\comum\Sprint-int01\system\View\View.php(213): include('D:\\Conte\xC3\xBAdo da...')
#6 D:\Conteúdo da Faculdade\Sétimo Semestre\Breno Lisi Romano\SVN-PIDC7-Felipe José\desenvolvimento\comum\Sprint-int01\system\View\View.php(216): CodeIgniter\View\View->CodeIgniter\View\{closure}()
#7 D:\Conteúdo da Faculdade\Sétimo Semestre\Breno Lisi Romano\SVN-PIDC7-Felipe José\desenvolvimento\comum\Sprint-int01\system\Common.php(1137): CodeIgniter\View\View->render('/pagamentos/lis...', Array, true)
#8 D:\Conteúdo da Faculdade\Sétimo Semestre\Breno Lisi Romano\SVN-PIDC7-Felipe José\desenvolvimento\comum\Sprint-int01\app\Controllers\PagamentosController.php(31): view('/pagamentos/lis...')
#9 D:\Conteúdo da Faculdade\Sétimo Semestre\Breno Lisi Romano\SVN-PIDC7-Felipe José\desenvolvimento\comum\Sprint-int01\system\CodeIgniter.php(898): App\Controllers\PagamentosController->listarMedicos()
#10 D:\Conteúdo da Faculdade\Sétimo Semestre\Breno Lisi Romano\SVN-PIDC7-Felipe José\desenvolvimento\comum\Sprint-int01\system\CodeIgniter.php(457): CodeIgniter\CodeIgniter->runController(Object(App\Controllers\PagamentosController))
#11 D:\Conteúdo da Faculdade\Sétimo Semestre\Breno Lisi Romano\SVN-PIDC7-Felipe José\desenvolvimento\comum\Sprint-int01\system\CodeIgniter.php(340): CodeIgniter\CodeIgniter->handleRequest(NULL, Object(Config\Cache), false)
#12 D:\Conteúdo da Faculdade\Sétimo Semestre\Breno Lisi Romano\SVN-PIDC7-Felipe José\desenvolvimento\comum\Sprint-int01\public\index.php(67): CodeIgniter\CodeIgniter->run()
#13 D:\Conteúdo da Faculdade\Sétimo Semestre\Breno Lisi Romano\SVN-PIDC7-Felipe José\desenvolvimento\comum\Sprint-int01\system\Commands\Server\rewrite.php(43): require_once('D:\\Conte\xC3\xBAdo da...')
#14 {main}
CRITICAL - 2022-10-21 22:23:58 --> Unknown column 'medicos.FUN_PRONTUARIO' in 'field list'
in SYSTEMPATH\Database\MySQLi\Connection.php on line 292.
 1 SYSTEMPATH\Database\MySQLi\Connection.php(292): mysqli->query('SELECT 
            uc.USC_ID, uc.USC_NOME, uc.USC_DATA_NASCIMENTO, uc.USC_CPF, 
            medicos.FUN_PRONTUARIO, medicos.FUN_CATEGORIA
            FROM usuario_comum AS uc, medicos
            WHERE medicos.FK_USUARIO_COMUM_USC_ID = uc.USC_ID', 0)
 2 SYSTEMPATH\Database\BaseConnection.php(693): CodeIgniter\Database\MySQLi\Connection->execute('SELECT 
            uc.USC_ID, uc.USC_NOME, uc.USC_DATA_NASCIMENTO, uc.USC_CPF, 
            medicos.FUN_PRONTUARIO, medicos.FUN_CATEGORIA
            FROM usuario_comum AS uc, medicos
            WHERE medicos.FK_USUARIO_COMUM_USC_ID = uc.USC_ID')
 3 SYSTEMPATH\Database\BaseConnection.php(620): CodeIgniter\Database\BaseConnection->simpleQuery('SELECT 
            uc.USC_ID, uc.USC_NOME, uc.USC_DATA_NASCIMENTO, uc.USC_CPF, 
            medicos.FUN_PRONTUARIO, medicos.FUN_CATEGORIA
            FROM usuario_comum AS uc, medicos
            WHERE medicos.FK_USUARIO_COMUM_USC_ID = uc.USC_ID')
 4 APPPATH\Models\MedicosModel.php(91): CodeIgniter\Database\BaseConnection->query('SELECT 
            uc.USC_ID, uc.USC_NOME, uc.USC_DATA_NASCIMENTO, uc.USC_CPF, 
            medicos.FUN_PRONTUARIO, medicos.FUN_CATEGORIA
            FROM usuario_comum AS uc, medicos
            WHERE medicos.FK_USUARIO_COMUM_USC_ID = uc.USC_ID')
 5 APPPATH\Views\pagamentos\list_medicos.php(27): App\Models\MedicosModel->dadosDeTodosMedicos()
 6 SYSTEMPATH\View\View.php(213): include('APPPATH\\Views\\pagamentos\\list_medicos.php')
 7 SYSTEMPATH\View\View.php(216): CodeIgniter\View\View->CodeIgniter\View\{closure}()
 8 SYSTEMPATH\Common.php(1137): CodeIgniter\View\View->render('/pagamentos/list_medicos.php', [], true)
 9 APPPATH\Controllers\PagamentosController.php(31): view('/pagamentos/list_medicos.php')
10 SYSTEMPATH\CodeIgniter.php(898): App\Controllers\PagamentosController->listarMedicos()
11 SYSTEMPATH\CodeIgniter.php(457): CodeIgniter\CodeIgniter->runController(Object(App\Controllers\PagamentosController))
12 SYSTEMPATH\CodeIgniter.php(340): CodeIgniter\CodeIgniter->handleRequest(null, Object(Config\Cache), false)
13 FCPATH\index.php(67): CodeIgniter\CodeIgniter->run()
14 SYSTEMPATH\Commands\Server\rewrite.php(43): require_once('FCPATH\\index.php')
ERROR - 2022-10-21 22:30:08 --> mysqli_sql_exception: Unknown column 'medicos.FK_USUARIO_COMUM_USC_ID' in 'where clause' in D:\Conteúdo da Faculdade\Sétimo Semestre\Breno Lisi Romano\SVN-PIDC7-Felipe José\desenvolvimento\comum\Sprint-int01\system\Database\MySQLi\Connection.php:292
Stack trace:
#0 D:\Conteúdo da Faculdade\Sétimo Semestre\Breno Lisi Romano\SVN-PIDC7-Felipe José\desenvolvimento\comum\Sprint-int01\system\Database\MySQLi\Connection.php(292): mysqli->query('SELECT \r\n      ...', 0)
#1 D:\Conteúdo da Faculdade\Sétimo Semestre\Breno Lisi Romano\SVN-PIDC7-Felipe José\desenvolvimento\comum\Sprint-int01\system\Database\BaseConnection.php(693): CodeIgniter\Database\MySQLi\Connection->execute('SELECT \r\n      ...')
#2 D:\Conteúdo da Faculdade\Sétimo Semestre\Breno Lisi Romano\SVN-PIDC7-Felipe José\desenvolvimento\comum\Sprint-int01\system\Database\BaseConnection.php(620): CodeIgniter\Database\BaseConnection->simpleQuery('SELECT \r\n      ...')
#3 D:\Conteúdo da Faculdade\Sétimo Semestre\Breno Lisi Romano\SVN-PIDC7-Felipe José\desenvolvimento\comum\Sprint-int01\app\Models\MedicosModel.php(93): CodeIgniter\Database\BaseConnection->query('SELECT \r\n      ...')
#4 D:\Conteúdo da Faculdade\Sétimo Semestre\Breno Lisi Romano\SVN-PIDC7-Felipe José\desenvolvimento\comum\Sprint-int01\app\Views\pagamentos\list_medicos.php(27): App\Models\MedicosModel->dadosDeTodosMedicos()
#5 D:\Conteúdo da Faculdade\Sétimo Semestre\Breno Lisi Romano\SVN-PIDC7-Felipe José\desenvolvimento\comum\Sprint-int01\system\View\View.php(213): include('D:\\Conte\xC3\xBAdo da...')
#6 D:\Conteúdo da Faculdade\Sétimo Semestre\Breno Lisi Romano\SVN-PIDC7-Felipe José\desenvolvimento\comum\Sprint-int01\system\View\View.php(216): CodeIgniter\View\View->CodeIgniter\View\{closure}()
#7 D:\Conteúdo da Faculdade\Sétimo Semestre\Breno Lisi Romano\SVN-PIDC7-Felipe José\desenvolvimento\comum\Sprint-int01\system\Common.php(1137): CodeIgniter\View\View->render('/pagamentos/lis...', Array, true)
#8 D:\Conteúdo da Faculdade\Sétimo Semestre\Breno Lisi Romano\SVN-PIDC7-Felipe José\desenvolvimento\comum\Sprint-int01\app\Controllers\PagamentosController.php(31): view('/pagamentos/lis...')
#9 D:\Conteúdo da Faculdade\Sétimo Semestre\Breno Lisi Romano\SVN-PIDC7-Felipe José\desenvolvimento\comum\Sprint-int01\system\CodeIgniter.php(898): App\Controllers\PagamentosController->listarMedicos()
#10 D:\Conteúdo da Faculdade\Sétimo Semestre\Breno Lisi Romano\SVN-PIDC7-Felipe José\desenvolvimento\comum\Sprint-int01\system\CodeIgniter.php(457): CodeIgniter\CodeIgniter->runController(Object(App\Controllers\PagamentosController))
#11 D:\Conteúdo da Faculdade\Sétimo Semestre\Breno Lisi Romano\SVN-PIDC7-Felipe José\desenvolvimento\comum\Sprint-int01\system\CodeIgniter.php(340): CodeIgniter\CodeIgniter->handleRequest(NULL, Object(Config\Cache), false)
#12 D:\Conteúdo da Faculdade\Sétimo Semestre\Breno Lisi Romano\SVN-PIDC7-Felipe José\desenvolvimento\comum\Sprint-int01\public\index.php(67): CodeIgniter\CodeIgniter->run()
#13 D:\Conteúdo da Faculdade\Sétimo Semestre\Breno Lisi Romano\SVN-PIDC7-Felipe José\desenvolvimento\comum\Sprint-int01\system\Commands\Server\rewrite.php(43): require_once('D:\\Conte\xC3\xBAdo da...')
#14 {main}
CRITICAL - 2022-10-21 22:30:08 --> Unknown column 'medicos.FK_USUARIO_COMUM_USC_ID' in 'where clause'
in SYSTEMPATH\Database\MySQLi\Connection.php on line 292.
 1 SYSTEMPATH\Database\MySQLi\Connection.php(292): mysqli->query('SELECT 
            uc.USC_ID, uc.USC_NOME, uc.USC_DATA_NASCIMENTO, uc.USC_CPF, 
            medicos.MED_ID,
            fun.FUN_PRONTUARIO, fun.FUN_CATEGORIA
            FROM usuario_comum AS uc, medicos, funcionarios AS fun
            WHERE medicos.FK_USUARIO_COMUM_USC_ID = uc.USC_ID
            AND medicos.FK_FUNCIONARIOS_FUN_ID = pln.FUN_ID', 0)
 2 SYSTEMPATH\Database\BaseConnection.php(693): CodeIgniter\Database\MySQLi\Connection->execute('SELECT 
            uc.USC_ID, uc.USC_NOME, uc.USC_DATA_NASCIMENTO, uc.USC_CPF, 
            medicos.MED_ID,
            fun.FUN_PRONTUARIO, fun.FUN_CATEGORIA
            FROM usuario_comum AS uc, medicos, funcionarios AS fun
            WHERE medicos.FK_USUARIO_COMUM_USC_ID = uc.USC_ID
            AND medicos.FK_FUNCIONARIOS_FUN_ID = pln.FUN_ID')
 3 SYSTEMPATH\Database\BaseConnection.php(620): CodeIgniter\Database\BaseConnection->simpleQuery('SELECT 
            uc.USC_ID, uc.USC_NOME, uc.USC_DATA_NASCIMENTO, uc.USC_CPF, 
            medicos.MED_ID,
            fun.FUN_PRONTUARIO, fun.FUN_CATEGORIA
            FROM usuario_comum AS uc, medicos, funcionarios AS fun
            WHERE medicos.FK_USUARIO_COMUM_USC_ID = uc.USC_ID
            AND medicos.FK_FUNCIONARIOS_FUN_ID = pln.FUN_ID')
 4 APPPATH\Models\MedicosModel.php(93): CodeIgniter\Database\BaseConnection->query('SELECT 
            uc.USC_ID, uc.USC_NOME, uc.USC_DATA_NASCIMENTO, uc.USC_CPF, 
            medicos.MED_ID,
            fun.FUN_PRONTUARIO, fun.FUN_CATEGORIA
            FROM usuario_comum AS uc, medicos, funcionarios AS fun
            WHERE medicos.FK_USUARIO_COMUM_USC_ID = uc.USC_ID
            AND medicos.FK_FUNCIONARIOS_FUN_ID = pln.FUN_ID')
 5 APPPATH\Views\pagamentos\list_medicos.php(27): App\Models\MedicosModel->dadosDeTodosMedicos()
 6 SYSTEMPATH\View\View.php(213): include('APPPATH\\Views\\pagamentos\\list_medicos.php')
 7 SYSTEMPATH\View\View.php(216): CodeIgniter\View\View->CodeIgniter\View\{closure}()
 8 SYSTEMPATH\Common.php(1137): CodeIgniter\View\View->render('/pagamentos/list_medicos.php', [], true)
 9 APPPATH\Controllers\PagamentosController.php(31): view('/pagamentos/list_medicos.php')
10 SYSTEMPATH\CodeIgniter.php(898): App\Controllers\PagamentosController->listarMedicos()
11 SYSTEMPATH\CodeIgniter.php(457): CodeIgniter\CodeIgniter->runController(Object(App\Controllers\PagamentosController))
12 SYSTEMPATH\CodeIgniter.php(340): CodeIgniter\CodeIgniter->handleRequest(null, Object(Config\Cache), false)
13 FCPATH\index.php(67): CodeIgniter\CodeIgniter->run()
14 SYSTEMPATH\Commands\Server\rewrite.php(43): require_once('FCPATH\\index.php')
ERROR - 2022-10-21 22:31:38 --> mysqli_sql_exception: Unknown column 'pln.FUN_ID' in 'where clause' in D:\Conteúdo da Faculdade\Sétimo Semestre\Breno Lisi Romano\SVN-PIDC7-Felipe José\desenvolvimento\comum\Sprint-int01\system\Database\MySQLi\Connection.php:292
Stack trace:
#0 D:\Conteúdo da Faculdade\Sétimo Semestre\Breno Lisi Romano\SVN-PIDC7-Felipe José\desenvolvimento\comum\Sprint-int01\system\Database\MySQLi\Connection.php(292): mysqli->query('SELECT \r\n      ...', 0)
#1 D:\Conteúdo da Faculdade\Sétimo Semestre\Breno Lisi Romano\SVN-PIDC7-Felipe José\desenvolvimento\comum\Sprint-int01\system\Database\BaseConnection.php(693): CodeIgniter\Database\MySQLi\Connection->execute('SELECT \r\n      ...')
#2 D:\Conteúdo da Faculdade\Sétimo Semestre\Breno Lisi Romano\SVN-PIDC7-Felipe José\desenvolvimento\comum\Sprint-int01\system\Database\BaseConnection.php(620): CodeIgniter\Database\BaseConnection->simpleQuery('SELECT \r\n      ...')
#3 D:\Conteúdo da Faculdade\Sétimo Semestre\Breno Lisi Romano\SVN-PIDC7-Felipe José\desenvolvimento\comum\Sprint-int01\app\Models\MedicosModel.php(93): CodeIgniter\Database\BaseConnection->query('SELECT \r\n      ...')
#4 D:\Conteúdo da Faculdade\Sétimo Semestre\Breno Lisi Romano\SVN-PIDC7-Felipe José\desenvolvimento\comum\Sprint-int01\app\Views\pagamentos\list_medicos.php(27): App\Models\MedicosModel->dadosDeTodosMedicos()
#5 D:\Conteúdo da Faculdade\Sétimo Semestre\Breno Lisi Romano\SVN-PIDC7-Felipe José\desenvolvimento\comum\Sprint-int01\system\View\View.php(213): include('D:\\Conte\xC3\xBAdo da...')
#6 D:\Conteúdo da Faculdade\Sétimo Semestre\Breno Lisi Romano\SVN-PIDC7-Felipe José\desenvolvimento\comum\Sprint-int01\system\View\View.php(216): CodeIgniter\View\View->CodeIgniter\View\{closure}()
#7 D:\Conteúdo da Faculdade\Sétimo Semestre\Breno Lisi Romano\SVN-PIDC7-Felipe José\desenvolvimento\comum\Sprint-int01\system\Common.php(1137): CodeIgniter\View\View->render('/pagamentos/lis...', Array, true)
#8 D:\Conteúdo da Faculdade\Sétimo Semestre\Breno Lisi Romano\SVN-PIDC7-Felipe José\desenvolvimento\comum\Sprint-int01\app\Controllers\PagamentosController.php(31): view('/pagamentos/lis...')
#9 D:\Conteúdo da Faculdade\Sétimo Semestre\Breno Lisi Romano\SVN-PIDC7-Felipe José\desenvolvimento\comum\Sprint-int01\system\CodeIgniter.php(898): App\Controllers\PagamentosController->listarMedicos()
#10 D:\Conteúdo da Faculdade\Sétimo Semestre\Breno Lisi Romano\SVN-PIDC7-Felipe José\desenvolvimento\comum\Sprint-int01\system\CodeIgniter.php(457): CodeIgniter\CodeIgniter->runController(Object(App\Controllers\PagamentosController))
#11 D:\Conteúdo da Faculdade\Sétimo Semestre\Breno Lisi Romano\SVN-PIDC7-Felipe José\desenvolvimento\comum\Sprint-int01\system\CodeIgniter.php(340): CodeIgniter\CodeIgniter->handleRequest(NULL, Object(Config\Cache), false)
#12 D:\Conteúdo da Faculdade\Sétimo Semestre\Breno Lisi Romano\SVN-PIDC7-Felipe José\desenvolvimento\comum\Sprint-int01\public\index.php(67): CodeIgniter\CodeIgniter->run()
#13 D:\Conteúdo da Faculdade\Sétimo Semestre\Breno Lisi Romano\SVN-PIDC7-Felipe José\desenvolvimento\comum\Sprint-int01\system\Commands\Server\rewrite.php(43): require_once('D:\\Conte\xC3\xBAdo da...')
#14 {main}
CRITICAL - 2022-10-21 22:31:38 --> Unknown column 'pln.FUN_ID' in 'where clause'
in SYSTEMPATH\Database\MySQLi\Connection.php on line 292.
 1 SYSTEMPATH\Database\MySQLi\Connection.php(292): mysqli->query('SELECT 
            uc.USC_ID, uc.USC_NOME, uc.USC_DATA_NASCIMENTO, uc.USC_CPF, 
            medicos.MED_ID,
            fun.FUN_PRONTUARIO, fun.FUN_CATEGORIA
            FROM usuario_comum AS uc, medicos, funcionarios AS fun
            WHERE medicos.FK_FUNCIONARIOS_FUN_ID = uc.USC_ID
            AND medicos.FK_FUNCIONARIOS_FUN_ID = pln.FUN_ID', 0)
 2 SYSTEMPATH\Database\BaseConnection.php(693): CodeIgniter\Database\MySQLi\Connection->execute('SELECT 
            uc.USC_ID, uc.USC_NOME, uc.USC_DATA_NASCIMENTO, uc.USC_CPF, 
            medicos.MED_ID,
            fun.FUN_PRONTUARIO, fun.FUN_CATEGORIA
            FROM usuario_comum AS uc, medicos, funcionarios AS fun
            WHERE medicos.FK_FUNCIONARIOS_FUN_ID = uc.USC_ID
            AND medicos.FK_FUNCIONARIOS_FUN_ID = pln.FUN_ID')
 3 SYSTEMPATH\Database\BaseConnection.php(620): CodeIgniter\Database\BaseConnection->simpleQuery('SELECT 
            uc.USC_ID, uc.USC_NOME, uc.USC_DATA_NASCIMENTO, uc.USC_CPF, 
            medicos.MED_ID,
            fun.FUN_PRONTUARIO, fun.FUN_CATEGORIA
            FROM usuario_comum AS uc, medicos, funcionarios AS fun
            WHERE medicos.FK_FUNCIONARIOS_FUN_ID = uc.USC_ID
            AND medicos.FK_FUNCIONARIOS_FUN_ID = pln.FUN_ID')
 4 APPPATH\Models\MedicosModel.php(93): CodeIgniter\Database\BaseConnection->query('SELECT 
            uc.USC_ID, uc.USC_NOME, uc.USC_DATA_NASCIMENTO, uc.USC_CPF, 
            medicos.MED_ID,
            fun.FUN_PRONTUARIO, fun.FUN_CATEGORIA
            FROM usuario_comum AS uc, medicos, funcionarios AS fun
            WHERE medicos.FK_FUNCIONARIOS_FUN_ID = uc.USC_ID
            AND medicos.FK_FUNCIONARIOS_FUN_ID = pln.FUN_ID')
 5 APPPATH\Views\pagamentos\list_medicos.php(27): App\Models\MedicosModel->dadosDeTodosMedicos()
 6 SYSTEMPATH\View\View.php(213): include('APPPATH\\Views\\pagamentos\\list_medicos.php')
 7 SYSTEMPATH\View\View.php(216): CodeIgniter\View\View->CodeIgniter\View\{closure}()
 8 SYSTEMPATH\Common.php(1137): CodeIgniter\View\View->render('/pagamentos/list_medicos.php', [], true)
 9 APPPATH\Controllers\PagamentosController.php(31): view('/pagamentos/list_medicos.php')
10 SYSTEMPATH\CodeIgniter.php(898): App\Controllers\PagamentosController->listarMedicos()
11 SYSTEMPATH\CodeIgniter.php(457): CodeIgniter\CodeIgniter->runController(Object(App\Controllers\PagamentosController))
12 SYSTEMPATH\CodeIgniter.php(340): CodeIgniter\CodeIgniter->handleRequest(null, Object(Config\Cache), false)
13 FCPATH\index.php(67): CodeIgniter\CodeIgniter->run()
14 SYSTEMPATH\Commands\Server\rewrite.php(43): require_once('FCPATH\\index.php')
CRITICAL - 2022-10-21 22:31:50 --> Undefined variable $pacientes
in APPPATH\Views\pagamentos\list_medicos.php on line 145.
 1 APPPATH\Views\pagamentos\list_medicos.php(145): CodeIgniter\Debug\Exceptions->errorHandler(2, 'Undefined variable $pacientes', 'APPPATH\\Views\\pagamentos\\list_medicos.php', 145)
 2 SYSTEMPATH\View\View.php(213): include('APPPATH\\Views\\pagamentos\\list_medicos.php')
 3 SYSTEMPATH\View\View.php(216): CodeIgniter\View\View->CodeIgniter\View\{closure}()
 4 SYSTEMPATH\Common.php(1137): CodeIgniter\View\View->render('/pagamentos/list_medicos.php', [], true)
 5 APPPATH\Controllers\PagamentosController.php(31): view('/pagamentos/list_medicos.php')
 6 SYSTEMPATH\CodeIgniter.php(898): App\Controllers\PagamentosController->listarMedicos()
 7 SYSTEMPATH\CodeIgniter.php(457): CodeIgniter\CodeIgniter->runController(Object(App\Controllers\PagamentosController))
 8 SYSTEMPATH\CodeIgniter.php(340): CodeIgniter\CodeIgniter->handleRequest(null, Object(Config\Cache), false)
 9 FCPATH\index.php(67): CodeIgniter\CodeIgniter->run()
10 SYSTEMPATH\Commands\Server\rewrite.php(43): require_once('FCPATH\\index.php')
