CRITICAL - 2022-09-27 05:54:45 --> Invalid file: /pacientes/list.php
in SYSTEMPATH\Exceptions\FrameworkException.php on line 33.
 1 SYSTEMPATH\View\View.php(201): CodeIgniter\Exceptions\FrameworkException::forInvalidFile('/pacientes/list.php')
 2 SYSTEMPATH\Common.php(1137): CodeIgniter\View\View->render('/pacientes/list.php', [], true)
 3 APPPATH\Controllers\PacientesController.php(21): view('/pacientes/list.php')
 4 SYSTEMPATH\CodeIgniter.php(898): App\Controllers\PacientesController->listagem()
 5 SYSTEMPATH\CodeIgniter.php(457): CodeIgniter\CodeIgniter->runController(Object(App\Controllers\PacientesController))
 6 SYSTEMPATH\CodeIgniter.php(340): CodeIgniter\CodeIgniter->handleRequest(null, Object(Config\Cache), false)
 7 FCPATH\index.php(67): CodeIgniter\CodeIgniter->run()
 8 SYSTEMPATH\Commands\Server\rewrite.php(43): require_once('FCPATH\\index.php')
CRITICAL - 2022-09-27 08:01:00 --> Undefined property: stdClass::$DEP_ID
in APPPATH\Views\dependentes\list.php on line 180.
 1 APPPATH\Views\dependentes\list.php(180): CodeIgniter\Debug\Exceptions->errorHandler(2, 'Undefined property: stdClass::$DEP_ID', 'APPPATH\\Views\\dependentes\\list.php', 180)
 2 SYSTEMPATH\View\View.php(213): include('APPPATH\\Views\\dependentes\\list.php')
 3 SYSTEMPATH\View\View.php(216): CodeIgniter\View\View->CodeIgniter\View\{closure}()
 4 SYSTEMPATH\Common.php(1137): CodeIgniter\View\View->render('/dependentes/list.php', [], true)
 5 APPPATH\Controllers\DependentesController.php(17): view('/dependentes/list.php')
 6 SYSTEMPATH\CodeIgniter.php(898): App\Controllers\DependentesController->listagem()
 7 SYSTEMPATH\CodeIgniter.php(457): CodeIgniter\CodeIgniter->runController(Object(App\Controllers\DependentesController))
 8 SYSTEMPATH\CodeIgniter.php(340): CodeIgniter\CodeIgniter->handleRequest(null, Object(Config\Cache), false)
 9 FCPATH\index.php(67): CodeIgniter\CodeIgniter->run()
10 SYSTEMPATH\Commands\Server\rewrite.php(43): require_once('FCPATH\\index.php')
CRITICAL - 2022-09-27 09:45:11 --> Undefined property: stdClass::$DEP_ID
in APPPATH\Views\dependentes\list.php on line 179.
 1 APPPATH\Views\dependentes\list.php(179): CodeIgniter\Debug\Exceptions->errorHandler(2, 'Undefined property: stdClass::$DEP_ID', 'APPPATH\\Views\\dependentes\\list.php', 179)
 2 SYSTEMPATH\View\View.php(213): include('APPPATH\\Views\\dependentes\\list.php')
 3 SYSTEMPATH\View\View.php(216): CodeIgniter\View\View->CodeIgniter\View\{closure}()
 4 SYSTEMPATH\Common.php(1137): CodeIgniter\View\View->render('/dependentes/list.php', [], true)
 5 APPPATH\Controllers\DependentesController.php(17): view('/dependentes/list.php')
 6 SYSTEMPATH\CodeIgniter.php(898): App\Controllers\DependentesController->listagem()
 7 SYSTEMPATH\CodeIgniter.php(457): CodeIgniter\CodeIgniter->runController(Object(App\Controllers\DependentesController))
 8 SYSTEMPATH\CodeIgniter.php(340): CodeIgniter\CodeIgniter->handleRequest(null, Object(Config\Cache), false)
 9 FCPATH\index.php(67): CodeIgniter\CodeIgniter->run()
10 SYSTEMPATH\Commands\Server\rewrite.php(43): require_once('FCPATH\\index.php')
CRITICAL - 2022-09-27 10:47:48 --> Call to undefined method App\Models\DependentesModel::findAllById
in SYSTEMPATH\Model.php on line 773.
 1 APPPATH\Views\dependentes\list.php(123): CodeIgniter\Model->__call('findAllById', [])
 2 SYSTEMPATH\View\View.php(213): include('APPPATH\\Views\\dependentes\\list.php')
 3 SYSTEMPATH\View\View.php(216): CodeIgniter\View\View->CodeIgniter\View\{closure}()
 4 SYSTEMPATH\Common.php(1137): CodeIgniter\View\View->render('/dependentes/list.php', [], true)
 5 APPPATH\Controllers\DependentesController.php(17): view('/dependentes/list.php')
 6 SYSTEMPATH\CodeIgniter.php(898): App\Controllers\DependentesController->listagem()
 7 SYSTEMPATH\CodeIgniter.php(457): CodeIgniter\CodeIgniter->runController(Object(App\Controllers\DependentesController))
 8 SYSTEMPATH\CodeIgniter.php(340): CodeIgniter\CodeIgniter->handleRequest(null, Object(Config\Cache), false)
 9 FCPATH\index.php(67): CodeIgniter\CodeIgniter->run()
10 SYSTEMPATH\Commands\Server\rewrite.php(43): require_once('FCPATH\\index.php')
CRITICAL - 2022-09-27 11:36:14 --> Call to undefined method App\Models\DependentesModel::findAllById
in SYSTEMPATH\Model.php on line 773.
 1 APPPATH\Views\dependentes\list.php(123): CodeIgniter\Model->__call('findAllById', [])
 2 SYSTEMPATH\View\View.php(213): include('APPPATH\\Views\\dependentes\\list.php')
 3 SYSTEMPATH\View\View.php(216): CodeIgniter\View\View->CodeIgniter\View\{closure}()
 4 SYSTEMPATH\Common.php(1137): CodeIgniter\View\View->render('/dependentes/list.php', [], true)
 5 APPPATH\Controllers\DependentesController.php(17): view('/dependentes/list.php')
 6 SYSTEMPATH\CodeIgniter.php(898): App\Controllers\DependentesController->listagem()
 7 SYSTEMPATH\CodeIgniter.php(457): CodeIgniter\CodeIgniter->runController(Object(App\Controllers\DependentesController))
 8 SYSTEMPATH\CodeIgniter.php(340): CodeIgniter\CodeIgniter->handleRequest(null, Object(Config\Cache), false)
 9 FCPATH\index.php(67): CodeIgniter\CodeIgniter->run()
10 SYSTEMPATH\Commands\Server\rewrite.php(43): require_once('FCPATH\\index.php')
CRITICAL - 2022-09-27 11:39:39 --> Too few arguments to function App\Models\DependentesModel::findAllById(), 0 passed in C:\xampp3\htdocs\OMNIMED\desenvolvimento\comum\Sprint-int01\app\Views\dependentes\list.php on line 123 and exactly 1 expected
in APPPATH\Models\DependentesModel.php on line 108.
 1 APPPATH\Views\dependentes\list.php(123): App\Models\DependentesModel->findAllById()
 2 SYSTEMPATH\View\View.php(213): include('APPPATH\\Views\\dependentes\\list.php')
 3 SYSTEMPATH\View\View.php(216): CodeIgniter\View\View->CodeIgniter\View\{closure}()
 4 SYSTEMPATH\Common.php(1137): CodeIgniter\View\View->render('/dependentes/list.php', [], true)
 5 APPPATH\Controllers\DependentesController.php(17): view('/dependentes/list.php')
 6 SYSTEMPATH\CodeIgniter.php(898): App\Controllers\DependentesController->listagem()
 7 SYSTEMPATH\CodeIgniter.php(457): CodeIgniter\CodeIgniter->runController(Object(App\Controllers\DependentesController))
 8 SYSTEMPATH\CodeIgniter.php(340): CodeIgniter\CodeIgniter->handleRequest(null, Object(Config\Cache), false)
 9 FCPATH\index.php(67): CodeIgniter\CodeIgniter->run()
10 SYSTEMPATH\Commands\Server\rewrite.php(43): require_once('FCPATH\\index.php')
CRITICAL - 2022-09-27 11:40:54 --> Undefined variable $dependente
in APPPATH\Views\dependentes\list.php on line 122.
 1 APPPATH\Views\dependentes\list.php(122): CodeIgniter\Debug\Exceptions->errorHandler(2, 'Undefined variable $dependente', 'APPPATH\\Views\\dependentes\\list.php', 122)
 2 SYSTEMPATH\View\View.php(213): include('APPPATH\\Views\\dependentes\\list.php')
 3 SYSTEMPATH\View\View.php(216): CodeIgniter\View\View->CodeIgniter\View\{closure}()
 4 SYSTEMPATH\Common.php(1137): CodeIgniter\View\View->render('/dependentes/list.php', [], true)
 5 APPPATH\Controllers\DependentesController.php(17): view('/dependentes/list.php')
 6 SYSTEMPATH\CodeIgniter.php(898): App\Controllers\DependentesController->listagem()
 7 SYSTEMPATH\CodeIgniter.php(457): CodeIgniter\CodeIgniter->runController(Object(App\Controllers\DependentesController))
 8 SYSTEMPATH\CodeIgniter.php(340): CodeIgniter\CodeIgniter->handleRequest(null, Object(Config\Cache), false)
 9 FCPATH\index.php(67): CodeIgniter\CodeIgniter->run()
10 SYSTEMPATH\Commands\Server\rewrite.php(43): require_once('FCPATH\\index.php')
CRITICAL - 2022-09-27 11:57:07 --> Undefined variable $dependente
in APPPATH\Views\dependentes\list.php on line 122.
 1 APPPATH\Views\dependentes\list.php(122): CodeIgniter\Debug\Exceptions->errorHandler(2, 'Undefined variable $dependente', 'APPPATH\\Views\\dependentes\\list.php', 122)
 2 SYSTEMPATH\View\View.php(213): include('APPPATH\\Views\\dependentes\\list.php')
 3 SYSTEMPATH\View\View.php(216): CodeIgniter\View\View->CodeIgniter\View\{closure}()
 4 SYSTEMPATH\Common.php(1137): CodeIgniter\View\View->render('/dependentes/list.php', [], true)
 5 APPPATH\Controllers\DependentesController.php(17): view('/dependentes/list.php')
 6 SYSTEMPATH\CodeIgniter.php(898): App\Controllers\DependentesController->listagem()
 7 SYSTEMPATH\CodeIgniter.php(457): CodeIgniter\CodeIgniter->runController(Object(App\Controllers\DependentesController))
 8 SYSTEMPATH\CodeIgniter.php(340): CodeIgniter\CodeIgniter->handleRequest(null, Object(Config\Cache), false)
 9 FCPATH\index.php(67): CodeIgniter\CodeIgniter->run()
10 SYSTEMPATH\Commands\Server\rewrite.php(43): require_once('FCPATH\\index.php')
CRITICAL - 2022-09-27 11:58:20 --> Undefined property: stdClass::$DEP_ID
in APPPATH\Views\dependentes\list.php on line 185.
 1 APPPATH\Views\dependentes\list.php(185): CodeIgniter\Debug\Exceptions->errorHandler(2, 'Undefined property: stdClass::$DEP_ID', 'APPPATH\\Views\\dependentes\\list.php', 185)
 2 SYSTEMPATH\View\View.php(213): include('APPPATH\\Views\\dependentes\\list.php')
 3 SYSTEMPATH\View\View.php(216): CodeIgniter\View\View->CodeIgniter\View\{closure}()
 4 SYSTEMPATH\Common.php(1137): CodeIgniter\View\View->render('/dependentes/list.php', [], true)
 5 APPPATH\Controllers\DependentesController.php(17): view('/dependentes/list.php')
 6 SYSTEMPATH\CodeIgniter.php(898): App\Controllers\DependentesController->listagem()
 7 SYSTEMPATH\CodeIgniter.php(457): CodeIgniter\CodeIgniter->runController(Object(App\Controllers\DependentesController))
 8 SYSTEMPATH\CodeIgniter.php(340): CodeIgniter\CodeIgniter->handleRequest(null, Object(Config\Cache), false)
 9 FCPATH\index.php(67): CodeIgniter\CodeIgniter->run()
10 SYSTEMPATH\Commands\Server\rewrite.php(43): require_once('FCPATH\\index.php')
CRITICAL - 2022-09-27 12:14:12 --> Undefined property: stdClass::$DEP_ID
in APPPATH\Views\dependentes\list.php on line 185.
 1 APPPATH\Views\dependentes\list.php(185): CodeIgniter\Debug\Exceptions->errorHandler(2, 'Undefined property: stdClass::$DEP_ID', 'APPPATH\\Views\\dependentes\\list.php', 185)
 2 SYSTEMPATH\View\View.php(213): include('APPPATH\\Views\\dependentes\\list.php')
 3 SYSTEMPATH\View\View.php(216): CodeIgniter\View\View->CodeIgniter\View\{closure}()
 4 SYSTEMPATH\Common.php(1137): CodeIgniter\View\View->render('/dependentes/list.php', [], true)
 5 APPPATH\Controllers\DependentesController.php(17): view('/dependentes/list.php')
 6 SYSTEMPATH\CodeIgniter.php(898): App\Controllers\DependentesController->listagem()
 7 SYSTEMPATH\CodeIgniter.php(457): CodeIgniter\CodeIgniter->runController(Object(App\Controllers\DependentesController))
 8 SYSTEMPATH\CodeIgniter.php(340): CodeIgniter\CodeIgniter->handleRequest(null, Object(Config\Cache), false)
 9 FCPATH\index.php(67): CodeIgniter\CodeIgniter->run()
10 SYSTEMPATH\Commands\Server\rewrite.php(43): require_once('FCPATH\\index.php')
CRITICAL - 2022-09-27 12:15:58 --> Undefined property: stdClass::$DEP_ID
in APPPATH\Views\dependentes\list.php on line 185.
 1 APPPATH\Views\dependentes\list.php(185): CodeIgniter\Debug\Exceptions->errorHandler(2, 'Undefined property: stdClass::$DEP_ID', 'APPPATH\\Views\\dependentes\\list.php', 185)
 2 SYSTEMPATH\View\View.php(213): include('APPPATH\\Views\\dependentes\\list.php')
 3 SYSTEMPATH\View\View.php(216): CodeIgniter\View\View->CodeIgniter\View\{closure}()
 4 SYSTEMPATH\Common.php(1137): CodeIgniter\View\View->render('/dependentes/list.php', [], true)
 5 APPPATH\Controllers\DependentesController.php(17): view('/dependentes/list.php')
 6 SYSTEMPATH\CodeIgniter.php(898): App\Controllers\DependentesController->listagem()
 7 SYSTEMPATH\CodeIgniter.php(457): CodeIgniter\CodeIgniter->runController(Object(App\Controllers\DependentesController))
 8 SYSTEMPATH\CodeIgniter.php(340): CodeIgniter\CodeIgniter->handleRequest(null, Object(Config\Cache), false)
 9 FCPATH\index.php(67): CodeIgniter\CodeIgniter->run()
10 SYSTEMPATH\Commands\Server\rewrite.php(43): require_once('FCPATH\\index.php')
CRITICAL - 2022-09-27 12:31:54 --> Undefined variable $dependente
in APPPATH\Views\dependentes\list.php on line 127.
 1 APPPATH\Views\dependentes\list.php(127): CodeIgniter\Debug\Exceptions->errorHandler(2, 'Undefined variable $dependente', 'APPPATH\\Views\\dependentes\\list.php', 127)
 2 SYSTEMPATH\View\View.php(213): include('APPPATH\\Views\\dependentes\\list.php')
 3 SYSTEMPATH\View\View.php(216): CodeIgniter\View\View->CodeIgniter\View\{closure}()
 4 SYSTEMPATH\Common.php(1137): CodeIgniter\View\View->render('/dependentes/list.php', [], true)
 5 APPPATH\Controllers\DependentesController.php(17): view('/dependentes/list.php')
 6 SYSTEMPATH\CodeIgniter.php(898): App\Controllers\DependentesController->listagem()
 7 SYSTEMPATH\CodeIgniter.php(457): CodeIgniter\CodeIgniter->runController(Object(App\Controllers\DependentesController))
 8 SYSTEMPATH\CodeIgniter.php(340): CodeIgniter\CodeIgniter->handleRequest(null, Object(Config\Cache), false)
 9 FCPATH\index.php(67): CodeIgniter\CodeIgniter->run()
10 SYSTEMPATH\Commands\Server\rewrite.php(43): require_once('FCPATH\\index.php')
CRITICAL - 2022-09-27 12:37:16 --> Undefined array key "id"
in APPPATH\Views\dependentes\list.php on line 121.
 1 APPPATH\Views\dependentes\list.php(121): CodeIgniter\Debug\Exceptions->errorHandler(2, 'Undefined array key "id"', 'APPPATH\\Views\\dependentes\\list.php', 121)
 2 SYSTEMPATH\View\View.php(213): include('APPPATH\\Views\\dependentes\\list.php')
 3 SYSTEMPATH\View\View.php(216): CodeIgniter\View\View->CodeIgniter\View\{closure}()
 4 SYSTEMPATH\Common.php(1137): CodeIgniter\View\View->render('/dependentes/list.php', [], true)
 5 APPPATH\Controllers\DependentesController.php(17): view('/dependentes/list.php')
 6 SYSTEMPATH\CodeIgniter.php(898): App\Controllers\DependentesController->listagem()
 7 SYSTEMPATH\CodeIgniter.php(457): CodeIgniter\CodeIgniter->runController(Object(App\Controllers\DependentesController))
 8 SYSTEMPATH\CodeIgniter.php(340): CodeIgniter\CodeIgniter->handleRequest(null, Object(Config\Cache), false)
 9 FCPATH\index.php(67): CodeIgniter\CodeIgniter->run()
10 SYSTEMPATH\Commands\Server\rewrite.php(43): require_once('FCPATH\\index.php')
CRITICAL - 2022-09-27 12:45:12 --> Undefined array key "data-bs-id"
in APPPATH\Views\dependentes\list.php on line 121.
 1 APPPATH\Views\dependentes\list.php(121): CodeIgniter\Debug\Exceptions->errorHandler(2, 'Undefined array key "data-bs-id"', 'APPPATH\\Views\\dependentes\\list.php', 121)
 2 SYSTEMPATH\View\View.php(213): include('APPPATH\\Views\\dependentes\\list.php')
 3 SYSTEMPATH\View\View.php(216): CodeIgniter\View\View->CodeIgniter\View\{closure}()
 4 SYSTEMPATH\Common.php(1137): CodeIgniter\View\View->render('/dependentes/list.php', [], true)
 5 APPPATH\Controllers\DependentesController.php(17): view('/dependentes/list.php')
 6 SYSTEMPATH\CodeIgniter.php(898): App\Controllers\DependentesController->listagem()
 7 SYSTEMPATH\CodeIgniter.php(457): CodeIgniter\CodeIgniter->runController(Object(App\Controllers\DependentesController))
 8 SYSTEMPATH\CodeIgniter.php(340): CodeIgniter\CodeIgniter->handleRequest(null, Object(Config\Cache), false)
 9 FCPATH\index.php(67): CodeIgniter\CodeIgniter->run()
10 SYSTEMPATH\Commands\Server\rewrite.php(43): require_once('FCPATH\\index.php')
CRITICAL - 2022-09-27 12:46:25 --> Undefined variable $dependente
in APPPATH\Views\dependentes\list.php on line 121.
 1 APPPATH\Views\dependentes\list.php(121): CodeIgniter\Debug\Exceptions->errorHandler(2, 'Undefined variable $dependente', 'APPPATH\\Views\\dependentes\\list.php', 121)
 2 SYSTEMPATH\View\View.php(213): include('APPPATH\\Views\\dependentes\\list.php')
 3 SYSTEMPATH\View\View.php(216): CodeIgniter\View\View->CodeIgniter\View\{closure}()
 4 SYSTEMPATH\Common.php(1137): CodeIgniter\View\View->render('/dependentes/list.php', [], true)
 5 APPPATH\Controllers\DependentesController.php(17): view('/dependentes/list.php')
 6 SYSTEMPATH\CodeIgniter.php(898): App\Controllers\DependentesController->listagem()
 7 SYSTEMPATH\CodeIgniter.php(457): CodeIgniter\CodeIgniter->runController(Object(App\Controllers\DependentesController))
 8 SYSTEMPATH\CodeIgniter.php(340): CodeIgniter\CodeIgniter->handleRequest(null, Object(Config\Cache), false)
 9 FCPATH\index.php(67): CodeIgniter\CodeIgniter->run()
10 SYSTEMPATH\Commands\Server\rewrite.php(43): require_once('FCPATH\\index.php')
CRITICAL - 2022-09-27 12:48:37 --> Undefined variable $dependente
in APPPATH\Views\dependentes\list.php on line 121.
 1 APPPATH\Views\dependentes\list.php(121): CodeIgniter\Debug\Exceptions->errorHandler(2, 'Undefined variable $dependente', 'APPPATH\\Views\\dependentes\\list.php', 121)
 2 SYSTEMPATH\View\View.php(213): include('APPPATH\\Views\\dependentes\\list.php')
 3 SYSTEMPATH\View\View.php(216): CodeIgniter\View\View->CodeIgniter\View\{closure}()
 4 SYSTEMPATH\Common.php(1137): CodeIgniter\View\View->render('/dependentes/list.php', [], true)
 5 APPPATH\Controllers\DependentesController.php(17): view('/dependentes/list.php')
 6 SYSTEMPATH\CodeIgniter.php(898): App\Controllers\DependentesController->listagem()
 7 SYSTEMPATH\CodeIgniter.php(457): CodeIgniter\CodeIgniter->runController(Object(App\Controllers\DependentesController))
 8 SYSTEMPATH\CodeIgniter.php(340): CodeIgniter\CodeIgniter->handleRequest(null, Object(Config\Cache), false)
 9 FCPATH\index.php(67): CodeIgniter\CodeIgniter->run()
10 SYSTEMPATH\Commands\Server\rewrite.php(43): require_once('FCPATH\\index.php')
CRITICAL - 2022-09-27 12:50:20 --> Undefined variable $dependente
in APPPATH\Views\dependentes\list.php on line 121.
 1 APPPATH\Views\dependentes\list.php(121): CodeIgniter\Debug\Exceptions->errorHandler(2, 'Undefined variable $dependente', 'APPPATH\\Views\\dependentes\\list.php', 121)
 2 SYSTEMPATH\View\View.php(213): include('APPPATH\\Views\\dependentes\\list.php')
 3 SYSTEMPATH\View\View.php(216): CodeIgniter\View\View->CodeIgniter\View\{closure}()
 4 SYSTEMPATH\Common.php(1137): CodeIgniter\View\View->render('/dependentes/list.php', [], true)
 5 APPPATH\Controllers\DependentesController.php(17): view('/dependentes/list.php')
 6 SYSTEMPATH\CodeIgniter.php(898): App\Controllers\DependentesController->listagem()
 7 SYSTEMPATH\CodeIgniter.php(457): CodeIgniter\CodeIgniter->runController(Object(App\Controllers\DependentesController))
 8 SYSTEMPATH\CodeIgniter.php(340): CodeIgniter\CodeIgniter->handleRequest(null, Object(Config\Cache), false)
 9 FCPATH\index.php(67): CodeIgniter\CodeIgniter->run()
10 SYSTEMPATH\Commands\Server\rewrite.php(43): require_once('FCPATH\\index.php')
CRITICAL - 2022-09-27 12:51:55 --> Undefined variable $id
in APPPATH\Views\dependentes\list.php on line 121.
 1 APPPATH\Views\dependentes\list.php(121): CodeIgniter\Debug\Exceptions->errorHandler(2, 'Undefined variable $id', 'APPPATH\\Views\\dependentes\\list.php', 121)
 2 SYSTEMPATH\View\View.php(213): include('APPPATH\\Views\\dependentes\\list.php')
 3 SYSTEMPATH\View\View.php(216): CodeIgniter\View\View->CodeIgniter\View\{closure}()
 4 SYSTEMPATH\Common.php(1137): CodeIgniter\View\View->render('/dependentes/list.php', [], true)
 5 APPPATH\Controllers\DependentesController.php(17): view('/dependentes/list.php')
 6 SYSTEMPATH\CodeIgniter.php(898): App\Controllers\DependentesController->listagem()
 7 SYSTEMPATH\CodeIgniter.php(457): CodeIgniter\CodeIgniter->runController(Object(App\Controllers\DependentesController))
 8 SYSTEMPATH\CodeIgniter.php(340): CodeIgniter\CodeIgniter->handleRequest(null, Object(Config\Cache), false)
 9 FCPATH\index.php(67): CodeIgniter\CodeIgniter->run()
10 SYSTEMPATH\Commands\Server\rewrite.php(43): require_once('FCPATH\\index.php')
CRITICAL - 2022-09-27 12:54:22 --> Undefined variable $id
in APPPATH\Views\dependentes\list.php on line 123.
 1 APPPATH\Views\dependentes\list.php(123): CodeIgniter\Debug\Exceptions->errorHandler(2, 'Undefined variable $id', 'APPPATH\\Views\\dependentes\\list.php', 123)
 2 SYSTEMPATH\View\View.php(213): include('APPPATH\\Views\\dependentes\\list.php')
 3 SYSTEMPATH\View\View.php(216): CodeIgniter\View\View->CodeIgniter\View\{closure}()
 4 SYSTEMPATH\Common.php(1137): CodeIgniter\View\View->render('/dependentes/list.php', [], true)
 5 APPPATH\Controllers\DependentesController.php(17): view('/dependentes/list.php')
 6 SYSTEMPATH\CodeIgniter.php(898): App\Controllers\DependentesController->listagem()
 7 SYSTEMPATH\CodeIgniter.php(457): CodeIgniter\CodeIgniter->runController(Object(App\Controllers\DependentesController))
 8 SYSTEMPATH\CodeIgniter.php(340): CodeIgniter\CodeIgniter->handleRequest(null, Object(Config\Cache), false)
 9 FCPATH\index.php(67): CodeIgniter\CodeIgniter->run()
10 SYSTEMPATH\Commands\Server\rewrite.php(43): require_once('FCPATH\\index.php')
CRITICAL - 2022-09-27 12:57:27 --> Undefined variable $idDependente
in APPPATH\Views\dependentes\list.php on line 121.
 1 APPPATH\Views\dependentes\list.php(121): CodeIgniter\Debug\Exceptions->errorHandler(2, 'Undefined variable $idDependente', 'APPPATH\\Views\\dependentes\\list.php', 121)
 2 SYSTEMPATH\View\View.php(213): include('APPPATH\\Views\\dependentes\\list.php')
 3 SYSTEMPATH\View\View.php(216): CodeIgniter\View\View->CodeIgniter\View\{closure}()
 4 SYSTEMPATH\Common.php(1137): CodeIgniter\View\View->render('/dependentes/list.php', [], true)
 5 APPPATH\Controllers\DependentesController.php(17): view('/dependentes/list.php')
 6 SYSTEMPATH\CodeIgniter.php(898): App\Controllers\DependentesController->listagem()
 7 SYSTEMPATH\CodeIgniter.php(457): CodeIgniter\CodeIgniter->runController(Object(App\Controllers\DependentesController))
 8 SYSTEMPATH\CodeIgniter.php(340): CodeIgniter\CodeIgniter->handleRequest(null, Object(Config\Cache), false)
 9 FCPATH\index.php(67): CodeIgniter\CodeIgniter->run()
10 SYSTEMPATH\Commands\Server\rewrite.php(43): require_once('FCPATH\\index.php')
