ERROR - 2022-08-23 16:51:01 --> mysqli_sql_exception: You have an error in your SQL syntax; check the manual that corresponds to your MariaDB server version for the right syntax to use near '->tabela WHERE FK_REMEDIOS_RMD_ID = :id' at line 1 in C:\Users\bv3004295\Desktop\SVN-PIDC7-Felipe José\desenvolvimento\comum\Sprint-int01\system\Database\MySQLi\Connection.php:292
Stack trace:
#0 C:\Users\bv3004295\Desktop\SVN-PIDC7-Felipe José\desenvolvimento\comum\Sprint-int01\system\Database\MySQLi\Connection.php(292): mysqli->query('SELECT * FROM $...', 0)
#1 C:\Users\bv3004295\Desktop\SVN-PIDC7-Felipe José\desenvolvimento\comum\Sprint-int01\system\Database\BaseConnection.php(693): CodeIgniter\Database\MySQLi\Connection->execute('SELECT * FROM $...')
#2 C:\Users\bv3004295\Desktop\SVN-PIDC7-Felipe José\desenvolvimento\comum\Sprint-int01\system\Database\BaseConnection.php(620): CodeIgniter\Database\BaseConnection->simpleQuery('SELECT * FROM $...')
#3 C:\Users\bv3004295\Desktop\SVN-PIDC7-Felipe José\desenvolvimento\comum\Sprint-int01\app\Models\UsoRemediosModel.php(47): CodeIgniter\Database\BaseConnection->query('SELECT * FROM $...')
#4 C:\Users\bv3004295\Desktop\SVN-PIDC7-Felipe José\desenvolvimento\comum\Sprint-int01\app\Views\remedios\edit.php(26): App\Models\UsoRemediosModel->findAllById(2)
#5 C:\Users\bv3004295\Desktop\SVN-PIDC7-Felipe José\desenvolvimento\comum\Sprint-int01\system\View\View.php(213): include('C:\\Users\\bv3004...')
#6 C:\Users\bv3004295\Desktop\SVN-PIDC7-Felipe José\desenvolvimento\comum\Sprint-int01\system\View\View.php(216): CodeIgniter\View\View->CodeIgniter\View\{closure}()
#7 C:\Users\bv3004295\Desktop\SVN-PIDC7-Felipe José\desenvolvimento\comum\Sprint-int01\system\Common.php(1137): CodeIgniter\View\View->render('/remedios/edit....', Array, true)
#8 C:\Users\bv3004295\Desktop\SVN-PIDC7-Felipe José\desenvolvimento\comum\Sprint-int01\app\Controllers\RemediosController.php(21): view('/remedios/edit....', Array)
#9 C:\Users\bv3004295\Desktop\SVN-PIDC7-Felipe José\desenvolvimento\comum\Sprint-int01\system\CodeIgniter.php(898): App\Controllers\RemediosController->editar('2')
#10 C:\Users\bv3004295\Desktop\SVN-PIDC7-Felipe José\desenvolvimento\comum\Sprint-int01\system\CodeIgniter.php(457): CodeIgniter\CodeIgniter->runController(Object(App\Controllers\RemediosController))
#11 C:\Users\bv3004295\Desktop\SVN-PIDC7-Felipe José\desenvolvimento\comum\Sprint-int01\system\CodeIgniter.php(340): CodeIgniter\CodeIgniter->handleRequest(NULL, Object(Config\Cache), false)
#12 C:\Users\bv3004295\Desktop\SVN-PIDC7-Felipe José\desenvolvimento\comum\Sprint-int01\public\index.php(67): CodeIgniter\CodeIgniter->run()
#13 C:\Users\bv3004295\Desktop\SVN-PIDC7-Felipe José\desenvolvimento\comum\Sprint-int01\system\Commands\Server\rewrite.php(43): require_once('C:\\Users\\bv3004...')
#14 {main}
CRITICAL - 2022-08-23 16:51:01 --> You have an error in your SQL syntax; check the manual that corresponds to your MariaDB server version for the right syntax to use near '->tabela WHERE FK_REMEDIOS_RMD_ID = :id' at line 1
in SYSTEMPATH\Database\MySQLi\Connection.php on line 292.
 1 SYSTEMPATH\Database\MySQLi\Connection.php(292): mysqli->query('SELECT * FROM $this->tabela WHERE FK_REMEDIOS_RMD_ID = :id', 0)
 2 SYSTEMPATH\Database\BaseConnection.php(693): CodeIgniter\Database\MySQLi\Connection->execute('SELECT * FROM $this->tabela WHERE FK_REMEDIOS_RMD_ID = :id')
 3 SYSTEMPATH\Database\BaseConnection.php(620): CodeIgniter\Database\BaseConnection->simpleQuery('SELECT * FROM $this->tabela WHERE FK_REMEDIOS_RMD_ID = :id')
 4 APPPATH\Models\UsoRemediosModel.php(47): CodeIgniter\Database\BaseConnection->query('SELECT * FROM $this->tabela WHERE FK_REMEDIOS_RMD_ID = :id')
 5 APPPATH\Views\remedios\edit.php(26): App\Models\UsoRemediosModel->findAllById(2)
 6 SYSTEMPATH\View\View.php(213): include('APPPATH\\Views\\remedios\\edit.php')
 7 SYSTEMPATH\View\View.php(216): CodeIgniter\View\View->CodeIgniter\View\{closure}()
 8 SYSTEMPATH\Common.php(1137): CodeIgniter\View\View->render('/remedios/edit.php', [], true)
 9 APPPATH\Controllers\RemediosController.php(21): view('/remedios/edit.php', [...])
10 SYSTEMPATH\CodeIgniter.php(898): App\Controllers\RemediosController->editar('2')
11 SYSTEMPATH\CodeIgniter.php(457): CodeIgniter\CodeIgniter->runController(Object(App\Controllers\RemediosController))
12 SYSTEMPATH\CodeIgniter.php(340): CodeIgniter\CodeIgniter->handleRequest(null, Object(Config\Cache), false)
13 FCPATH\index.php(67): CodeIgniter\CodeIgniter->run()
14 SYSTEMPATH\Commands\Server\rewrite.php(43): require_once('FCPATH\\index.php')
ERROR - 2022-08-23 17:05:19 --> mysqli_sql_exception: You have an error in your SQL syntax; check the manual that corresponds to your MariaDB server version for the right syntax to use near '->tabela WHERE FK_REMEDIOS_RMD_ID = :id' at line 1 in C:\Users\bv3004295\Desktop\SVN-PIDC7-Felipe José\desenvolvimento\comum\Sprint-int01\system\Database\MySQLi\Connection.php:292
Stack trace:
#0 C:\Users\bv3004295\Desktop\SVN-PIDC7-Felipe José\desenvolvimento\comum\Sprint-int01\system\Database\MySQLi\Connection.php(292): mysqli->query('SELECT * FROM $...', 0)
#1 C:\Users\bv3004295\Desktop\SVN-PIDC7-Felipe José\desenvolvimento\comum\Sprint-int01\system\Database\BaseConnection.php(693): CodeIgniter\Database\MySQLi\Connection->execute('SELECT * FROM $...')
#2 C:\Users\bv3004295\Desktop\SVN-PIDC7-Felipe José\desenvolvimento\comum\Sprint-int01\system\Database\BaseConnection.php(620): CodeIgniter\Database\BaseConnection->simpleQuery('SELECT * FROM $...')
#3 C:\Users\bv3004295\Desktop\SVN-PIDC7-Felipe José\desenvolvimento\comum\Sprint-int01\app\Models\UsoRemediosModel.php(47): CodeIgniter\Database\BaseConnection->query('SELECT * FROM $...')
#4 C:\Users\bv3004295\Desktop\SVN-PIDC7-Felipe José\desenvolvimento\comum\Sprint-int01\app\Views\remedios\edit.php(26): App\Models\UsoRemediosModel->findAllById(2)
#5 C:\Users\bv3004295\Desktop\SVN-PIDC7-Felipe José\desenvolvimento\comum\Sprint-int01\system\View\View.php(213): include('C:\\Users\\bv3004...')
#6 C:\Users\bv3004295\Desktop\SVN-PIDC7-Felipe José\desenvolvimento\comum\Sprint-int01\system\View\View.php(216): CodeIgniter\View\View->CodeIgniter\View\{closure}()
#7 C:\Users\bv3004295\Desktop\SVN-PIDC7-Felipe José\desenvolvimento\comum\Sprint-int01\system\Common.php(1137): CodeIgniter\View\View->render('/remedios/edit....', Array, true)
#8 C:\Users\bv3004295\Desktop\SVN-PIDC7-Felipe José\desenvolvimento\comum\Sprint-int01\app\Controllers\RemediosController.php(21): view('/remedios/edit....', Array)
#9 C:\Users\bv3004295\Desktop\SVN-PIDC7-Felipe José\desenvolvimento\comum\Sprint-int01\system\CodeIgniter.php(898): App\Controllers\RemediosController->editar('2')
#10 C:\Users\bv3004295\Desktop\SVN-PIDC7-Felipe José\desenvolvimento\comum\Sprint-int01\system\CodeIgniter.php(457): CodeIgniter\CodeIgniter->runController(Object(App\Controllers\RemediosController))
#11 C:\Users\bv3004295\Desktop\SVN-PIDC7-Felipe José\desenvolvimento\comum\Sprint-int01\system\CodeIgniter.php(340): CodeIgniter\CodeIgniter->handleRequest(NULL, Object(Config\Cache), false)
#12 C:\Users\bv3004295\Desktop\SVN-PIDC7-Felipe José\desenvolvimento\comum\Sprint-int01\public\index.php(67): CodeIgniter\CodeIgniter->run()
#13 C:\Users\bv3004295\Desktop\SVN-PIDC7-Felipe José\desenvolvimento\comum\Sprint-int01\system\Commands\Server\rewrite.php(43): require_once('C:\\Users\\bv3004...')
#14 {main}
CRITICAL - 2022-08-23 17:05:19 --> You have an error in your SQL syntax; check the manual that corresponds to your MariaDB server version for the right syntax to use near '->tabela WHERE FK_REMEDIOS_RMD_ID = :id' at line 1
in SYSTEMPATH\Database\MySQLi\Connection.php on line 292.
 1 SYSTEMPATH\Database\MySQLi\Connection.php(292): mysqli->query('SELECT * FROM $this->tabela WHERE FK_REMEDIOS_RMD_ID = :id', 0)
 2 SYSTEMPATH\Database\BaseConnection.php(693): CodeIgniter\Database\MySQLi\Connection->execute('SELECT * FROM $this->tabela WHERE FK_REMEDIOS_RMD_ID = :id')
 3 SYSTEMPATH\Database\BaseConnection.php(620): CodeIgniter\Database\BaseConnection->simpleQuery('SELECT * FROM $this->tabela WHERE FK_REMEDIOS_RMD_ID = :id')
 4 APPPATH\Models\UsoRemediosModel.php(47): CodeIgniter\Database\BaseConnection->query('SELECT * FROM $this->tabela WHERE FK_REMEDIOS_RMD_ID = :id')
 5 APPPATH\Views\remedios\edit.php(26): App\Models\UsoRemediosModel->findAllById(2)
 6 SYSTEMPATH\View\View.php(213): include('APPPATH\\Views\\remedios\\edit.php')
 7 SYSTEMPATH\View\View.php(216): CodeIgniter\View\View->CodeIgniter\View\{closure}()
 8 SYSTEMPATH\Common.php(1137): CodeIgniter\View\View->render('/remedios/edit.php', [], true)
 9 APPPATH\Controllers\RemediosController.php(21): view('/remedios/edit.php', [...])
10 SYSTEMPATH\CodeIgniter.php(898): App\Controllers\RemediosController->editar('2')
11 SYSTEMPATH\CodeIgniter.php(457): CodeIgniter\CodeIgniter->runController(Object(App\Controllers\RemediosController))
12 SYSTEMPATH\CodeIgniter.php(340): CodeIgniter\CodeIgniter->handleRequest(null, Object(Config\Cache), false)
13 FCPATH\index.php(67): CodeIgniter\CodeIgniter->run()
14 SYSTEMPATH\Commands\Server\rewrite.php(43): require_once('FCPATH\\index.php')
ERROR - 2022-08-23 17:11:01 --> mysqli_sql_exception: You have an error in your SQL syntax; check the manual that corresponds to your MariaDB server version for the right syntax to use near '->tabela WHERE FK_REMEDIOS_RMD_ID = :id' at line 1 in C:\Users\bv3004295\Desktop\SVN-PIDC7-Felipe José\desenvolvimento\comum\Sprint-int01\system\Database\MySQLi\Connection.php:292
Stack trace:
#0 C:\Users\bv3004295\Desktop\SVN-PIDC7-Felipe José\desenvolvimento\comum\Sprint-int01\system\Database\MySQLi\Connection.php(292): mysqli->query('SELECT * FROM $...', 0)
#1 C:\Users\bv3004295\Desktop\SVN-PIDC7-Felipe José\desenvolvimento\comum\Sprint-int01\system\Database\BaseConnection.php(693): CodeIgniter\Database\MySQLi\Connection->execute('SELECT * FROM $...')
#2 C:\Users\bv3004295\Desktop\SVN-PIDC7-Felipe José\desenvolvimento\comum\Sprint-int01\system\Database\BaseConnection.php(620): CodeIgniter\Database\BaseConnection->simpleQuery('SELECT * FROM $...')
#3 C:\Users\bv3004295\Desktop\SVN-PIDC7-Felipe José\desenvolvimento\comum\Sprint-int01\app\Models\UsoRemediosModel.php(47): CodeIgniter\Database\BaseConnection->query('SELECT * FROM $...')
#4 C:\Users\bv3004295\Desktop\SVN-PIDC7-Felipe José\desenvolvimento\comum\Sprint-int01\app\Views\remedios\edit.php(26): App\Models\UsoRemediosModel->findAllById(2)
#5 C:\Users\bv3004295\Desktop\SVN-PIDC7-Felipe José\desenvolvimento\comum\Sprint-int01\system\View\View.php(213): include('C:\\Users\\bv3004...')
#6 C:\Users\bv3004295\Desktop\SVN-PIDC7-Felipe José\desenvolvimento\comum\Sprint-int01\system\View\View.php(216): CodeIgniter\View\View->CodeIgniter\View\{closure}()
#7 C:\Users\bv3004295\Desktop\SVN-PIDC7-Felipe José\desenvolvimento\comum\Sprint-int01\system\Common.php(1137): CodeIgniter\View\View->render('/remedios/edit....', Array, true)
#8 C:\Users\bv3004295\Desktop\SVN-PIDC7-Felipe José\desenvolvimento\comum\Sprint-int01\app\Controllers\RemediosController.php(21): view('/remedios/edit....', Array)
#9 C:\Users\bv3004295\Desktop\SVN-PIDC7-Felipe José\desenvolvimento\comum\Sprint-int01\system\CodeIgniter.php(898): App\Controllers\RemediosController->editar('2')
#10 C:\Users\bv3004295\Desktop\SVN-PIDC7-Felipe José\desenvolvimento\comum\Sprint-int01\system\CodeIgniter.php(457): CodeIgniter\CodeIgniter->runController(Object(App\Controllers\RemediosController))
#11 C:\Users\bv3004295\Desktop\SVN-PIDC7-Felipe José\desenvolvimento\comum\Sprint-int01\system\CodeIgniter.php(340): CodeIgniter\CodeIgniter->handleRequest(NULL, Object(Config\Cache), false)
#12 C:\Users\bv3004295\Desktop\SVN-PIDC7-Felipe José\desenvolvimento\comum\Sprint-int01\public\index.php(67): CodeIgniter\CodeIgniter->run()
#13 C:\Users\bv3004295\Desktop\SVN-PIDC7-Felipe José\desenvolvimento\comum\Sprint-int01\system\Commands\Server\rewrite.php(43): require_once('C:\\Users\\bv3004...')
#14 {main}
CRITICAL - 2022-08-23 17:11:01 --> You have an error in your SQL syntax; check the manual that corresponds to your MariaDB server version for the right syntax to use near '->tabela WHERE FK_REMEDIOS_RMD_ID = :id' at line 1
in SYSTEMPATH\Database\MySQLi\Connection.php on line 292.
 1 SYSTEMPATH\Database\MySQLi\Connection.php(292): mysqli->query('SELECT * FROM $this->tabela WHERE FK_REMEDIOS_RMD_ID = :id', 0)
 2 SYSTEMPATH\Database\BaseConnection.php(693): CodeIgniter\Database\MySQLi\Connection->execute('SELECT * FROM $this->tabela WHERE FK_REMEDIOS_RMD_ID = :id')
 3 SYSTEMPATH\Database\BaseConnection.php(620): CodeIgniter\Database\BaseConnection->simpleQuery('SELECT * FROM $this->tabela WHERE FK_REMEDIOS_RMD_ID = :id')
 4 APPPATH\Models\UsoRemediosModel.php(47): CodeIgniter\Database\BaseConnection->query('SELECT * FROM $this->tabela WHERE FK_REMEDIOS_RMD_ID = :id')
 5 APPPATH\Views\remedios\edit.php(26): App\Models\UsoRemediosModel->findAllById(2)
 6 SYSTEMPATH\View\View.php(213): include('APPPATH\\Views\\remedios\\edit.php')
 7 SYSTEMPATH\View\View.php(216): CodeIgniter\View\View->CodeIgniter\View\{closure}()
 8 SYSTEMPATH\Common.php(1137): CodeIgniter\View\View->render('/remedios/edit.php', [], true)
 9 APPPATH\Controllers\RemediosController.php(21): view('/remedios/edit.php', [...])
10 SYSTEMPATH\CodeIgniter.php(898): App\Controllers\RemediosController->editar('2')
11 SYSTEMPATH\CodeIgniter.php(457): CodeIgniter\CodeIgniter->runController(Object(App\Controllers\RemediosController))
12 SYSTEMPATH\CodeIgniter.php(340): CodeIgniter\CodeIgniter->handleRequest(null, Object(Config\Cache), false)
13 FCPATH\index.php(67): CodeIgniter\CodeIgniter->run()
14 SYSTEMPATH\Commands\Server\rewrite.php(43): require_once('FCPATH\\index.php')
ERROR - 2022-08-23 17:15:25 --> mysqli_sql_exception: You have an error in your SQL syntax; check the manual that corresponds to your MariaDB server version for the right syntax to use near '->tabela WHERE FK_REMEDIOS_RMD_ID = :id' at line 1 in C:\Users\bv3004295\Desktop\SVN-PIDC7-Felipe José\desenvolvimento\comum\Sprint-int01\system\Database\MySQLi\Connection.php:292
Stack trace:
#0 C:\Users\bv3004295\Desktop\SVN-PIDC7-Felipe José\desenvolvimento\comum\Sprint-int01\system\Database\MySQLi\Connection.php(292): mysqli->query('SELECT * FROM $...', 0)
#1 C:\Users\bv3004295\Desktop\SVN-PIDC7-Felipe José\desenvolvimento\comum\Sprint-int01\system\Database\BaseConnection.php(693): CodeIgniter\Database\MySQLi\Connection->execute('SELECT * FROM $...')
#2 C:\Users\bv3004295\Desktop\SVN-PIDC7-Felipe José\desenvolvimento\comum\Sprint-int01\system\Database\BaseConnection.php(620): CodeIgniter\Database\BaseConnection->simpleQuery('SELECT * FROM $...')
#3 C:\Users\bv3004295\Desktop\SVN-PIDC7-Felipe José\desenvolvimento\comum\Sprint-int01\app\Models\UsoRemediosModel.php(47): CodeIgniter\Database\BaseConnection->query('SELECT * FROM $...')
#4 C:\Users\bv3004295\Desktop\SVN-PIDC7-Felipe José\desenvolvimento\comum\Sprint-int01\app\Views\remedios\edit.php(26): App\Models\UsoRemediosModel->findAllById(2)
#5 C:\Users\bv3004295\Desktop\SVN-PIDC7-Felipe José\desenvolvimento\comum\Sprint-int01\system\View\View.php(213): include('C:\\Users\\bv3004...')
#6 C:\Users\bv3004295\Desktop\SVN-PIDC7-Felipe José\desenvolvimento\comum\Sprint-int01\system\View\View.php(216): CodeIgniter\View\View->CodeIgniter\View\{closure}()
#7 C:\Users\bv3004295\Desktop\SVN-PIDC7-Felipe José\desenvolvimento\comum\Sprint-int01\system\Common.php(1137): CodeIgniter\View\View->render('/remedios/edit....', Array, true)
#8 C:\Users\bv3004295\Desktop\SVN-PIDC7-Felipe José\desenvolvimento\comum\Sprint-int01\app\Controllers\RemediosController.php(21): view('/remedios/edit....', Array)
#9 C:\Users\bv3004295\Desktop\SVN-PIDC7-Felipe José\desenvolvimento\comum\Sprint-int01\system\CodeIgniter.php(898): App\Controllers\RemediosController->editar('2')
#10 C:\Users\bv3004295\Desktop\SVN-PIDC7-Felipe José\desenvolvimento\comum\Sprint-int01\system\CodeIgniter.php(457): CodeIgniter\CodeIgniter->runController(Object(App\Controllers\RemediosController))
#11 C:\Users\bv3004295\Desktop\SVN-PIDC7-Felipe José\desenvolvimento\comum\Sprint-int01\system\CodeIgniter.php(340): CodeIgniter\CodeIgniter->handleRequest(NULL, Object(Config\Cache), false)
#12 C:\Users\bv3004295\Desktop\SVN-PIDC7-Felipe José\desenvolvimento\comum\Sprint-int01\public\index.php(67): CodeIgniter\CodeIgniter->run()
#13 C:\Users\bv3004295\Desktop\SVN-PIDC7-Felipe José\desenvolvimento\comum\Sprint-int01\system\Commands\Server\rewrite.php(43): require_once('C:\\Users\\bv3004...')
#14 {main}
CRITICAL - 2022-08-23 17:15:25 --> You have an error in your SQL syntax; check the manual that corresponds to your MariaDB server version for the right syntax to use near '->tabela WHERE FK_REMEDIOS_RMD_ID = :id' at line 1
in SYSTEMPATH\Database\MySQLi\Connection.php on line 292.
 1 SYSTEMPATH\Database\MySQLi\Connection.php(292): mysqli->query('SELECT * FROM $this->tabela WHERE FK_REMEDIOS_RMD_ID = :id', 0)
 2 SYSTEMPATH\Database\BaseConnection.php(693): CodeIgniter\Database\MySQLi\Connection->execute('SELECT * FROM $this->tabela WHERE FK_REMEDIOS_RMD_ID = :id')
 3 SYSTEMPATH\Database\BaseConnection.php(620): CodeIgniter\Database\BaseConnection->simpleQuery('SELECT * FROM $this->tabela WHERE FK_REMEDIOS_RMD_ID = :id')
 4 APPPATH\Models\UsoRemediosModel.php(47): CodeIgniter\Database\BaseConnection->query('SELECT * FROM $this->tabela WHERE FK_REMEDIOS_RMD_ID = :id')
 5 APPPATH\Views\remedios\edit.php(26): App\Models\UsoRemediosModel->findAllById(2)
 6 SYSTEMPATH\View\View.php(213): include('APPPATH\\Views\\remedios\\edit.php')
 7 SYSTEMPATH\View\View.php(216): CodeIgniter\View\View->CodeIgniter\View\{closure}()
 8 SYSTEMPATH\Common.php(1137): CodeIgniter\View\View->render('/remedios/edit.php', [], true)
 9 APPPATH\Controllers\RemediosController.php(21): view('/remedios/edit.php', [...])
10 SYSTEMPATH\CodeIgniter.php(898): App\Controllers\RemediosController->editar('2')
11 SYSTEMPATH\CodeIgniter.php(457): CodeIgniter\CodeIgniter->runController(Object(App\Controllers\RemediosController))
12 SYSTEMPATH\CodeIgniter.php(340): CodeIgniter\CodeIgniter->handleRequest(null, Object(Config\Cache), false)
13 FCPATH\index.php(67): CodeIgniter\CodeIgniter->run()
14 SYSTEMPATH\Commands\Server\rewrite.php(43): require_once('FCPATH\\index.php')
ERROR - 2022-08-23 17:16:07 --> mysqli_sql_exception: You have an error in your SQL syntax; check the manual that corresponds to your MariaDB server version for the right syntax to use near '->tabela WHERE FK_REMEDIOS_RMD_ID = $id' at line 1 in C:\Users\bv3004295\Desktop\SVN-PIDC7-Felipe José\desenvolvimento\comum\Sprint-int01\system\Database\MySQLi\Connection.php:292
Stack trace:
#0 C:\Users\bv3004295\Desktop\SVN-PIDC7-Felipe José\desenvolvimento\comum\Sprint-int01\system\Database\MySQLi\Connection.php(292): mysqli->query('SELECT * FROM $...', 0)
#1 C:\Users\bv3004295\Desktop\SVN-PIDC7-Felipe José\desenvolvimento\comum\Sprint-int01\system\Database\BaseConnection.php(693): CodeIgniter\Database\MySQLi\Connection->execute('SELECT * FROM $...')
#2 C:\Users\bv3004295\Desktop\SVN-PIDC7-Felipe José\desenvolvimento\comum\Sprint-int01\system\Database\BaseConnection.php(620): CodeIgniter\Database\BaseConnection->simpleQuery('SELECT * FROM $...')
#3 C:\Users\bv3004295\Desktop\SVN-PIDC7-Felipe José\desenvolvimento\comum\Sprint-int01\app\Models\UsoRemediosModel.php(47): CodeIgniter\Database\BaseConnection->query('SELECT * FROM $...')
#4 C:\Users\bv3004295\Desktop\SVN-PIDC7-Felipe José\desenvolvimento\comum\Sprint-int01\app\Views\remedios\edit.php(26): App\Models\UsoRemediosModel->findAllById(2)
#5 C:\Users\bv3004295\Desktop\SVN-PIDC7-Felipe José\desenvolvimento\comum\Sprint-int01\system\View\View.php(213): include('C:\\Users\\bv3004...')
#6 C:\Users\bv3004295\Desktop\SVN-PIDC7-Felipe José\desenvolvimento\comum\Sprint-int01\system\View\View.php(216): CodeIgniter\View\View->CodeIgniter\View\{closure}()
#7 C:\Users\bv3004295\Desktop\SVN-PIDC7-Felipe José\desenvolvimento\comum\Sprint-int01\system\Common.php(1137): CodeIgniter\View\View->render('/remedios/edit....', Array, true)
#8 C:\Users\bv3004295\Desktop\SVN-PIDC7-Felipe José\desenvolvimento\comum\Sprint-int01\app\Controllers\RemediosController.php(21): view('/remedios/edit....', Array)
#9 C:\Users\bv3004295\Desktop\SVN-PIDC7-Felipe José\desenvolvimento\comum\Sprint-int01\system\CodeIgniter.php(898): App\Controllers\RemediosController->editar('2')
#10 C:\Users\bv3004295\Desktop\SVN-PIDC7-Felipe José\desenvolvimento\comum\Sprint-int01\system\CodeIgniter.php(457): CodeIgniter\CodeIgniter->runController(Object(App\Controllers\RemediosController))
#11 C:\Users\bv3004295\Desktop\SVN-PIDC7-Felipe José\desenvolvimento\comum\Sprint-int01\system\CodeIgniter.php(340): CodeIgniter\CodeIgniter->handleRequest(NULL, Object(Config\Cache), false)
#12 C:\Users\bv3004295\Desktop\SVN-PIDC7-Felipe José\desenvolvimento\comum\Sprint-int01\public\index.php(67): CodeIgniter\CodeIgniter->run()
#13 C:\Users\bv3004295\Desktop\SVN-PIDC7-Felipe José\desenvolvimento\comum\Sprint-int01\system\Commands\Server\rewrite.php(43): require_once('C:\\Users\\bv3004...')
#14 {main}
CRITICAL - 2022-08-23 17:16:07 --> You have an error in your SQL syntax; check the manual that corresponds to your MariaDB server version for the right syntax to use near '->tabela WHERE FK_REMEDIOS_RMD_ID = $id' at line 1
in SYSTEMPATH\Database\MySQLi\Connection.php on line 292.
 1 SYSTEMPATH\Database\MySQLi\Connection.php(292): mysqli->query('SELECT * FROM $this->tabela WHERE FK_REMEDIOS_RMD_ID = $id', 0)
 2 SYSTEMPATH\Database\BaseConnection.php(693): CodeIgniter\Database\MySQLi\Connection->execute('SELECT * FROM $this->tabela WHERE FK_REMEDIOS_RMD_ID = $id')
 3 SYSTEMPATH\Database\BaseConnection.php(620): CodeIgniter\Database\BaseConnection->simpleQuery('SELECT * FROM $this->tabela WHERE FK_REMEDIOS_RMD_ID = $id')
 4 APPPATH\Models\UsoRemediosModel.php(47): CodeIgniter\Database\BaseConnection->query('SELECT * FROM $this->tabela WHERE FK_REMEDIOS_RMD_ID = $id')
 5 APPPATH\Views\remedios\edit.php(26): App\Models\UsoRemediosModel->findAllById(2)
 6 SYSTEMPATH\View\View.php(213): include('APPPATH\\Views\\remedios\\edit.php')
 7 SYSTEMPATH\View\View.php(216): CodeIgniter\View\View->CodeIgniter\View\{closure}()
 8 SYSTEMPATH\Common.php(1137): CodeIgniter\View\View->render('/remedios/edit.php', [], true)
 9 APPPATH\Controllers\RemediosController.php(21): view('/remedios/edit.php', [...])
10 SYSTEMPATH\CodeIgniter.php(898): App\Controllers\RemediosController->editar('2')
11 SYSTEMPATH\CodeIgniter.php(457): CodeIgniter\CodeIgniter->runController(Object(App\Controllers\RemediosController))
12 SYSTEMPATH\CodeIgniter.php(340): CodeIgniter\CodeIgniter->handleRequest(null, Object(Config\Cache), false)
13 FCPATH\index.php(67): CodeIgniter\CodeIgniter->run()
14 SYSTEMPATH\Commands\Server\rewrite.php(43): require_once('FCPATH\\index.php')
ERROR - 2022-08-23 17:16:14 --> mysqli_sql_exception: You have an error in your SQL syntax; check the manual that corresponds to your MariaDB server version for the right syntax to use near '->tabela WHERE FK_REMEDIOS_RMD_ID = $id' at line 1 in C:\Users\bv3004295\Desktop\SVN-PIDC7-Felipe José\desenvolvimento\comum\Sprint-int01\system\Database\MySQLi\Connection.php:292
Stack trace:
#0 C:\Users\bv3004295\Desktop\SVN-PIDC7-Felipe José\desenvolvimento\comum\Sprint-int01\system\Database\MySQLi\Connection.php(292): mysqli->query('SELECT * FROM $...', 0)
#1 C:\Users\bv3004295\Desktop\SVN-PIDC7-Felipe José\desenvolvimento\comum\Sprint-int01\system\Database\BaseConnection.php(693): CodeIgniter\Database\MySQLi\Connection->execute('SELECT * FROM $...')
#2 C:\Users\bv3004295\Desktop\SVN-PIDC7-Felipe José\desenvolvimento\comum\Sprint-int01\system\Database\BaseConnection.php(620): CodeIgniter\Database\BaseConnection->simpleQuery('SELECT * FROM $...')
#3 C:\Users\bv3004295\Desktop\SVN-PIDC7-Felipe José\desenvolvimento\comum\Sprint-int01\app\Models\UsoRemediosModel.php(47): CodeIgniter\Database\BaseConnection->query('SELECT * FROM $...')
#4 C:\Users\bv3004295\Desktop\SVN-PIDC7-Felipe José\desenvolvimento\comum\Sprint-int01\app\Views\remedios\edit.php(26): App\Models\UsoRemediosModel->findAllById(2)
#5 C:\Users\bv3004295\Desktop\SVN-PIDC7-Felipe José\desenvolvimento\comum\Sprint-int01\system\View\View.php(213): include('C:\\Users\\bv3004...')
#6 C:\Users\bv3004295\Desktop\SVN-PIDC7-Felipe José\desenvolvimento\comum\Sprint-int01\system\View\View.php(216): CodeIgniter\View\View->CodeIgniter\View\{closure}()
#7 C:\Users\bv3004295\Desktop\SVN-PIDC7-Felipe José\desenvolvimento\comum\Sprint-int01\system\Common.php(1137): CodeIgniter\View\View->render('/remedios/edit....', Array, true)
#8 C:\Users\bv3004295\Desktop\SVN-PIDC7-Felipe José\desenvolvimento\comum\Sprint-int01\app\Controllers\RemediosController.php(21): view('/remedios/edit....', Array)
#9 C:\Users\bv3004295\Desktop\SVN-PIDC7-Felipe José\desenvolvimento\comum\Sprint-int01\system\CodeIgniter.php(898): App\Controllers\RemediosController->editar('2')
#10 C:\Users\bv3004295\Desktop\SVN-PIDC7-Felipe José\desenvolvimento\comum\Sprint-int01\system\CodeIgniter.php(457): CodeIgniter\CodeIgniter->runController(Object(App\Controllers\RemediosController))
#11 C:\Users\bv3004295\Desktop\SVN-PIDC7-Felipe José\desenvolvimento\comum\Sprint-int01\system\CodeIgniter.php(340): CodeIgniter\CodeIgniter->handleRequest(NULL, Object(Config\Cache), false)
#12 C:\Users\bv3004295\Desktop\SVN-PIDC7-Felipe José\desenvolvimento\comum\Sprint-int01\public\index.php(67): CodeIgniter\CodeIgniter->run()
#13 C:\Users\bv3004295\Desktop\SVN-PIDC7-Felipe José\desenvolvimento\comum\Sprint-int01\system\Commands\Server\rewrite.php(43): require_once('C:\\Users\\bv3004...')
#14 {main}
CRITICAL - 2022-08-23 17:16:14 --> You have an error in your SQL syntax; check the manual that corresponds to your MariaDB server version for the right syntax to use near '->tabela WHERE FK_REMEDIOS_RMD_ID = $id' at line 1
in SYSTEMPATH\Database\MySQLi\Connection.php on line 292.
 1 SYSTEMPATH\Database\MySQLi\Connection.php(292): mysqli->query('SELECT * FROM $this->tabela WHERE FK_REMEDIOS_RMD_ID = $id', 0)
 2 SYSTEMPATH\Database\BaseConnection.php(693): CodeIgniter\Database\MySQLi\Connection->execute('SELECT * FROM $this->tabela WHERE FK_REMEDIOS_RMD_ID = $id')
 3 SYSTEMPATH\Database\BaseConnection.php(620): CodeIgniter\Database\BaseConnection->simpleQuery('SELECT * FROM $this->tabela WHERE FK_REMEDIOS_RMD_ID = $id')
 4 APPPATH\Models\UsoRemediosModel.php(47): CodeIgniter\Database\BaseConnection->query('SELECT * FROM $this->tabela WHERE FK_REMEDIOS_RMD_ID = $id')
 5 APPPATH\Views\remedios\edit.php(26): App\Models\UsoRemediosModel->findAllById(2)
 6 SYSTEMPATH\View\View.php(213): include('APPPATH\\Views\\remedios\\edit.php')
 7 SYSTEMPATH\View\View.php(216): CodeIgniter\View\View->CodeIgniter\View\{closure}()
 8 SYSTEMPATH\Common.php(1137): CodeIgniter\View\View->render('/remedios/edit.php', [], true)
 9 APPPATH\Controllers\RemediosController.php(21): view('/remedios/edit.php', [...])
10 SYSTEMPATH\CodeIgniter.php(898): App\Controllers\RemediosController->editar('2')
11 SYSTEMPATH\CodeIgniter.php(457): CodeIgniter\CodeIgniter->runController(Object(App\Controllers\RemediosController))
12 SYSTEMPATH\CodeIgniter.php(340): CodeIgniter\CodeIgniter->handleRequest(null, Object(Config\Cache), false)
13 FCPATH\index.php(67): CodeIgniter\CodeIgniter->run()
14 SYSTEMPATH\Commands\Server\rewrite.php(43): require_once('FCPATH\\index.php')
ERROR - 2022-08-23 17:18:07 --> mysqli_sql_exception: You have an error in your SQL syntax; check the manual that corresponds to your MariaDB server version for the right syntax to use near '->tabela WHERE FK_REMEDIOS_RMD_ID = 2' at line 1 in C:\Users\bv3004295\Desktop\SVN-PIDC7-Felipe José\desenvolvimento\comum\Sprint-int01\system\Database\MySQLi\Connection.php:292
Stack trace:
#0 C:\Users\bv3004295\Desktop\SVN-PIDC7-Felipe José\desenvolvimento\comum\Sprint-int01\system\Database\MySQLi\Connection.php(292): mysqli->query('SELECT * FROM $...', 0)
#1 C:\Users\bv3004295\Desktop\SVN-PIDC7-Felipe José\desenvolvimento\comum\Sprint-int01\system\Database\BaseConnection.php(693): CodeIgniter\Database\MySQLi\Connection->execute('SELECT * FROM $...')
#2 C:\Users\bv3004295\Desktop\SVN-PIDC7-Felipe José\desenvolvimento\comum\Sprint-int01\system\Database\BaseConnection.php(620): CodeIgniter\Database\BaseConnection->simpleQuery('SELECT * FROM $...')
#3 C:\Users\bv3004295\Desktop\SVN-PIDC7-Felipe José\desenvolvimento\comum\Sprint-int01\app\Models\UsoRemediosModel.php(47): CodeIgniter\Database\BaseConnection->query('SELECT * FROM $...')
#4 C:\Users\bv3004295\Desktop\SVN-PIDC7-Felipe José\desenvolvimento\comum\Sprint-int01\app\Views\remedios\edit.php(26): App\Models\UsoRemediosModel->findAllById(2)
#5 C:\Users\bv3004295\Desktop\SVN-PIDC7-Felipe José\desenvolvimento\comum\Sprint-int01\system\View\View.php(213): include('C:\\Users\\bv3004...')
#6 C:\Users\bv3004295\Desktop\SVN-PIDC7-Felipe José\desenvolvimento\comum\Sprint-int01\system\View\View.php(216): CodeIgniter\View\View->CodeIgniter\View\{closure}()
#7 C:\Users\bv3004295\Desktop\SVN-PIDC7-Felipe José\desenvolvimento\comum\Sprint-int01\system\Common.php(1137): CodeIgniter\View\View->render('/remedios/edit....', Array, true)
#8 C:\Users\bv3004295\Desktop\SVN-PIDC7-Felipe José\desenvolvimento\comum\Sprint-int01\app\Controllers\RemediosController.php(21): view('/remedios/edit....', Array)
#9 C:\Users\bv3004295\Desktop\SVN-PIDC7-Felipe José\desenvolvimento\comum\Sprint-int01\system\CodeIgniter.php(898): App\Controllers\RemediosController->editar('2')
#10 C:\Users\bv3004295\Desktop\SVN-PIDC7-Felipe José\desenvolvimento\comum\Sprint-int01\system\CodeIgniter.php(457): CodeIgniter\CodeIgniter->runController(Object(App\Controllers\RemediosController))
#11 C:\Users\bv3004295\Desktop\SVN-PIDC7-Felipe José\desenvolvimento\comum\Sprint-int01\system\CodeIgniter.php(340): CodeIgniter\CodeIgniter->handleRequest(NULL, Object(Config\Cache), false)
#12 C:\Users\bv3004295\Desktop\SVN-PIDC7-Felipe José\desenvolvimento\comum\Sprint-int01\public\index.php(67): CodeIgniter\CodeIgniter->run()
#13 C:\Users\bv3004295\Desktop\SVN-PIDC7-Felipe José\desenvolvimento\comum\Sprint-int01\system\Commands\Server\rewrite.php(43): require_once('C:\\Users\\bv3004...')
#14 {main}
CRITICAL - 2022-08-23 17:18:07 --> You have an error in your SQL syntax; check the manual that corresponds to your MariaDB server version for the right syntax to use near '->tabela WHERE FK_REMEDIOS_RMD_ID = 2' at line 1
in SYSTEMPATH\Database\MySQLi\Connection.php on line 292.
 1 SYSTEMPATH\Database\MySQLi\Connection.php(292): mysqli->query('SELECT * FROM $this->tabela WHERE FK_REMEDIOS_RMD_ID = 2', 0)
 2 SYSTEMPATH\Database\BaseConnection.php(693): CodeIgniter\Database\MySQLi\Connection->execute('SELECT * FROM $this->tabela WHERE FK_REMEDIOS_RMD_ID = 2')
 3 SYSTEMPATH\Database\BaseConnection.php(620): CodeIgniter\Database\BaseConnection->simpleQuery('SELECT * FROM $this->tabela WHERE FK_REMEDIOS_RMD_ID = 2')
 4 APPPATH\Models\UsoRemediosModel.php(47): CodeIgniter\Database\BaseConnection->query('SELECT * FROM $this->tabela WHERE FK_REMEDIOS_RMD_ID = 2')
 5 APPPATH\Views\remedios\edit.php(26): App\Models\UsoRemediosModel->findAllById(2)
 6 SYSTEMPATH\View\View.php(213): include('APPPATH\\Views\\remedios\\edit.php')
 7 SYSTEMPATH\View\View.php(216): CodeIgniter\View\View->CodeIgniter\View\{closure}()
 8 SYSTEMPATH\Common.php(1137): CodeIgniter\View\View->render('/remedios/edit.php', [], true)
 9 APPPATH\Controllers\RemediosController.php(21): view('/remedios/edit.php', [...])
10 SYSTEMPATH\CodeIgniter.php(898): App\Controllers\RemediosController->editar('2')
11 SYSTEMPATH\CodeIgniter.php(457): CodeIgniter\CodeIgniter->runController(Object(App\Controllers\RemediosController))
12 SYSTEMPATH\CodeIgniter.php(340): CodeIgniter\CodeIgniter->handleRequest(null, Object(Config\Cache), false)
13 FCPATH\index.php(67): CodeIgniter\CodeIgniter->run()
14 SYSTEMPATH\Commands\Server\rewrite.php(43): require_once('FCPATH\\index.php')
ERROR - 2022-08-23 17:19:09 --> mysqli_sql_exception: You have an error in your SQL syntax; check the manual that corresponds to your MariaDB server version for the right syntax to use near 'FROMuso_remedio WHERE FK_REMEDIOS_RMD_ID = 2' at line 1 in C:\Users\bv3004295\Desktop\SVN-PIDC7-Felipe José\desenvolvimento\comum\Sprint-int01\system\Database\MySQLi\Connection.php:292
Stack trace:
#0 C:\Users\bv3004295\Desktop\SVN-PIDC7-Felipe José\desenvolvimento\comum\Sprint-int01\system\Database\MySQLi\Connection.php(292): mysqli->query('SELECT * FROMus...', 0)
#1 C:\Users\bv3004295\Desktop\SVN-PIDC7-Felipe José\desenvolvimento\comum\Sprint-int01\system\Database\BaseConnection.php(693): CodeIgniter\Database\MySQLi\Connection->execute('SELECT * FROMus...')
#2 C:\Users\bv3004295\Desktop\SVN-PIDC7-Felipe José\desenvolvimento\comum\Sprint-int01\system\Database\BaseConnection.php(620): CodeIgniter\Database\BaseConnection->simpleQuery('SELECT * FROMus...')
#3 C:\Users\bv3004295\Desktop\SVN-PIDC7-Felipe José\desenvolvimento\comum\Sprint-int01\app\Models\UsoRemediosModel.php(47): CodeIgniter\Database\BaseConnection->query('SELECT * FROMus...')
#4 C:\Users\bv3004295\Desktop\SVN-PIDC7-Felipe José\desenvolvimento\comum\Sprint-int01\app\Views\remedios\edit.php(26): App\Models\UsoRemediosModel->findAllById(2)
#5 C:\Users\bv3004295\Desktop\SVN-PIDC7-Felipe José\desenvolvimento\comum\Sprint-int01\system\View\View.php(213): include('C:\\Users\\bv3004...')
#6 C:\Users\bv3004295\Desktop\SVN-PIDC7-Felipe José\desenvolvimento\comum\Sprint-int01\system\View\View.php(216): CodeIgniter\View\View->CodeIgniter\View\{closure}()
#7 C:\Users\bv3004295\Desktop\SVN-PIDC7-Felipe José\desenvolvimento\comum\Sprint-int01\system\Common.php(1137): CodeIgniter\View\View->render('/remedios/edit....', Array, true)
#8 C:\Users\bv3004295\Desktop\SVN-PIDC7-Felipe José\desenvolvimento\comum\Sprint-int01\app\Controllers\RemediosController.php(21): view('/remedios/edit....', Array)
#9 C:\Users\bv3004295\Desktop\SVN-PIDC7-Felipe José\desenvolvimento\comum\Sprint-int01\system\CodeIgniter.php(898): App\Controllers\RemediosController->editar('2')
#10 C:\Users\bv3004295\Desktop\SVN-PIDC7-Felipe José\desenvolvimento\comum\Sprint-int01\system\CodeIgniter.php(457): CodeIgniter\CodeIgniter->runController(Object(App\Controllers\RemediosController))
#11 C:\Users\bv3004295\Desktop\SVN-PIDC7-Felipe José\desenvolvimento\comum\Sprint-int01\system\CodeIgniter.php(340): CodeIgniter\CodeIgniter->handleRequest(NULL, Object(Config\Cache), false)
#12 C:\Users\bv3004295\Desktop\SVN-PIDC7-Felipe José\desenvolvimento\comum\Sprint-int01\public\index.php(67): CodeIgniter\CodeIgniter->run()
#13 C:\Users\bv3004295\Desktop\SVN-PIDC7-Felipe José\desenvolvimento\comum\Sprint-int01\system\Commands\Server\rewrite.php(43): require_once('C:\\Users\\bv3004...')
#14 {main}
CRITICAL - 2022-08-23 17:19:09 --> You have an error in your SQL syntax; check the manual that corresponds to your MariaDB server version for the right syntax to use near 'FROMuso_remedio WHERE FK_REMEDIOS_RMD_ID = 2' at line 1
in SYSTEMPATH\Database\MySQLi\Connection.php on line 292.
 1 SYSTEMPATH\Database\MySQLi\Connection.php(292): mysqli->query('SELECT * FROMuso_remedio WHERE FK_REMEDIOS_RMD_ID = 2', 0)
 2 SYSTEMPATH\Database\BaseConnection.php(693): CodeIgniter\Database\MySQLi\Connection->execute('SELECT * FROMuso_remedio WHERE FK_REMEDIOS_RMD_ID = 2')
 3 SYSTEMPATH\Database\BaseConnection.php(620): CodeIgniter\Database\BaseConnection->simpleQuery('SELECT * FROMuso_remedio WHERE FK_REMEDIOS_RMD_ID = 2')
 4 APPPATH\Models\UsoRemediosModel.php(47): CodeIgniter\Database\BaseConnection->query('SELECT * FROMuso_remedio WHERE FK_REMEDIOS_RMD_ID = 2')
 5 APPPATH\Views\remedios\edit.php(26): App\Models\UsoRemediosModel->findAllById(2)
 6 SYSTEMPATH\View\View.php(213): include('APPPATH\\Views\\remedios\\edit.php')
 7 SYSTEMPATH\View\View.php(216): CodeIgniter\View\View->CodeIgniter\View\{closure}()
 8 SYSTEMPATH\Common.php(1137): CodeIgniter\View\View->render('/remedios/edit.php', [], true)
 9 APPPATH\Controllers\RemediosController.php(21): view('/remedios/edit.php', [...])
10 SYSTEMPATH\CodeIgniter.php(898): App\Controllers\RemediosController->editar('2')
11 SYSTEMPATH\CodeIgniter.php(457): CodeIgniter\CodeIgniter->runController(Object(App\Controllers\RemediosController))
12 SYSTEMPATH\CodeIgniter.php(340): CodeIgniter\CodeIgniter->handleRequest(null, Object(Config\Cache), false)
13 FCPATH\index.php(67): CodeIgniter\CodeIgniter->run()
14 SYSTEMPATH\Commands\Server\rewrite.php(43): require_once('FCPATH\\index.php')
