CRITICAL - 2022-08-17 01:09:35 --> The framework needs the following extension(s) installed and loaded: intl.
in SYSTEMPATH\CodeIgniter.php on line 219.
 1 SYSTEMPATH\CodeIgniter.php(219): CodeIgniter\Exceptions\FrameworkException::forMissingExtension('intl')
 2 SYSTEMPATH\CodeIgniter.php(177): CodeIgniter\CodeIgniter->resolvePlatformExtensions()
 3 ROOTPATH\spark(83): CodeIgniter\CodeIgniter->initialize()
CRITICAL - 2022-08-17 23:13:48 --> Class "App\Models\ContatosSetoriaisModel" not found
in APPPATH\Views\contatos_setoriais\list.php on line 5.
 1 SYSTEMPATH\View\View.php(213): include()
 2 SYSTEMPATH\View\View.php(216): CodeIgniter\View\View->CodeIgniter\View\{closure}()
 3 SYSTEMPATH\Common.php(1137): CodeIgniter\View\View->render('/contatos_setoriais/list.php', [], true)
 4 APPPATH\Controllers\ContatosSetoriaisController.php(10): view('/contatos_setoriais/list.php')
 5 SYSTEMPATH\CodeIgniter.php(898): App\Controllers\ContatosSetoriaisController->listagem()
 6 SYSTEMPATH\CodeIgniter.php(457): CodeIgniter\CodeIgniter->runController(Object(App\Controllers\ContatosSetoriaisController))
 7 SYSTEMPATH\CodeIgniter.php(340): CodeIgniter\CodeIgniter->handleRequest(null, Object(Config\Cache), false)
 8 FCPATH\index.php(67): CodeIgniter\CodeIgniter->run()
 9 SYSTEMPATH\Commands\Server\rewrite.php(43): require_once('FCPATH\\index.php')
CRITICAL - 2022-08-17 23:15:01 --> Class "App\Models\ContatosSetoriaisModel" not found
in APPPATH\Views\contatos_setoriais\list.php on line 5.
 1 SYSTEMPATH\View\View.php(213): include()
 2 SYSTEMPATH\View\View.php(216): CodeIgniter\View\View->CodeIgniter\View\{closure}()
 3 SYSTEMPATH\Common.php(1137): CodeIgniter\View\View->render('/contatos_setoriais/list.php', [], true)
 4 APPPATH\Controllers\ContatosSetoriaisController.php(10): view('/contatos_setoriais/list.php')
 5 SYSTEMPATH\CodeIgniter.php(898): App\Controllers\ContatosSetoriaisController->listagem()
 6 SYSTEMPATH\CodeIgniter.php(457): CodeIgniter\CodeIgniter->runController(Object(App\Controllers\ContatosSetoriaisController))
 7 SYSTEMPATH\CodeIgniter.php(340): CodeIgniter\CodeIgniter->handleRequest(null, Object(Config\Cache), false)
 8 FCPATH\index.php(67): CodeIgniter\CodeIgniter->run()
 9 SYSTEMPATH\Commands\Server\rewrite.php(43): require_once('FCPATH\\index.php')
CRITICAL - 2022-08-17 23:15:28 --> Class "App\Models\ContatosSetoriaisModel" not found
in APPPATH\Views\contatos_setoriais\list.php on line 5.
 1 SYSTEMPATH\View\View.php(213): include()
 2 SYSTEMPATH\View\View.php(216): CodeIgniter\View\View->CodeIgniter\View\{closure}()
 3 SYSTEMPATH\Common.php(1137): CodeIgniter\View\View->render('/contatos_setoriais/list.php', [], true)
 4 APPPATH\Controllers\ContatosSetoriaisController.php(10): view('/contatos_setoriais/list.php')
 5 SYSTEMPATH\CodeIgniter.php(898): App\Controllers\ContatosSetoriaisController->listagem()
 6 SYSTEMPATH\CodeIgniter.php(457): CodeIgniter\CodeIgniter->runController(Object(App\Controllers\ContatosSetoriaisController))
 7 SYSTEMPATH\CodeIgniter.php(340): CodeIgniter\CodeIgniter->handleRequest(null, Object(Config\Cache), false)
 8 FCPATH\index.php(67): CodeIgniter\CodeIgniter->run()
 9 SYSTEMPATH\Commands\Server\rewrite.php(43): require_once('FCPATH\\index.php')
CRITICAL - 2022-08-17 23:16:38 --> Class "App\Models\ContatosSetoriaisModel" not found
in APPPATH\Views\contatos_setoriais\list.php on line 5.
 1 SYSTEMPATH\View\View.php(213): include()
 2 SYSTEMPATH\View\View.php(216): CodeIgniter\View\View->CodeIgniter\View\{closure}()
 3 SYSTEMPATH\Common.php(1137): CodeIgniter\View\View->render('/contatos_setoriais/list.php', [], true)
 4 APPPATH\Controllers\ContatosSetoriaisController.php(10): view('/contatos_setoriais/list.php')
 5 SYSTEMPATH\CodeIgniter.php(898): App\Controllers\ContatosSetoriaisController->listagem()
 6 SYSTEMPATH\CodeIgniter.php(457): CodeIgniter\CodeIgniter->runController(Object(App\Controllers\ContatosSetoriaisController))
 7 SYSTEMPATH\CodeIgniter.php(340): CodeIgniter\CodeIgniter->handleRequest(null, Object(Config\Cache), false)
 8 FCPATH\index.php(67): CodeIgniter\CodeIgniter->run()
 9 SYSTEMPATH\Commands\Server\rewrite.php(43): require_once('FCPATH\\index.php')
CRITICAL - 2022-08-17 23:18:36 --> Class "App\Models\ContatosSetoriaisModel" not found
in APPPATH\Views\contatos_setoriais\list.php on line 5.
 1 SYSTEMPATH\View\View.php(213): include()
 2 SYSTEMPATH\View\View.php(216): CodeIgniter\View\View->CodeIgniter\View\{closure}()
 3 SYSTEMPATH\Common.php(1137): CodeIgniter\View\View->render('/contatos_setoriais/list.php', [], true)
 4 APPPATH\Controllers\ContatosSetoriaisController.php(10): view('/contatos_setoriais/list.php')
 5 SYSTEMPATH\CodeIgniter.php(898): App\Controllers\ContatosSetoriaisController->listagem()
 6 SYSTEMPATH\CodeIgniter.php(457): CodeIgniter\CodeIgniter->runController(Object(App\Controllers\ContatosSetoriaisController))
 7 SYSTEMPATH\CodeIgniter.php(340): CodeIgniter\CodeIgniter->handleRequest(null, Object(Config\Cache), false)
 8 FCPATH\index.php(67): CodeIgniter\CodeIgniter->run()
 9 SYSTEMPATH\Commands\Server\rewrite.php(43): require_once('FCPATH\\index.php')
CRITICAL - 2022-08-17 23:22:20 --> Class "App\Models\ContatosSetoriaisModel" not found
in APPPATH\Views\contatos_setoriais\list.php on line 5.
 1 SYSTEMPATH\View\View.php(213): include()
 2 SYSTEMPATH\View\View.php(216): CodeIgniter\View\View->CodeIgniter\View\{closure}()
 3 SYSTEMPATH\Common.php(1137): CodeIgniter\View\View->render('/contatos_setoriais/list.php', [], true)
 4 APPPATH\Controllers\ContatosSetoriaisController.php(10): view('/contatos_setoriais/list.php')
 5 SYSTEMPATH\CodeIgniter.php(898): App\Controllers\ContatosSetoriaisController->listagem()
 6 SYSTEMPATH\CodeIgniter.php(457): CodeIgniter\CodeIgniter->runController(Object(App\Controllers\ContatosSetoriaisController))
 7 SYSTEMPATH\CodeIgniter.php(340): CodeIgniter\CodeIgniter->handleRequest(null, Object(Config\Cache), false)
 8 FCPATH\index.php(67): CodeIgniter\CodeIgniter->run()
 9 SYSTEMPATH\Commands\Server\rewrite.php(43): require_once('FCPATH\\index.php')
CRITICAL - 2022-08-17 23:22:40 --> Class "App\Models\ContatosSetoriaisModel" not found
in APPPATH\Views\contatos_setoriais\list.php on line 5.
 1 SYSTEMPATH\View\View.php(213): include()
 2 SYSTEMPATH\View\View.php(216): CodeIgniter\View\View->CodeIgniter\View\{closure}()
 3 SYSTEMPATH\Common.php(1137): CodeIgniter\View\View->render('/contatos_setoriais/list.php', [], true)
 4 APPPATH\Controllers\ContatosSetoriaisController.php(10): view('/contatos_setoriais/list.php')
 5 SYSTEMPATH\CodeIgniter.php(898): App\Controllers\ContatosSetoriaisController->listagem()
 6 SYSTEMPATH\CodeIgniter.php(457): CodeIgniter\CodeIgniter->runController(Object(App\Controllers\ContatosSetoriaisController))
 7 SYSTEMPATH\CodeIgniter.php(340): CodeIgniter\CodeIgniter->handleRequest(null, Object(Config\Cache), false)
 8 FCPATH\index.php(67): CodeIgniter\CodeIgniter->run()
 9 SYSTEMPATH\Commands\Server\rewrite.php(43): require_once('FCPATH\\index.php')
CRITICAL - 2022-08-17 23:24:53 --> Class "App\Models\ContatosSetoriaisModel" not found
in APPPATH\Views\contatos_setoriais\list.php on line 5.
 1 SYSTEMPATH\View\View.php(213): include()
 2 SYSTEMPATH\View\View.php(216): CodeIgniter\View\View->CodeIgniter\View\{closure}()
 3 SYSTEMPATH\Common.php(1137): CodeIgniter\View\View->render('/contatos_setoriais/list.php', [], true)
 4 APPPATH\Controllers\ContatosSetoriaisController.php(10): view('/contatos_setoriais/list.php')
 5 SYSTEMPATH\CodeIgniter.php(898): App\Controllers\ContatosSetoriaisController->listagem()
 6 SYSTEMPATH\CodeIgniter.php(457): CodeIgniter\CodeIgniter->runController(Object(App\Controllers\ContatosSetoriaisController))
 7 SYSTEMPATH\CodeIgniter.php(340): CodeIgniter\CodeIgniter->handleRequest(null, Object(Config\Cache), false)
 8 FCPATH\index.php(67): CodeIgniter\CodeIgniter->run()
 9 SYSTEMPATH\Commands\Server\rewrite.php(43): require_once('FCPATH\\index.php')
CRITICAL - 2022-08-17 23:24:58 --> Class "App\Models\ContatosSetoriaisModel" not found
in APPPATH\Views\contatos_setoriais\list.php on line 5.
 1 SYSTEMPATH\View\View.php(213): include()
 2 SYSTEMPATH\View\View.php(216): CodeIgniter\View\View->CodeIgniter\View\{closure}()
 3 SYSTEMPATH\Common.php(1137): CodeIgniter\View\View->render('/contatos_setoriais/list.php', [], true)
 4 APPPATH\Controllers\ContatosSetoriaisController.php(10): view('/contatos_setoriais/list.php')
 5 SYSTEMPATH\CodeIgniter.php(898): App\Controllers\ContatosSetoriaisController->listagem()
 6 SYSTEMPATH\CodeIgniter.php(457): CodeIgniter\CodeIgniter->runController(Object(App\Controllers\ContatosSetoriaisController))
 7 SYSTEMPATH\CodeIgniter.php(340): CodeIgniter\CodeIgniter->handleRequest(null, Object(Config\Cache), false)
 8 FCPATH\index.php(67): CodeIgniter\CodeIgniter->run()
 9 SYSTEMPATH\Commands\Server\rewrite.php(43): require_once('FCPATH\\index.php')
CRITICAL - 2022-08-17 23:27:21 --> Class "App\Models\ContatosSetoriaisModel" not found
in APPPATH\Views\contatos_setoriais\list.php on line 5.
 1 SYSTEMPATH\View\View.php(213): include()
 2 SYSTEMPATH\View\View.php(216): CodeIgniter\View\View->CodeIgniter\View\{closure}()
 3 SYSTEMPATH\Common.php(1137): CodeIgniter\View\View->render('/contatos_setoriais/list.php', [], true)
 4 APPPATH\Controllers\ContatosSetoriaisController.php(10): view('/contatos_setoriais/list.php')
 5 SYSTEMPATH\CodeIgniter.php(898): App\Controllers\ContatosSetoriaisController->listagem()
 6 SYSTEMPATH\CodeIgniter.php(457): CodeIgniter\CodeIgniter->runController(Object(App\Controllers\ContatosSetoriaisController))
 7 SYSTEMPATH\CodeIgniter.php(340): CodeIgniter\CodeIgniter->handleRequest(null, Object(Config\Cache), false)
 8 FCPATH\index.php(67): CodeIgniter\CodeIgniter->run()
 9 SYSTEMPATH\Commands\Server\rewrite.php(43): require_once('FCPATH\\index.php')
CRITICAL - 2022-08-17 23:27:27 --> Class "App\Models\ContatosSetoriaisModel" not found
in APPPATH\Views\contatos_setoriais\list.php on line 5.
 1 SYSTEMPATH\View\View.php(213): include()
 2 SYSTEMPATH\View\View.php(216): CodeIgniter\View\View->CodeIgniter\View\{closure}()
 3 SYSTEMPATH\Common.php(1137): CodeIgniter\View\View->render('/contatos_setoriais/list.php', [], true)
 4 APPPATH\Controllers\ContatosSetoriaisController.php(10): view('/contatos_setoriais/list.php')
 5 SYSTEMPATH\CodeIgniter.php(898): App\Controllers\ContatosSetoriaisController->listagem()
 6 SYSTEMPATH\CodeIgniter.php(457): CodeIgniter\CodeIgniter->runController(Object(App\Controllers\ContatosSetoriaisController))
 7 SYSTEMPATH\CodeIgniter.php(340): CodeIgniter\CodeIgniter->handleRequest(null, Object(Config\Cache), false)
 8 FCPATH\index.php(67): CodeIgniter\CodeIgniter->run()
 9 SYSTEMPATH\Commands\Server\rewrite.php(43): require_once('FCPATH\\index.php')
CRITICAL - 2022-08-17 23:29:15 --> You must set the database table to be used with your query.
in SYSTEMPATH\Database\BaseConnection.php on line 872.
 1 SYSTEMPATH\Model.php(586): CodeIgniter\Database\BaseConnection->table(null)
 2 SYSTEMPATH\Model.php(215): CodeIgniter\Model->builder()
 3 SYSTEMPATH\BaseModel.php(584): CodeIgniter\Model->doFindAll(0, 0)
 4 APPPATH\Views\contatos_setoriais\list.php(7): CodeIgniter\BaseModel->findAll()
 5 SYSTEMPATH\View\View.php(213): include('APPPATH\\Views\\contatos_setoriais\\list.php')
 6 SYSTEMPATH\View\View.php(216): CodeIgniter\View\View->CodeIgniter\View\{closure}()
 7 SYSTEMPATH\Common.php(1137): CodeIgniter\View\View->render('/contatos_setoriais/list.php', [], true)
 8 APPPATH\Controllers\ContatosSetoriaisController.php(10): view('/contatos_setoriais/list.php')
 9 SYSTEMPATH\CodeIgniter.php(898): App\Controllers\ContatosSetoriaisController->listagem()
10 SYSTEMPATH\CodeIgniter.php(457): CodeIgniter\CodeIgniter->runController(Object(App\Controllers\ContatosSetoriaisController))
11 SYSTEMPATH\CodeIgniter.php(340): CodeIgniter\CodeIgniter->handleRequest(null, Object(Config\Cache), false)
12 FCPATH\index.php(67): CodeIgniter\CodeIgniter->run()
13 SYSTEMPATH\Commands\Server\rewrite.php(43): require_once('FCPATH\\index.php')
